******************************************************************************
                  TI ARM Linker Unix v18.1.2                   
******************************************************************************
>> Linked Thu Feb  7 01:40:32 2019

OUTPUT FILE NAME:   <VFD-Clock.out>
ENTRY POINT SYMBOL: "_c_int00_noargs"  address: 0000137d


MEMORY CONFIGURATION

         name            origin    length      used     unused   attr    fill
----------------------  --------  ---------  --------  --------  ----  --------
  MAIN                  00000000   00040000  00001484  0003eb7c  R  X
  INFO                  00200000   00004000  00000000  00004000  R  X
  SRAM_CODE             01000000   00010000  00000628  0000f9d8  RW X
  SRAM_DATA             20000000   00010000  00000628  0000f9d8  RW  


SEGMENT ALLOCATION MAP

run origin  load origin   length   init length attrs members
----------  ----------- ---------- ----------- ----- -------
00000000    00000000    00001488   00001488    r-x
  00000000    00000000    000000e4   000000e4    r-- .intvecs
  000000e8    000000e8    00001360   00001360    r-x .text
  00001448    00001448    00000040   00000040    r-- .cinit
20000000    20000000    00000428   00000000    rw-
  20000000    20000000    00000400   00000000    rw- .sysmem
  20000400    20000400    00000020   00000000    rw- .data
  20000420    20000420    00000008   00000000    rw- .bss
2000fe00    2000fe00    00000200   00000000    rw-
  2000fe00    2000fe00    00000200   00000000    rw- .stack


SECTION ALLOCATION MAP

 output                                  attributes/
section   page    origin      length       input sections
--------  ----  ----------  ----------   ----------------
.intvecs   0    00000000    000000e4     
                  00000000    000000e4     startup_msp432p401r_ccs.obj (.intvecs:retain)

.text      0    000000e8    00001360     
                  000000e8    0000043c     peripherals.obj (.text)
                  00000524    00000004     rtsv7M4_T_le_v4SPD16_eabi.lib : pre_init.c.obj (.text:_system_pre_init)
                  00000528    000003ae     system_msp432p401r.obj (.text)
                  000008d6    00000002     rtsv7M4_T_le_v4SPD16_eabi.lib : _lock.c.obj (.text:_nop)
                  000008d8    00000340     tubes.obj (.text)
                  00000c18    00000196     rtc.obj (.text)
                  00000dae    00000002     rtsv7M4_T_le_v4SPD16_eabi.lib : div0.asm.obj (.text)
                  00000db0    0000017a     circbuf.obj (.text)
                  00000f2a    00000002     --HOLE-- [fill = 0]
                  00000f2c    000000d8     rtsv7M4_T_le_v4SPD16_eabi.lib : memory.c.obj (.text:free)
                  00001004    00000004                                   : exit.c.obj (.text:abort:abort)
                  00001008    000000a8     timer.obj (.text)
                  000010b0    0000009c     rtsv7M4_T_le_v4SPD16_eabi.lib : memcpy_t2.asm.obj (.text)
                  0000114c    00000004     --HOLE-- [fill = 0]
                  00001150    0000008a     main.obj (.text)
                  000011da    00000002     --HOLE-- [fill = 0]
                  000011dc    00000078     rtsv7M4_T_le_v4SPD16_eabi.lib : memory.c.obj (.text:malloc)
                  00001254    00000068                                   : copy_decompress_lzss.c.obj (.text:decompress:lzss:__TI_decompress_lzss)
                  000012bc    00000044                                   : autoinit.c.obj (.text:__TI_auto_init_nobinit_nopinit:__TI_auto_init_nobinit_nopinit)
                  00001300    00000040                                   : u_divt2.asm.obj (.text)
                  00001340    0000003c                                   : memory.c.obj (.text:minsert)
                  0000137c    00000038                                   : boot_cortex_m.c.obj (.text:_c_int00_noargs:_c_int00_noargs)
                  000013b4    00000038                                   : memory.c.obj (.text:minit)
                  000013ec    00000028                                   : memory.c.obj (.text:mremove)
                  00001414    00000012                                   : copy_zero_init.c.obj (.text:decompress:ZI:__TI_zero_init_nomemset:__TI_zero_init_nomemset)
                  00001426    00000002     --HOLE-- [fill = 0]
                  00001428    00000012     startup_msp432p401r_ccs.obj (.text)
                  0000143a    0000000e     rtsv7M4_T_le_v4SPD16_eabi.lib : copy_decompress_none.c.obj (.text:decompress:none:__TI_decompress_none)

.cinit     0    00001448    00000040     
                  00001448    00000018     (.cinit..data.load) [load image, compression = lzss]
                  00001460    0000000c     (__TI_handler_table)
                  0000146c    00000004     --HOLE-- [fill = 0]
                  00001470    00000008     (.cinit..bss.load) [load image, compression = zero_init]
                  00001478    00000010     (__TI_cinit_table)

.init_array 
*          0    00000000    00000000     UNINITIALIZED

.binit     0    00000000    00000000     

.sysmem    0    20000000    00000400     UNINITIALIZED
                  20000000    00000008     rtsv7M4_T_le_v4SPD16_eabi.lib : memory.c.obj (.sysmem)
                  20000008    000003f8     --HOLE--

.data      0    20000400    00000020     UNINITIALIZED
                  20000400    0000000c     rtsv7M4_T_le_v4SPD16_eabi.lib : memory.c.obj (.data:$O1$$)
                  2000040c    00000008                                   : _lock.c.obj (.data:$O1$$)
                  20000414    00000005     main.obj (.data)
                  20000419    00000003     --HOLE--
                  2000041c    00000004     system_msp432p401r.obj (.data)

.bss       0    20000420    00000008     UNINITIALIZED
                  20000420    00000004     (.common:RXBuf)
                  20000424    00000004     (.common:TXBuf)

.stack     0    2000fe00    00000200     UNINITIALIZED
                  2000fe00    00000004     rtsv7M4_T_le_v4SPD16_eabi.lib : boot_cortex_m.c.obj (.stack)
                  2000fe04    000001fc     --HOLE--

MODULE SUMMARY

       Module                        code   ro data   rw data
       ------                        ----   -------   -------
    ./
       peripherals.obj               1084   0         0      
       system_msp432p401r.obj        942    0         8      
       tubes.obj                     832    0         0      
       rtc.obj                       406    0         0      
       circbuf.obj                   378    0         0      
       startup_msp432p401r_ccs.obj   18     228       0      
       timer.obj                     168    0         0      
       main.obj                      138    0         26     
    +--+-----------------------------+------+---------+---------+
       Total:                        3966   228       34     
                                                             
    /home/jack/ti/ccsv8/tools/compiler/ti-cgt-arm_18.1.2.LTS/lib/rtsv7M4_T_le_v4SPD16_eabi.lib
       memory.c.obj                  492    0         24     
       memcpy_t2.asm.obj             156    0         0      
       copy_decompress_lzss.c.obj    104    0         0      
       autoinit.c.obj                68     0         0      
       u_divt2.asm.obj               64     0         0      
       boot_cortex_m.c.obj           56     0         0      
       _lock.c.obj                   2      0         16     
       copy_zero_init.c.obj          18     0         0      
       copy_decompress_none.c.obj    14     0         0      
       exit.c.obj                    4      0         0      
       pre_init.c.obj                4      0         0      
       div0.asm.obj                  2      0         0      
    +--+-----------------------------+------+---------+---------+
       Total:                        984    0         40     
                                                             
       Heap:                         0      0         2048   
       Stack:                        0      0         1024   
       Linker Generated:             0      60        0      
    +--+-----------------------------+------+---------+---------+
       Grand Total:                  4950   288       3146   


LINKER GENERATED COPY TABLES

__TI_cinit_table @ 00001478 records: 2, size/record: 8, table size: 16
	.data: load addr=00001448, load size=00000018 bytes, run addr=20000400, run size=00000020 bytes, compression=lzss
	.bss: load addr=00001470, load size=00000008 bytes, run addr=20000420, run size=00000008 bytes, compression=zero_init


LINKER GENERATED HANDLER TABLE

__TI_handler_table @ 00001460 records: 3, size/record: 4, table size: 12
	index: 0, handler: __TI_decompress_lzss
	index: 1, handler: __TI_decompress_none
	index: 2, handler: __TI_zero_init


GLOBAL SYMBOLS: SORTED ALPHABETICALLY BY Name 

address   name                          
-------   ----                          
00001439  ADC14_IRQHandler              
00001439  AES256_IRQHandler             
00001439  BusFault_Handler              
00001005  C$$EXIT                       
00001439  COMP_E0_IRQHandler            
00001439  COMP_E1_IRQHandler            
00001439  CS_IRQHandler                 
00001439  DMA_ERR_IRQHandler            
00001439  DMA_INT0_IRQHandler           
00001439  DMA_INT1_IRQHandler           
00001439  DMA_INT2_IRQHandler           
00001439  DMA_INT3_IRQHandler           
00001439  DebugMon_Handler              
00001439  Default_Handler               
000004c1  EUSCIA0_IRQHandler            
000004c1  EUSCIA0_IRQHandler            
00001439  EUSCIA1_IRQHandler            
00001439  EUSCIA2_IRQHandler            
00001439  EUSCIA3_IRQHandler            
00001439  EUSCIB0_IRQHandler            
00001439  EUSCIB1_IRQHandler            
00001439  EUSCIB2_IRQHandler            
00001439  EUSCIB3_IRQHandler            
00001439  FLCTL_IRQHandler              
00001439  FPU_IRQHandler                
00001439  HardFault_Handler             
00001439  MemManage_Handler             
00001439  NMI_Handler                   
00001439  PCM_IRQHandler                
00001439  PORT1_IRQHandler              
00001439  PORT2_IRQHandler              
00001439  PORT3_IRQHandler              
00001439  PORT4_IRQHandler              
000003c1  PORT5_IRQHandler              
000003c1  PORT5_IRQHandler              
00001439  PORT6_IRQHandler              
00001439  PSS_IRQHandler                
00001439  PendSV_Handler                
00000c91  RTC_C_IRQHandler              
00000c91  RTC_C_IRQHandler              
20000420  RXBuf                         
00001429  Reset_Handler                 
00001439  SVC_Handler                   
00001041  SysTick_Handler               
00001041  SysTick_Handler               
2000041c  SystemCoreClock               
000005a9  SystemCoreClockUpdate         
00000529  SystemInit                    
00001439  T32_INT1_IRQHandler           
00001439  T32_INT2_IRQHandler           
00001439  T32_INTC_IRQHandler           
00001439  TA0_0_IRQHandler              
00001439  TA0_N_IRQHandler              
00001439  TA1_0_IRQHandler              
00001439  TA1_N_IRQHandler              
00001439  TA2_0_IRQHandler              
00001439  TA2_N_IRQHandler              
00001439  TA3_0_IRQHandler              
00001439  TA3_N_IRQHandler              
20000424  TXBuf                         
00001439  UsageFault_Handler            
4000480c  WDTCTL_SYM                    
00001439  WDT_A_IRQHandler              
20010000  __STACK_END                   
00000200  __STACK_SIZE                  
00000400  __SYSMEM_SIZE                 
00001478  __TI_CINIT_Base               
00001488  __TI_CINIT_Limit              
00001460  __TI_Handler_Table_Base       
0000146c  __TI_Handler_Table_Limit      
000012bd  __TI_auto_init_nobinit_nopinit
00001255  __TI_decompress_lzss          
0000143b  __TI_decompress_none          
ffffffff  __TI_pprof_out_hndl           
ffffffff  __TI_prof_data_size           
ffffffff  __TI_prof_data_start          
00000000  __TI_static_base__            
00001415  __TI_zero_init_nomemset       
00000daf  __aeabi_idiv0                 
00000daf  __aeabi_ldiv0                 
000010b1  __aeabi_memcpy                
000010b1  __aeabi_memcpy4               
000010b1  __aeabi_memcpy8               
00001301  __aeabi_uidiv                 
00001301  __aeabi_uidivmod              
ffffffff  __binit__                     
ffffffff  __c_args__                    
UNDEFED   __mpu_init                    
2000fe00  __stack                       
0000137d  _c_int00_noargs               
2000040c  _lock                         
000008d7  _nop                          
20000000  _sys_memory                   
UNDEFED   _system_post_cinit            
00000525  _system_pre_init              
20000410  _unlock                       
00001005  abort                         
00000e39  addItemCircBuf                
00000919  assignPin                     
ffffffff  binit                         
20000418  buttonCount                   
00000389  configure_SystemClock         
00000289  configure_all_pins            
00000209  configure_buttons             
00000181  configure_leds                
00000c19  configure_rtc                 
00000ba1  configure_shift_pins          
000000e9  configure_uart                
00000ef1  createCircBuf                 
000008d9  decToSevSeg                   
00000ed9  deleteCircBuf                 
00000b69  disableOutput                 
00001029  disableSystick                
20000417  doButtons                     
00000b31  enableOutput                  
00001009  enableSystick                 
00000f2d  free                          
20000414  hours                         
00000000  interruptVectors              
00000ec9  isEmpty                       
00000e21  isFullCircBuf                 
00000e69  loadToBuf                     
00001151  main                          
000011dd  malloc                        
000010b1  memcpy                        
000013b5  minit                         
20000415  minutes                       
00000951  pulseClock                    
00000de1  removeItem                    
00000db1  resetCircBuf                  
20000416  seconds                       
00000971  shiftOut                      
00000ab1  updateMinutes                 
00000a61  updateSeconds                 
000009a1  updateTime                    


GLOBAL SYMBOLS: SORTED BY Symbol Address 

address   name                          
-------   ----                          
00000000  __TI_static_base__            
00000000  interruptVectors              
000000e9  configure_uart                
00000181  configure_leds                
00000200  __STACK_SIZE                  
00000209  configure_buttons             
00000289  configure_all_pins            
00000389  configure_SystemClock         
000003c1  PORT5_IRQHandler              
000003c1  PORT5_IRQHandler              
00000400  __SYSMEM_SIZE                 
000004c1  EUSCIA0_IRQHandler            
000004c1  EUSCIA0_IRQHandler            
00000525  _system_pre_init              
00000529  SystemInit                    
000005a9  SystemCoreClockUpdate         
000008d7  _nop                          
000008d9  decToSevSeg                   
00000919  assignPin                     
00000951  pulseClock                    
00000971  shiftOut                      
000009a1  updateTime                    
00000a61  updateSeconds                 
00000ab1  updateMinutes                 
00000b31  enableOutput                  
00000b69  disableOutput                 
00000ba1  configure_shift_pins          
00000c19  configure_rtc                 
00000c91  RTC_C_IRQHandler              
00000c91  RTC_C_IRQHandler              
00000daf  __aeabi_idiv0                 
00000daf  __aeabi_ldiv0                 
00000db1  resetCircBuf                  
00000de1  removeItem                    
00000e21  isFullCircBuf                 
00000e39  addItemCircBuf                
00000e69  loadToBuf                     
00000ec9  isEmpty                       
00000ed9  deleteCircBuf                 
00000ef1  createCircBuf                 
00000f2d  free                          
00001005  C$$EXIT                       
00001005  abort                         
00001009  enableSystick                 
00001029  disableSystick                
00001041  SysTick_Handler               
00001041  SysTick_Handler               
000010b1  __aeabi_memcpy                
000010b1  __aeabi_memcpy4               
000010b1  __aeabi_memcpy8               
000010b1  memcpy                        
00001151  main                          
000011dd  malloc                        
00001255  __TI_decompress_lzss          
000012bd  __TI_auto_init_nobinit_nopinit
00001301  __aeabi_uidiv                 
00001301  __aeabi_uidivmod              
0000137d  _c_int00_noargs               
000013b5  minit                         
00001415  __TI_zero_init_nomemset       
00001429  Reset_Handler                 
00001439  ADC14_IRQHandler              
00001439  AES256_IRQHandler             
00001439  BusFault_Handler              
00001439  COMP_E0_IRQHandler            
00001439  COMP_E1_IRQHandler            
00001439  CS_IRQHandler                 
00001439  DMA_ERR_IRQHandler            
00001439  DMA_INT0_IRQHandler           
00001439  DMA_INT1_IRQHandler           
00001439  DMA_INT2_IRQHandler           
00001439  DMA_INT3_IRQHandler           
00001439  DebugMon_Handler              
00001439  Default_Handler               
00001439  EUSCIA1_IRQHandler            
00001439  EUSCIA2_IRQHandler            
00001439  EUSCIA3_IRQHandler            
00001439  EUSCIB0_IRQHandler            
00001439  EUSCIB1_IRQHandler            
00001439  EUSCIB2_IRQHandler            
00001439  EUSCIB3_IRQHandler            
00001439  FLCTL_IRQHandler              
00001439  FPU_IRQHandler                
00001439  HardFault_Handler             
00001439  MemManage_Handler             
00001439  NMI_Handler                   
00001439  PCM_IRQHandler                
00001439  PORT1_IRQHandler              
00001439  PORT2_IRQHandler              
00001439  PORT3_IRQHandler              
00001439  PORT4_IRQHandler              
00001439  PORT6_IRQHandler              
00001439  PSS_IRQHandler                
00001439  PendSV_Handler                
00001439  SVC_Handler                   
00001439  T32_INT1_IRQHandler           
00001439  T32_INT2_IRQHandler           
00001439  T32_INTC_IRQHandler           
00001439  TA0_0_IRQHandler              
00001439  TA0_N_IRQHandler              
00001439  TA1_0_IRQHandler              
00001439  TA1_N_IRQHandler              
00001439  TA2_0_IRQHandler              
00001439  TA2_N_IRQHandler              
00001439  TA3_0_IRQHandler              
00001439  TA3_N_IRQHandler              
00001439  UsageFault_Handler            
00001439  WDT_A_IRQHandler              
0000143b  __TI_decompress_none          
00001460  __TI_Handler_Table_Base       
0000146c  __TI_Handler_Table_Limit      
00001478  __TI_CINIT_Base               
00001488  __TI_CINIT_Limit              
20000000  _sys_memory                   
2000040c  _lock                         
20000410  _unlock                       
20000414  hours                         
20000415  minutes                       
20000416  seconds                       
20000417  doButtons                     
20000418  buttonCount                   
2000041c  SystemCoreClock               
20000420  RXBuf                         
20000424  TXBuf                         
2000fe00  __stack                       
20010000  __STACK_END                   
4000480c  WDTCTL_SYM                    
ffffffff  __TI_pprof_out_hndl           
ffffffff  __TI_prof_data_size           
ffffffff  __TI_prof_data_start          
ffffffff  __binit__                     
ffffffff  __c_args__                    
ffffffff  binit                         
UNDEFED   __mpu_init                    
UNDEFED   _system_post_cinit            

[135 symbols]
