******************************************************************************
                  TI ARM Linker Unix v18.1.2                   
******************************************************************************
>> Linked Sat Feb  9 15:31:54 2019

OUTPUT FILE NAME:   <VFD-Clock.out>
ENTRY POINT SYMBOL: "_c_int00_noargs"  address: 00000f45


MEMORY CONFIGURATION

         name            origin    length      used     unused   attr    fill
----------------------  --------  ---------  --------  --------  ----  --------
  MAIN                  00000000   00040000  00000fb8  0003f048  R  X
  INFO                  00200000   00004000  00000000  00004000  R  X
  SRAM_CODE             01000000   00010000  00000607  0000f9f9  RW X
  SRAM_DATA             20000000   00010000  00000607  0000f9f9  RW  


SEGMENT ALLOCATION MAP

run origin  load origin   length   init length attrs members
----------  ----------- ---------- ----------- ----- -------
00000000    00000000    00000fbc   00000fbc    r-x
  00000000    00000000    000000e4   000000e4    r-- .intvecs
  000000e8    000000e8    00000eb8   00000eb8    r-x .text
  00000fa0    00000fa0    0000001c   0000001c    r-- .cinit
20000000    20000000    00000407   00000000    rw-
  20000000    20000000    00000400   00000000    rw- .sysmem
  20000400    20000400    00000007   00000000    rw- .data
2000fe00    2000fe00    00000200   00000000    rw-
  2000fe00    2000fe00    00000200   00000000    rw- .stack


SECTION ALLOCATION MAP

 output                                  attributes/
section   page    origin      length       input sections
--------  ----  ----------  ----------   ----------------
.intvecs   0    00000000    000000e4     
                  00000000    000000e4     startup_msp432p401r_ccs.obj (.intvecs:retain)

.text      0    000000e8    00000eb8     
                  000000e8    000003ae     system_msp432p401r.obj (.text)
                  00000496    00000002     --HOLE-- [fill = 0]
                  00000498    00000340     tubes.obj (.text)
                  000007d8    0000032c     peripherals.obj (.text)
                  00000b04    00000004     rtsv7M4_T_le_v4SPD16_eabi.lib : pre_init.c.obj (.text:_system_pre_init)
                  00000b08    0000019a     rtc.obj (.text)
                  00000ca2    00000004     rtsv7M4_T_le_v4SPD16_eabi.lib : exit.c.obj (.text:abort:abort)
                  00000ca6    00000002     --HOLE-- [fill = 0]
                  00000ca8    000000e4     power_modes.obj (.text)
                  00000d8c    0000009c     rtsv7M4_T_le_v4SPD16_eabi.lib : memcpy_t2.asm.obj (.text)
                  00000e28    0000006e     main.obj (.text)
                  00000e96    00000068     rtsv7M4_T_le_v4SPD16_eabi.lib : copy_decompress_lzss.c.obj (.text:decompress:lzss:__TI_decompress_lzss)
                  00000efe    00000002     --HOLE-- [fill = 0]
                  00000f00    00000044                                   : autoinit.c.obj (.text:__TI_auto_init_nobinit_nopinit:__TI_auto_init_nobinit_nopinit)
                  00000f44    00000038                                   : boot_cortex_m.c.obj (.text:_c_int00_noargs:_c_int00_noargs)
                  00000f7c    00000004     --HOLE-- [fill = 0]
                  00000f80    00000012     startup_msp432p401r_ccs.obj (.text)
                  00000f92    0000000e     rtsv7M4_T_le_v4SPD16_eabi.lib : copy_decompress_none.c.obj (.text:decompress:none:__TI_decompress_none)

.cinit     0    00000fa0    0000001c     
                  00000fa0    0000000a     (.cinit..data.load) [load image, compression = lzss]
                  00000faa    00000002     --HOLE-- [fill = 0]
                  00000fac    00000008     (__TI_handler_table)
                  00000fb4    00000008     (__TI_cinit_table)

.init_array 
*          0    00000000    00000000     UNINITIALIZED

.binit     0    00000000    00000000     

.data      0    20000400    00000007     UNINITIALIZED
                  20000400    00000004     system_msp432p401r.obj (.data)
                  20000404    00000003     main.obj (.data)

.sysmem    0    20000000    00000400     UNINITIALIZED
                  20000000    00000008     rtsv7M4_T_le_v4SPD16_eabi.lib : memory.c.obj (.sysmem)
                  20000008    000003f8     --HOLE--

.stack     0    2000fe00    00000200     UNINITIALIZED
                  2000fe00    00000004     rtsv7M4_T_le_v4SPD16_eabi.lib : boot_cortex_m.c.obj (.stack)
                  2000fe04    000001fc     --HOLE--

MODULE SUMMARY

       Module                        code   ro data   rw data
       ------                        ----   -------   -------
    ./
       system_msp432p401r.obj        942    0         8      
       tubes.obj                     832    0         0      
       peripherals.obj               812    0         0      
       rtc.obj                       410    0         0      
       startup_msp432p401r_ccs.obj   18     228       0      
       power_modes.obj               228    0         0      
       main.obj                      110    0         6      
    +--+-----------------------------+------+---------+---------+
       Total:                        3352   228       14     
                                                             
    /home/jack/ti/ccsv8/tools/compiler/ti-cgt-arm_18.1.2.LTS/lib/rtsv7M4_T_le_v4SPD16_eabi.lib
       memcpy_t2.asm.obj             156    0         0      
       copy_decompress_lzss.c.obj    104    0         0      
       autoinit.c.obj                68     0         0      
       boot_cortex_m.c.obj           56     0         0      
       copy_decompress_none.c.obj    14     0         0      
       exit.c.obj                    4      0         0      
       pre_init.c.obj                4      0         0      
    +--+-----------------------------+------+---------+---------+
       Total:                        406    0         0      
                                                             
       Heap:                         0      0         2048   
       Stack:                        0      0         1024   
       Linker Generated:             0      26        0      
    +--+-----------------------------+------+---------+---------+
       Grand Total:                  3758   254       3086   


LINKER GENERATED COPY TABLES

__TI_cinit_table @ 00000fb4 records: 1, size/record: 8, table size: 8
	.data: load addr=00000fa0, load size=0000000a bytes, run addr=20000400, run size=00000007 bytes, compression=lzss


LINKER GENERATED HANDLER TABLE

__TI_handler_table @ 00000fac records: 2, size/record: 4, table size: 8
	index: 0, handler: __TI_decompress_lzss
	index: 1, handler: __TI_decompress_none


GLOBAL SYMBOLS: SORTED ALPHABETICALLY BY Name 

address   name                          
-------   ----                          
00000f91  ADC14_IRQHandler              
00000f91  AES256_IRQHandler             
00000f91  BusFault_Handler              
00000ca3  C$$EXIT                       
00000f91  COMP_E0_IRQHandler            
00000f91  COMP_E1_IRQHandler            
00000f91  CS_IRQHandler                 
00000f91  DMA_ERR_IRQHandler            
00000f91  DMA_INT0_IRQHandler           
00000f91  DMA_INT1_IRQHandler           
00000f91  DMA_INT2_IRQHandler           
00000f91  DMA_INT3_IRQHandler           
00000f91  DebugMon_Handler              
00000f91  Default_Handler               
00000f91  EUSCIA0_IRQHandler            
00000f91  EUSCIA1_IRQHandler            
00000f91  EUSCIA2_IRQHandler            
00000f91  EUSCIA3_IRQHandler            
00000f91  EUSCIB0_IRQHandler            
00000f91  EUSCIB1_IRQHandler            
00000f91  EUSCIB2_IRQHandler            
00000f91  EUSCIB3_IRQHandler            
00000f91  FLCTL_IRQHandler              
00000f91  FPU_IRQHandler                
00000f91  HardFault_Handler             
00000f91  MemManage_Handler             
00000f91  NMI_Handler                   
00000f91  PCM_IRQHandler                
00000ad9  PORT1_IRQHandler              
00000ad9  PORT1_IRQHandler              
00000f91  PORT2_IRQHandler              
00000f91  PORT3_IRQHandler              
00000f91  PORT4_IRQHandler              
00000f91  PORT5_IRQHandler              
00000f91  PORT6_IRQHandler              
00000f91  PSS_IRQHandler                
00000f91  PendSV_Handler                
00000b81  RTC_C_IRQHandler              
00000b81  RTC_C_IRQHandler              
00000f81  Reset_Handler                 
00000f91  SVC_Handler                   
00000f91  SysTick_Handler               
20000400  SystemCoreClock               
00000169  SystemCoreClockUpdate         
000000e9  SystemInit                    
00000f91  T32_INT1_IRQHandler           
00000f91  T32_INT2_IRQHandler           
00000f91  T32_INTC_IRQHandler           
00000f91  TA0_0_IRQHandler              
00000f91  TA0_N_IRQHandler              
00000f91  TA1_0_IRQHandler              
00000f91  TA1_N_IRQHandler              
00000f91  TA2_0_IRQHandler              
00000f91  TA2_N_IRQHandler              
00000f91  TA3_0_IRQHandler              
00000f91  TA3_N_IRQHandler              
00000f91  UsageFault_Handler            
4000480c  WDTCTL_SYM                    
00000f91  WDT_A_IRQHandler              
20010000  __STACK_END                   
00000200  __STACK_SIZE                  
00000400  __SYSMEM_SIZE                 
00000fb4  __TI_CINIT_Base               
00000fbc  __TI_CINIT_Limit              
00000fac  __TI_Handler_Table_Base       
00000fb4  __TI_Handler_Table_Limit      
00000f01  __TI_auto_init_nobinit_nopinit
00000e97  __TI_decompress_lzss          
00000f93  __TI_decompress_none          
ffffffff  __TI_pprof_out_hndl           
ffffffff  __TI_prof_data_size           
ffffffff  __TI_prof_data_start          
00000000  __TI_static_base__            
00000d8d  __aeabi_memcpy                
00000d8d  __aeabi_memcpy4               
00000d8d  __aeabi_memcpy8               
ffffffff  __binit__                     
ffffffff  __c_args__                    
UNDEFED   __mpu_init                    
2000fe00  __stack                       
00000f45  _c_int00_noargs               
20000000  _sys_memory                   
UNDEFED   _system_post_cinit            
00000b05  _system_pre_init              
00000ca3  abort                         
000004d9  assignPin                     
ffffffff  binit                         
00000a91  configure_SystemClock         
00000991  configure_all_pins            
000008f9  configure_buttons             
00000871  configure_leds                
00000d49  configure_low_power_modes     
00000b09  configure_rtc                 
00000761  configure_shift_pins          
000007d9  configure_uart                
00000499  decToSevSeg                   
00000729  disableOutput                 
000006f1  enableOutput                  
00000cd1  enable_low_power_mode         
20000404  hours                         
00000000  interruptVectors              
00000e29  main                          
00000d8d  memcpy                        
20000405  minutes                       
00000511  pulseClock                    
20000406  seconds                       
00000531  shiftOut                      
00000671  updateMinutes                 
00000621  updateSeconds                 
00000561  updateTime                    
00000ca9  wake_up_mode                  


GLOBAL SYMBOLS: SORTED BY Symbol Address 

address   name                          
-------   ----                          
00000000  __TI_static_base__            
00000000  interruptVectors              
000000e9  SystemInit                    
00000169  SystemCoreClockUpdate         
00000200  __STACK_SIZE                  
00000400  __SYSMEM_SIZE                 
00000499  decToSevSeg                   
000004d9  assignPin                     
00000511  pulseClock                    
00000531  shiftOut                      
00000561  updateTime                    
00000621  updateSeconds                 
00000671  updateMinutes                 
000006f1  enableOutput                  
00000729  disableOutput                 
00000761  configure_shift_pins          
000007d9  configure_uart                
00000871  configure_leds                
000008f9  configure_buttons             
00000991  configure_all_pins            
00000a91  configure_SystemClock         
00000ad9  PORT1_IRQHandler              
00000ad9  PORT1_IRQHandler              
00000b05  _system_pre_init              
00000b09  configure_rtc                 
00000b81  RTC_C_IRQHandler              
00000b81  RTC_C_IRQHandler              
00000ca3  C$$EXIT                       
00000ca3  abort                         
00000ca9  wake_up_mode                  
00000cd1  enable_low_power_mode         
00000d49  configure_low_power_modes     
00000d8d  __aeabi_memcpy                
00000d8d  __aeabi_memcpy4               
00000d8d  __aeabi_memcpy8               
00000d8d  memcpy                        
00000e29  main                          
00000e97  __TI_decompress_lzss          
00000f01  __TI_auto_init_nobinit_nopinit
00000f45  _c_int00_noargs               
00000f81  Reset_Handler                 
00000f91  ADC14_IRQHandler              
00000f91  AES256_IRQHandler             
00000f91  BusFault_Handler              
00000f91  COMP_E0_IRQHandler            
00000f91  COMP_E1_IRQHandler            
00000f91  CS_IRQHandler                 
00000f91  DMA_ERR_IRQHandler            
00000f91  DMA_INT0_IRQHandler           
00000f91  DMA_INT1_IRQHandler           
00000f91  DMA_INT2_IRQHandler           
00000f91  DMA_INT3_IRQHandler           
00000f91  DebugMon_Handler              
00000f91  Default_Handler               
00000f91  EUSCIA0_IRQHandler            
00000f91  EUSCIA1_IRQHandler            
00000f91  EUSCIA2_IRQHandler            
00000f91  EUSCIA3_IRQHandler            
00000f91  EUSCIB0_IRQHandler            
00000f91  EUSCIB1_IRQHandler            
00000f91  EUSCIB2_IRQHandler            
00000f91  EUSCIB3_IRQHandler            
00000f91  FLCTL_IRQHandler              
00000f91  FPU_IRQHandler                
00000f91  HardFault_Handler             
00000f91  MemManage_Handler             
00000f91  NMI_Handler                   
00000f91  PCM_IRQHandler                
00000f91  PORT2_IRQHandler              
00000f91  PORT3_IRQHandler              
00000f91  PORT4_IRQHandler              
00000f91  PORT5_IRQHandler              
00000f91  PORT6_IRQHandler              
00000f91  PSS_IRQHandler                
00000f91  PendSV_Handler                
00000f91  SVC_Handler                   
00000f91  SysTick_Handler               
00000f91  T32_INT1_IRQHandler           
00000f91  T32_INT2_IRQHandler           
00000f91  T32_INTC_IRQHandler           
00000f91  TA0_0_IRQHandler              
00000f91  TA0_N_IRQHandler              
00000f91  TA1_0_IRQHandler              
00000f91  TA1_N_IRQHandler              
00000f91  TA2_0_IRQHandler              
00000f91  TA2_N_IRQHandler              
00000f91  TA3_0_IRQHandler              
00000f91  TA3_N_IRQHandler              
00000f91  UsageFault_Handler            
00000f91  WDT_A_IRQHandler              
00000f93  __TI_decompress_none          
00000fac  __TI_Handler_Table_Base       
00000fb4  __TI_CINIT_Base               
00000fb4  __TI_Handler_Table_Limit      
00000fbc  __TI_CINIT_Limit              
20000000  _sys_memory                   
20000400  SystemCoreClock               
20000404  hours                         
20000405  minutes                       
20000406  seconds                       
2000fe00  __stack                       
20010000  __STACK_END                   
4000480c  WDTCTL_SYM                    
ffffffff  __TI_pprof_out_hndl           
ffffffff  __TI_prof_data_size           
ffffffff  __TI_prof_data_start          
ffffffff  __binit__                     
ffffffff  __c_args__                    
ffffffff  binit                         
UNDEFED   __mpu_init                    
UNDEFED   _system_post_cinit            

[111 symbols]
