******************************************************************************
                  TI ARM Linker Unix v18.1.2                   
******************************************************************************
>> Linked Tue Feb 12 21:19:43 2019

OUTPUT FILE NAME:   <VFD-Clock.out>
ENTRY POINT SYMBOL: "_c_int00_noargs"  address: 00001555


MEMORY CONFIGURATION

         name            origin    length      used     unused   attr    fill
----------------------  --------  ---------  --------  --------  ----  --------
  MAIN                  00000000   00040000  00001664  0003e99c  R  X
  INFO                  00200000   00004000  00000000  00004000  R  X
  SRAM_CODE             01000000   00010000  0000062c  0000f9d4  RW X
  SRAM_DATA             20000000   00010000  0000062c  0000f9d4  RW  


SEGMENT ALLOCATION MAP

run origin  load origin   length   init length attrs members
----------  ----------- ---------- ----------- ----- -------
00000000    00000000    00001668   00001668    r-x
  00000000    00000000    000000e4   000000e4    r-- .intvecs
  000000e8    000000e8    00001538   00001538    r-x .text
  00001620    00001620    00000048   00000048    r-- .cinit
20000000    20000000    0000042c   00000000    rw-
  20000000    20000000    00000400   00000000    rw- .sysmem
  20000400    20000400    00000024   00000000    rw- .data
  20000424    20000424    00000008   00000000    rw- .bss
2000fe00    2000fe00    00000200   00000000    rw-
  2000fe00    2000fe00    00000200   00000000    rw- .stack


SECTION ALLOCATION MAP

 output                                  attributes/
section   page    origin      length       input sections
--------  ----  ----------  ----------   ----------------
.intvecs   0    00000000    000000e4     
                  00000000    000000e4     startup_msp432p401r_ccs.obj (.intvecs:retain)

.text      0    000000e8    00001538     
                  000000e8    0000043c     peripherals.obj (.text)
                  00000524    00000004     rtsv7M4_T_le_v4SPD16_eabi.lib : pre_init.c.obj (.text:_system_pre_init)
                  00000528    00000418     tubes.obj (.text)
                  00000940    000003ae     system_msp432p401r.obj (.text)
                  00000cee    00000002     rtsv7M4_T_le_v4SPD16_eabi.lib : _lock.c.obj (.text:_nop)
                  00000cf0    00000196     rtc.obj (.text)
                  00000e86    00000002     rtsv7M4_T_le_v4SPD16_eabi.lib : div0.asm.obj (.text)
                  00000e88    00000190     main.obj (.text)
                  00001018    0000017a     circbuf.obj (.text)
                  00001192    00000002     --HOLE-- [fill = 0]
                  00001194    000000d8     rtsv7M4_T_le_v4SPD16_eabi.lib : memory.c.obj (.text:free)
                  0000126c    00000004                                   : exit.c.obj (.text:abort:abort)
                  00001270    000000a8     timer.obj (.text)
                  00001318    0000009c     rtsv7M4_T_le_v4SPD16_eabi.lib : memcpy_t2.asm.obj (.text)
                  000013b4    00000078                                   : memory.c.obj (.text:malloc)
                  0000142c    00000068                                   : copy_decompress_lzss.c.obj (.text:decompress:lzss:__TI_decompress_lzss)
                  00001494    00000044                                   : autoinit.c.obj (.text:__TI_auto_init_nobinit_nopinit:__TI_auto_init_nobinit_nopinit)
                  000014d8    00000040                                   : u_divt2.asm.obj (.text)
                  00001518    0000003c                                   : memory.c.obj (.text:minsert)
                  00001554    00000038                                   : boot_cortex_m.c.obj (.text:_c_int00_noargs:_c_int00_noargs)
                  0000158c    00000038                                   : memory.c.obj (.text:minit)
                  000015c4    00000028                                   : memory.c.obj (.text:mremove)
                  000015ec    00000012                                   : copy_zero_init.c.obj (.text:decompress:ZI:__TI_zero_init_nomemset:__TI_zero_init_nomemset)
                  000015fe    00000002     --HOLE-- [fill = 0]
                  00001600    00000012     startup_msp432p401r_ccs.obj (.text)
                  00001612    0000000e     rtsv7M4_T_le_v4SPD16_eabi.lib : copy_decompress_none.c.obj (.text:decompress:none:__TI_decompress_none)

.cinit     0    00001620    00000048     
                  00001620    0000001d     (.cinit..data.load) [load image, compression = lzss]
                  0000163d    00000003     --HOLE-- [fill = 0]
                  00001640    0000000c     (__TI_handler_table)
                  0000164c    00000004     --HOLE-- [fill = 0]
                  00001650    00000008     (.cinit..bss.load) [load image, compression = zero_init]
                  00001658    00000010     (__TI_cinit_table)

.init_array 
*          0    00000000    00000000     UNINITIALIZED

.binit     0    00000000    00000000     

.sysmem    0    20000000    00000400     UNINITIALIZED
                  20000000    00000008     rtsv7M4_T_le_v4SPD16_eabi.lib : memory.c.obj (.sysmem)
                  20000008    000003f8     --HOLE--

.data      0    20000400    00000024     UNINITIALIZED
                  20000400    0000000c     rtsv7M4_T_le_v4SPD16_eabi.lib : memory.c.obj (.data:$O1$$)
                  2000040c    0000000a     main.obj (.data)
                  20000416    00000002     --HOLE--
                  20000418    00000008     rtsv7M4_T_le_v4SPD16_eabi.lib : _lock.c.obj (.data:$O1$$)
                  20000420    00000004     system_msp432p401r.obj (.data)

.bss       0    20000424    00000008     UNINITIALIZED
                  20000424    00000004     (.common:RXBuf)
                  20000428    00000004     (.common:TXBuf)

.stack     0    2000fe00    00000200     UNINITIALIZED
                  2000fe00    00000004     rtsv7M4_T_le_v4SPD16_eabi.lib : boot_cortex_m.c.obj (.stack)
                  2000fe04    000001fc     --HOLE--

MODULE SUMMARY

       Module                        code   ro data   rw data
       ------                        ----   -------   -------
    ./
       peripherals.obj               1084   0         0      
       tubes.obj                     1048   0         0      
       system_msp432p401r.obj        942    0         8      
       main.obj                      400    0         36     
       rtc.obj                       406    0         0      
       circbuf.obj                   378    0         0      
       startup_msp432p401r_ccs.obj   18     228       0      
       timer.obj                     168    0         0      
    +--+-----------------------------+------+---------+---------+
       Total:                        4444   228       44     
                                                             
    /home/jack/ti/ccsv8/tools/compiler/ti-cgt-arm_18.1.2.LTS/lib/rtsv7M4_T_le_v4SPD16_eabi.lib
       memory.c.obj                  492    0         24     
       memcpy_t2.asm.obj             156    0         0      
       copy_decompress_lzss.c.obj    104    0         0      
       autoinit.c.obj                68     0         0      
       u_divt2.asm.obj               64     0         0      
       boot_cortex_m.c.obj           56     0         0      
       _lock.c.obj                   2      0         16     
       copy_zero_init.c.obj          18     0         0      
       copy_decompress_none.c.obj    14     0         0      
       exit.c.obj                    4      0         0      
       pre_init.c.obj                4      0         0      
       div0.asm.obj                  2      0         0      
    +--+-----------------------------+------+---------+---------+
       Total:                        984    0         40     
                                                             
       Heap:                         0      0         2048   
       Stack:                        0      0         1024   
       Linker Generated:             0      65        0      
    +--+-----------------------------+------+---------+---------+
       Grand Total:                  5428   293       3156   


LINKER GENERATED COPY TABLES

__TI_cinit_table @ 00001658 records: 2, size/record: 8, table size: 16
	.data: load addr=00001620, load size=0000001d bytes, run addr=20000400, run size=00000024 bytes, compression=lzss
	.bss: load addr=00001650, load size=00000008 bytes, run addr=20000424, run size=00000008 bytes, compression=zero_init


LINKER GENERATED HANDLER TABLE

__TI_handler_table @ 00001640 records: 3, size/record: 4, table size: 12
	index: 0, handler: __TI_decompress_lzss
	index: 1, handler: __TI_decompress_none
	index: 2, handler: __TI_zero_init


GLOBAL SYMBOLS: SORTED ALPHABETICALLY BY Name 

address   name                          
-------   ----                          
00001611  ADC14_IRQHandler              
00001611  AES256_IRQHandler             
00001611  BusFault_Handler              
0000126d  C$$EXIT                       
00001611  COMP_E0_IRQHandler            
00001611  COMP_E1_IRQHandler            
00001611  CS_IRQHandler                 
00001611  DMA_ERR_IRQHandler            
00001611  DMA_INT0_IRQHandler           
00001611  DMA_INT1_IRQHandler           
00001611  DMA_INT2_IRQHandler           
00001611  DMA_INT3_IRQHandler           
00001611  DebugMon_Handler              
00001611  Default_Handler               
000004c1  EUSCIA0_IRQHandler            
000004c1  EUSCIA0_IRQHandler            
00001611  EUSCIA1_IRQHandler            
00001611  EUSCIA2_IRQHandler            
00001611  EUSCIA3_IRQHandler            
00001611  EUSCIB0_IRQHandler            
00001611  EUSCIB1_IRQHandler            
00001611  EUSCIB2_IRQHandler            
00001611  EUSCIB3_IRQHandler            
00001611  FLCTL_IRQHandler              
00001611  FPU_IRQHandler                
00001611  HardFault_Handler             
00001611  MemManage_Handler             
00001611  NMI_Handler                   
00001611  PCM_IRQHandler                
00001611  PORT1_IRQHandler              
00001611  PORT2_IRQHandler              
00001611  PORT3_IRQHandler              
00001611  PORT4_IRQHandler              
000003c1  PORT5_IRQHandler              
000003c1  PORT5_IRQHandler              
00001611  PORT6_IRQHandler              
00001611  PSS_IRQHandler                
00001611  PendSV_Handler                
00000d69  RTC_C_IRQHandler              
00000d69  RTC_C_IRQHandler              
20000424  RXBuf                         
00001601  Reset_Handler                 
00001611  SVC_Handler                   
000012a9  SysTick_Handler               
000012a9  SysTick_Handler               
20000420  SystemCoreClock               
000009c1  SystemCoreClockUpdate         
00000941  SystemInit                    
00001611  T32_INT1_IRQHandler           
00001611  T32_INT2_IRQHandler           
00001611  T32_INTC_IRQHandler           
00001611  TA0_0_IRQHandler              
00001611  TA0_N_IRQHandler              
00001611  TA1_0_IRQHandler              
00001611  TA1_N_IRQHandler              
00001611  TA2_0_IRQHandler              
00001611  TA2_N_IRQHandler              
00001611  TA3_0_IRQHandler              
00001611  TA3_N_IRQHandler              
20000428  TXBuf                         
00001611  UsageFault_Handler            
4000480c  WDTCTL_SYM                    
00001611  WDT_A_IRQHandler              
20010000  __STACK_END                   
00000200  __STACK_SIZE                  
00000400  __SYSMEM_SIZE                 
00001658  __TI_CINIT_Base               
00001668  __TI_CINIT_Limit              
00001640  __TI_Handler_Table_Base       
0000164c  __TI_Handler_Table_Limit      
00001495  __TI_auto_init_nobinit_nopinit
0000142d  __TI_decompress_lzss          
00001613  __TI_decompress_none          
ffffffff  __TI_pprof_out_hndl           
ffffffff  __TI_prof_data_size           
ffffffff  __TI_prof_data_start          
00000000  __TI_static_base__            
000015ed  __TI_zero_init_nomemset       
00000e87  __aeabi_idiv0                 
00000e87  __aeabi_ldiv0                 
00001319  __aeabi_memcpy                
00001319  __aeabi_memcpy4               
00001319  __aeabi_memcpy8               
000014d9  __aeabi_uidiv                 
000014d9  __aeabi_uidivmod              
ffffffff  __binit__                     
ffffffff  __c_args__                    
UNDEFED   __mpu_init                    
2000fe00  __stack                       
00001555  _c_int00_noargs               
20000418  _lock                         
00000cef  _nop                          
20000000  _sys_memory                   
UNDEFED   _system_post_cinit            
00000525  _system_pre_init              
2000041c  _unlock                       
0000126d  abort                         
000010a1  addItemCircBuf                
00000569  assign_pin                    
ffffffff  binit                         
20000410  buttonCount                   
00000389  configure_SystemClock         
00000289  configure_all_pins            
00000209  configure_buttons             
00000181  configure_leds                
00000cf1  configure_rtc                 
00000889  configure_shift_pins          
000000e9  configure_uart                
00001159  createCircBuf                 
00000529  dec_to_sev_seg                
00001141  deleteCircBuf                 
20000415  direction                     
00001291  disableSystick                
00000851  disable_output                
2000040f  doButtons                     
00001271  enableSystick                 
00000819  enable_output                 
00001195  free                          
2000040c  hours                         
00000000  interruptVectors              
00001131  isEmpty                       
00001089  isFullCircBuf                 
000010d1  loadToBuf                     
00000e89  main                          
000013b5  malloc                        
00001319  memcpy                        
0000158d  minit                         
2000040d  minutes                       
20000411  pattern_A                     
20000412  pattern_B                     
20000413  pattern_C                     
20000414  pattern_select                
00000599  pulse_clock                   
00001049  removeItem                    
00001019  resetCircBuf                  
2000040e  seconds                       
000005d1  shift_out                     
00000799  update_minutes                
00000749  update_seconds                
000006d1  update_temperature            
00000611  update_time                   


GLOBAL SYMBOLS: SORTED BY Symbol Address 

address   name                          
-------   ----                          
00000000  __TI_static_base__            
00000000  interruptVectors              
000000e9  configure_uart                
00000181  configure_leds                
00000200  __STACK_SIZE                  
00000209  configure_buttons             
00000289  configure_all_pins            
00000389  configure_SystemClock         
000003c1  PORT5_IRQHandler              
000003c1  PORT5_IRQHandler              
00000400  __SYSMEM_SIZE                 
000004c1  EUSCIA0_IRQHandler            
000004c1  EUSCIA0_IRQHandler            
00000525  _system_pre_init              
00000529  dec_to_sev_seg                
00000569  assign_pin                    
00000599  pulse_clock                   
000005d1  shift_out                     
00000611  update_time                   
000006d1  update_temperature            
00000749  update_seconds                
00000799  update_minutes                
00000819  enable_output                 
00000851  disable_output                
00000889  configure_shift_pins          
00000941  SystemInit                    
000009c1  SystemCoreClockUpdate         
00000cef  _nop                          
00000cf1  configure_rtc                 
00000d69  RTC_C_IRQHandler              
00000d69  RTC_C_IRQHandler              
00000e87  __aeabi_idiv0                 
00000e87  __aeabi_ldiv0                 
00000e89  main                          
00001019  resetCircBuf                  
00001049  removeItem                    
00001089  isFullCircBuf                 
000010a1  addItemCircBuf                
000010d1  loadToBuf                     
00001131  isEmpty                       
00001141  deleteCircBuf                 
00001159  createCircBuf                 
00001195  free                          
0000126d  C$$EXIT                       
0000126d  abort                         
00001271  enableSystick                 
00001291  disableSystick                
000012a9  SysTick_Handler               
000012a9  SysTick_Handler               
00001319  __aeabi_memcpy                
00001319  __aeabi_memcpy4               
00001319  __aeabi_memcpy8               
00001319  memcpy                        
000013b5  malloc                        
0000142d  __TI_decompress_lzss          
00001495  __TI_auto_init_nobinit_nopinit
000014d9  __aeabi_uidiv                 
000014d9  __aeabi_uidivmod              
00001555  _c_int00_noargs               
0000158d  minit                         
000015ed  __TI_zero_init_nomemset       
00001601  Reset_Handler                 
00001611  ADC14_IRQHandler              
00001611  AES256_IRQHandler             
00001611  BusFault_Handler              
00001611  COMP_E0_IRQHandler            
00001611  COMP_E1_IRQHandler            
00001611  CS_IRQHandler                 
00001611  DMA_ERR_IRQHandler            
00001611  DMA_INT0_IRQHandler           
00001611  DMA_INT1_IRQHandler           
00001611  DMA_INT2_IRQHandler           
00001611  DMA_INT3_IRQHandler           
00001611  DebugMon_Handler              
00001611  Default_Handler               
00001611  EUSCIA1_IRQHandler            
00001611  EUSCIA2_IRQHandler            
00001611  EUSCIA3_IRQHandler            
00001611  EUSCIB0_IRQHandler            
00001611  EUSCIB1_IRQHandler            
00001611  EUSCIB2_IRQHandler            
00001611  EUSCIB3_IRQHandler            
00001611  FLCTL_IRQHandler              
00001611  FPU_IRQHandler                
00001611  HardFault_Handler             
00001611  MemManage_Handler             
00001611  NMI_Handler                   
00001611  PCM_IRQHandler                
00001611  PORT1_IRQHandler              
00001611  PORT2_IRQHandler              
00001611  PORT3_IRQHandler              
00001611  PORT4_IRQHandler              
00001611  PORT6_IRQHandler              
00001611  PSS_IRQHandler                
00001611  PendSV_Handler                
00001611  SVC_Handler                   
00001611  T32_INT1_IRQHandler           
00001611  T32_INT2_IRQHandler           
00001611  T32_INTC_IRQHandler           
00001611  TA0_0_IRQHandler              
00001611  TA0_N_IRQHandler              
00001611  TA1_0_IRQHandler              
00001611  TA1_N_IRQHandler              
00001611  TA2_0_IRQHandler              
00001611  TA2_N_IRQHandler              
00001611  TA3_0_IRQHandler              
00001611  TA3_N_IRQHandler              
00001611  UsageFault_Handler            
00001611  WDT_A_IRQHandler              
00001613  __TI_decompress_none          
00001640  __TI_Handler_Table_Base       
0000164c  __TI_Handler_Table_Limit      
00001658  __TI_CINIT_Base               
00001668  __TI_CINIT_Limit              
20000000  _sys_memory                   
2000040c  hours                         
2000040d  minutes                       
2000040e  seconds                       
2000040f  doButtons                     
20000410  buttonCount                   
20000411  pattern_A                     
20000412  pattern_B                     
20000413  pattern_C                     
20000414  pattern_select                
20000415  direction                     
20000418  _lock                         
2000041c  _unlock                       
20000420  SystemCoreClock               
20000424  RXBuf                         
20000428  TXBuf                         
2000fe00  __stack                       
20010000  __STACK_END                   
4000480c  WDTCTL_SYM                    
ffffffff  __TI_pprof_out_hndl           
ffffffff  __TI_prof_data_size           
ffffffff  __TI_prof_data_start          
ffffffff  __binit__                     
ffffffff  __c_args__                    
ffffffff  binit                         
UNDEFED   __mpu_init                    
UNDEFED   _system_post_cinit            

[141 symbols]
