******************************************************************************
                  TI ARM Linker Unix v18.1.2                   
******************************************************************************
>> Linked Wed Feb 27 02:00:59 2019

OUTPUT FILE NAME:   <VFD-Clock.out>
ENTRY POINT SYMBOL: "_c_int00_noargs"  address: 00001a71


MEMORY CONFIGURATION

         name            origin    length      used     unused   attr    fill
----------------------  --------  ---------  --------  --------  ----  --------
  MAIN                  00000000   00040000  00001b7c  0003e484  R  X
  INFO                  00200000   00004000  00000000  00004000  R  X
  SRAM_CODE             01000000   00010000  0000062e  0000f9d2  RW X
  SRAM_DATA             20000000   00010000  0000062e  0000f9d2  RW  


SEGMENT ALLOCATION MAP

run origin  load origin   length   init length attrs members
----------  ----------- ---------- ----------- ----- -------
00000000    00000000    00001b80   00001b80    r-x
  00000000    00000000    000000e4   000000e4    r-- .intvecs
  000000e8    000000e8    00001a58   00001a58    r-x .text
  00001b40    00001b40    00000040   00000040    r-- .cinit
20000000    20000000    0000042e   00000000    rw-
  20000000    20000000    00000400   00000000    rw- .sysmem
  20000400    20000400    00000024   00000000    rw- .data
  20000424    20000424    0000000a   00000000    rw- .bss
2000fe00    2000fe00    00000200   00000000    rw-
  2000fe00    2000fe00    00000200   00000000    rw- .stack


SECTION ALLOCATION MAP

 output                                  attributes/
section   page    origin      length       input sections
--------  ----  ----------  ----------   ----------------
.intvecs   0    00000000    000000e4     
                  00000000    000000e4     startup_msp432p401r_ccs.obj (.intvecs:retain)

.text      0    000000e8    00001a58     
                  000000e8    000005ba     peripherals.obj (.text)
                  000006a2    00000004     rtsv7M4_T_le_v4SPD16_eabi.lib : pre_init.c.obj (.text:_system_pre_init)
                  000006a6    00000002                                   : _lock.c.obj (.text:_nop)
                  000006a8    00000418     tubes.obj (.text)
                  00000ac0    000003ae     system_msp432p401r.obj (.text)
                  00000e6e    00000002     rtsv7M4_T_le_v4SPD16_eabi.lib : div0.asm.obj (.text)
                  00000e70    00000246     i2c.obj (.text)
                  000010b6    00000002     --HOLE-- [fill = 0]
                  000010b8    0000019a     rtc.obj (.text)
                  00001252    00000004     rtsv7M4_T_le_v4SPD16_eabi.lib : exit.c.obj (.text:abort:abort)
                  00001256    00000002     --HOLE-- [fill = 0]
                  00001258    00000182     circbuf.obj (.text)
                  000013da    00000006     --HOLE-- [fill = 0]
                  000013e0    00000176     timer.obj (.text)
                  00001556    00000002     --HOLE-- [fill = 0]
                  00001558    00000152     main.obj (.text)
                  000016aa    00000002     --HOLE-- [fill = 0]
                  000016ac    000000d8     rtsv7M4_T_le_v4SPD16_eabi.lib : memory.c.obj (.text:free)
                  00001784    00000004     --HOLE-- [fill = 0]
                  00001788    000000ac     power_modes.obj (.text)
                  00001834    0000009c     rtsv7M4_T_le_v4SPD16_eabi.lib : memcpy_t2.asm.obj (.text)
                  000018d0    00000078                                   : memory.c.obj (.text:malloc)
                  00001948    00000068                                   : copy_decompress_lzss.c.obj (.text:decompress:lzss:__TI_decompress_lzss)
                  000019b0    00000044                                   : autoinit.c.obj (.text:__TI_auto_init_nobinit_nopinit:__TI_auto_init_nobinit_nopinit)
                  000019f4    00000040                                   : u_divt2.asm.obj (.text)
                  00001a34    0000003c                                   : memory.c.obj (.text:minsert)
                  00001a70    00000038                                   : boot_cortex_m.c.obj (.text:_c_int00_noargs:_c_int00_noargs)
                  00001aa8    00000038                                   : memory.c.obj (.text:minit)
                  00001ae0    00000028                                   : memory.c.obj (.text:mremove)
                  00001b08    00000012                                   : copy_zero_init.c.obj (.text:decompress:ZI:__TI_zero_init_nomemset:__TI_zero_init_nomemset)
                  00001b1a    00000006     --HOLE-- [fill = 0]
                  00001b20    00000012     startup_msp432p401r_ccs.obj (.text)
                  00001b32    0000000e     rtsv7M4_T_le_v4SPD16_eabi.lib : copy_decompress_none.c.obj (.text:decompress:none:__TI_decompress_none)

.cinit     0    00001b40    00000040     
                  00001b40    0000001c     (.cinit..data.load) [load image, compression = lzss]
                  00001b5c    0000000c     (__TI_handler_table)
                  00001b68    00000008     (.cinit..bss.load) [load image, compression = zero_init]
                  00001b70    00000010     (__TI_cinit_table)

.init_array 
*          0    00000000    00000000     UNINITIALIZED

.binit     0    00000000    00000000     

.sysmem    0    20000000    00000400     UNINITIALIZED
                  20000000    00000008     rtsv7M4_T_le_v4SPD16_eabi.lib : memory.c.obj (.sysmem)
                  20000008    000003f8     --HOLE--

.data      0    20000400    00000024     UNINITIALIZED
                  20000400    0000000c     rtsv7M4_T_le_v4SPD16_eabi.lib : memory.c.obj (.data:$O1$$)
                  2000040c    0000000a     main.obj (.data)
                  20000416    00000001     i2c.obj (.data)
                  20000417    00000001     --HOLE--
                  20000418    00000008     rtsv7M4_T_le_v4SPD16_eabi.lib : _lock.c.obj (.data:$O1$$)
                  20000420    00000004     system_msp432p401r.obj (.data)

.bss       0    20000424    0000000a     UNINITIALIZED
                  20000424    00000004     (.common:RXBuf)
                  20000428    00000004     (.common:TXBuf)
                  2000042c    00000001     (.common:temperature)
                  2000042d    00000001     (.common:update_request)

.stack     0    2000fe00    00000200     UNINITIALIZED
                  2000fe00    00000004     rtsv7M4_T_le_v4SPD16_eabi.lib : boot_cortex_m.c.obj (.stack)
                  2000fe04    000001fc     --HOLE--

MODULE SUMMARY

       Module                        code   ro data   rw data
       ------                        ----   -------   -------
    ./
       peripherals.obj               1466   0         0      
       tubes.obj                     1048   0         0      
       system_msp432p401r.obj        942    0         8      
       i2c.obj                       582    0         2      
       rtc.obj                       410    0         0      
       circbuf.obj                   386    0         0      
       main.obj                      338    0         40     
       timer.obj                     374    0         0      
       startup_msp432p401r_ccs.obj   18     228       0      
       power_modes.obj               172    0         0      
    +--+-----------------------------+------+---------+---------+
       Total:                        5736   228       50     
                                                             
    /home/jack/ti/ccsv8/tools/compiler/ti-cgt-arm_18.1.2.LTS/lib/rtsv7M4_T_le_v4SPD16_eabi.lib
       memory.c.obj                  492    0         24     
       memcpy_t2.asm.obj             156    0         0      
       copy_decompress_lzss.c.obj    104    0         0      
       autoinit.c.obj                68     0         0      
       u_divt2.asm.obj               64     0         0      
       boot_cortex_m.c.obj           56     0         0      
       _lock.c.obj                   2      0         16     
       copy_zero_init.c.obj          18     0         0      
       copy_decompress_none.c.obj    14     0         0      
       exit.c.obj                    4      0         0      
       pre_init.c.obj                4      0         0      
       div0.asm.obj                  2      0         0      
    +--+-----------------------------+------+---------+---------+
       Total:                        984    0         40     
                                                             
       Heap:                         0      0         2048   
       Stack:                        0      0         1024   
       Linker Generated:             0      64        0      
    +--+-----------------------------+------+---------+---------+
       Grand Total:                  6720   292       3162   


LINKER GENERATED COPY TABLES

__TI_cinit_table @ 00001b70 records: 2, size/record: 8, table size: 16
	.data: load addr=00001b40, load size=0000001c bytes, run addr=20000400, run size=00000024 bytes, compression=lzss
	.bss: load addr=00001b68, load size=00000008 bytes, run addr=20000424, run size=0000000a bytes, compression=zero_init


LINKER GENERATED HANDLER TABLE

__TI_handler_table @ 00001b5c records: 3, size/record: 4, table size: 12
	index: 0, handler: __TI_decompress_lzss
	index: 1, handler: __TI_decompress_none
	index: 2, handler: __TI_zero_init


GLOBAL SYMBOLS: SORTED ALPHABETICALLY BY Name 

address   name                          
-------   ----                          
00001b31  ADC14_IRQHandler              
00001b31  AES256_IRQHandler             
00001b31  BusFault_Handler              
00001253  C$$EXIT                       
00001b31  COMP_E0_IRQHandler            
00001b31  COMP_E1_IRQHandler            
00001b31  CS_IRQHandler                 
00001b31  DMA_ERR_IRQHandler            
00001b31  DMA_INT0_IRQHandler           
00001b31  DMA_INT1_IRQHandler           
00001b31  DMA_INT2_IRQHandler           
00001b31  DMA_INT3_IRQHandler           
00001b31  DebugMon_Handler              
00001b31  Default_Handler               
00000611  EUSCIA0_IRQHandler            
00000611  EUSCIA0_IRQHandler            
00001b31  EUSCIA1_IRQHandler            
00001b31  EUSCIA2_IRQHandler            
00001b31  EUSCIA3_IRQHandler            
00001061  EUSCIB0_IRQHandler            
00001061  EUSCIB0_IRQHandler            
00001b31  EUSCIB1_IRQHandler            
00001b31  EUSCIB2_IRQHandler            
00001b31  EUSCIB3_IRQHandler            
00001b31  FLCTL_IRQHandler              
00001b31  FPU_IRQHandler                
00001b31  HardFault_Handler             
00001b31  MemManage_Handler             
00001b31  NMI_Handler                   
00001b31  PCM_IRQHandler                
00001b31  PORT1_IRQHandler              
00001b31  PORT2_IRQHandler              
00001b31  PORT3_IRQHandler              
00001b31  PORT4_IRQHandler              
00000489  PORT5_IRQHandler              
00000489  PORT5_IRQHandler              
00001b31  PORT6_IRQHandler              
00001b31  PSS_IRQHandler                
00001b31  PendSV_Handler                
00001131  RTC_C_IRQHandler              
00001131  RTC_C_IRQHandler              
20000424  RXBuf                         
00001b21  Reset_Handler                 
00001b31  SVC_Handler                   
00001b31  SysTick_Handler               
20000420  SystemCoreClock               
00000b41  SystemCoreClockUpdate         
00000ac1  SystemInit                    
00001b31  T32_INT1_IRQHandler           
00001b31  T32_INT2_IRQHandler           
00001b31  T32_INTC_IRQHandler           
000014c1  TA0_0_IRQHandler              
000014c1  TA0_0_IRQHandler              
00001b31  TA0_N_IRQHandler              
00001481  TA1_0_IRQHandler              
00001481  TA1_0_IRQHandler              
00001b31  TA1_N_IRQHandler              
00001b31  TA2_0_IRQHandler              
00001b31  TA2_N_IRQHandler              
00001b31  TA3_0_IRQHandler              
00001b31  TA3_N_IRQHandler              
20000428  TXBuf                         
00001b31  UsageFault_Handler            
4000480c  WDTCTL_SYM                    
00001b31  WDT_A_IRQHandler              
20010000  __STACK_END                   
00000200  __STACK_SIZE                  
00000400  __SYSMEM_SIZE                 
00001b70  __TI_CINIT_Base               
00001b80  __TI_CINIT_Limit              
00001b5c  __TI_Handler_Table_Base       
00001b68  __TI_Handler_Table_Limit      
000019b1  __TI_auto_init_nobinit_nopinit
00001949  __TI_decompress_lzss          
00001b33  __TI_decompress_none          
ffffffff  __TI_pprof_out_hndl           
ffffffff  __TI_prof_data_size           
ffffffff  __TI_prof_data_start          
00000000  __TI_static_base__            
00001b09  __TI_zero_init_nomemset       
00000e6f  __aeabi_idiv0                 
00000e6f  __aeabi_ldiv0                 
00001835  __aeabi_memcpy                
00001835  __aeabi_memcpy4               
00001835  __aeabi_memcpy8               
000019f5  __aeabi_uidiv                 
000019f5  __aeabi_uidivmod              
ffffffff  __binit__                     
ffffffff  __c_args__                    
UNDEFED   __mpu_init                    
2000fe00  __stack                       
00001a71  _c_int00_noargs               
20000418  _lock                         
000006a7  _nop                          
20000000  _sys_memory                   
UNDEFED   _system_post_cinit            
000006a3  _system_pre_init              
2000041c  _unlock                       
00001253  abort                         
000012e1  addItemCircBuf                
000006e9  assign_pin                    
ffffffff  binit                         
20000411  buttonCount                   
00000451  configure_SystemClock         
00000351  configure_all_pins            
000002d1  configure_buttons             
00000fe9  configure_i2c                 
00000249  configure_leds                
000017f1  configure_low_power_modes     
000010b9  configure_rtc                 
00001439  configure_setup_timer         
00000a09  configure_shift_pins          
000013e1  configure_temperature_timer   
000001b1  configure_uart                
00000f99  convert_to_fahrenheit         
000013a1  createCircBuf                 
000006a9  dec_to_sev_seg                
00001389  deleteCircBuf                 
000009d1  disable_output                
20000410  doButtons                     
00000fe1  enable_event_flags            
00001789  enable_low_power_mode         
00000999  enable_output                 
000016ad  free                          
00001381  get_length_buf                
2000040d  hours                         
00000000  interruptVectors              
00001371  isEmpty                       
000012c9  isFullCircBuf                 
00001311  loadToBuf                     
00001559  main                          
000018d1  malloc                        
00001835  memcpy                        
00001aa9  minit                         
2000040e  minutes                       
000000e9  parse_rx_message              
00000719  pulse_clock                   
00000eb9  read_register                 
00000fb1  read_temp_c                   
00000fc1  read_temp_f                   
00001289  removeItem                    
00001259  resetCircBuf                  
2000040f  seconds                       
00000f81  set_mode_active               
00000f69  set_mode_standby              
00000f41  set_oversample_rate           
00000751  shift_out                     
2000040c  switch_select                 
2000042c  temperature                   
20000414  temperature_timer_count       
20000412  temperature_update_request    
00000f21  trigger_sample_mpl            
20000416  tx_size                       
00000919  update_minutes                
2000042d  update_request                
000008c9  update_seconds                
00000851  update_temperature            
00000791  update_time                   
00000e71  write_register                


GLOBAL SYMBOLS: SORTED BY Symbol Address 

address   name                          
-------   ----                          
00000000  __TI_static_base__            
00000000  interruptVectors              
000000e9  parse_rx_message              
000001b1  configure_uart                
00000200  __STACK_SIZE                  
00000249  configure_leds                
000002d1  configure_buttons             
00000351  configure_all_pins            
00000400  __SYSMEM_SIZE                 
00000451  configure_SystemClock         
00000489  PORT5_IRQHandler              
00000489  PORT5_IRQHandler              
00000611  EUSCIA0_IRQHandler            
00000611  EUSCIA0_IRQHandler            
000006a3  _system_pre_init              
000006a7  _nop                          
000006a9  dec_to_sev_seg                
000006e9  assign_pin                    
00000719  pulse_clock                   
00000751  shift_out                     
00000791  update_time                   
00000851  update_temperature            
000008c9  update_seconds                
00000919  update_minutes                
00000999  enable_output                 
000009d1  disable_output                
00000a09  configure_shift_pins          
00000ac1  SystemInit                    
00000b41  SystemCoreClockUpdate         
00000e6f  __aeabi_idiv0                 
00000e6f  __aeabi_ldiv0                 
00000e71  write_register                
00000eb9  read_register                 
00000f21  trigger_sample_mpl            
00000f41  set_oversample_rate           
00000f69  set_mode_standby              
00000f81  set_mode_active               
00000f99  convert_to_fahrenheit         
00000fb1  read_temp_c                   
00000fc1  read_temp_f                   
00000fe1  enable_event_flags            
00000fe9  configure_i2c                 
00001061  EUSCIB0_IRQHandler            
00001061  EUSCIB0_IRQHandler            
000010b9  configure_rtc                 
00001131  RTC_C_IRQHandler              
00001131  RTC_C_IRQHandler              
00001253  C$$EXIT                       
00001253  abort                         
00001259  resetCircBuf                  
00001289  removeItem                    
000012c9  isFullCircBuf                 
000012e1  addItemCircBuf                
00001311  loadToBuf                     
00001371  isEmpty                       
00001381  get_length_buf                
00001389  deleteCircBuf                 
000013a1  createCircBuf                 
000013e1  configure_temperature_timer   
00001439  configure_setup_timer         
00001481  TA1_0_IRQHandler              
00001481  TA1_0_IRQHandler              
000014c1  TA0_0_IRQHandler              
000014c1  TA0_0_IRQHandler              
00001559  main                          
000016ad  free                          
00001789  enable_low_power_mode         
000017f1  configure_low_power_modes     
00001835  __aeabi_memcpy                
00001835  __aeabi_memcpy4               
00001835  __aeabi_memcpy8               
00001835  memcpy                        
000018d1  malloc                        
00001949  __TI_decompress_lzss          
000019b1  __TI_auto_init_nobinit_nopinit
000019f5  __aeabi_uidiv                 
000019f5  __aeabi_uidivmod              
00001a71  _c_int00_noargs               
00001aa9  minit                         
00001b09  __TI_zero_init_nomemset       
00001b21  Reset_Handler                 
00001b31  ADC14_IRQHandler              
00001b31  AES256_IRQHandler             
00001b31  BusFault_Handler              
00001b31  COMP_E0_IRQHandler            
00001b31  COMP_E1_IRQHandler            
00001b31  CS_IRQHandler                 
00001b31  DMA_ERR_IRQHandler            
00001b31  DMA_INT0_IRQHandler           
00001b31  DMA_INT1_IRQHandler           
00001b31  DMA_INT2_IRQHandler           
00001b31  DMA_INT3_IRQHandler           
00001b31  DebugMon_Handler              
00001b31  Default_Handler               
00001b31  EUSCIA1_IRQHandler            
00001b31  EUSCIA2_IRQHandler            
00001b31  EUSCIA3_IRQHandler            
00001b31  EUSCIB1_IRQHandler            
00001b31  EUSCIB2_IRQHandler            
00001b31  EUSCIB3_IRQHandler            
00001b31  FLCTL_IRQHandler              
00001b31  FPU_IRQHandler                
00001b31  HardFault_Handler             
00001b31  MemManage_Handler             
00001b31  NMI_Handler                   
00001b31  PCM_IRQHandler                
00001b31  PORT1_IRQHandler              
00001b31  PORT2_IRQHandler              
00001b31  PORT3_IRQHandler              
00001b31  PORT4_IRQHandler              
00001b31  PORT6_IRQHandler              
00001b31  PSS_IRQHandler                
00001b31  PendSV_Handler                
00001b31  SVC_Handler                   
00001b31  SysTick_Handler               
00001b31  T32_INT1_IRQHandler           
00001b31  T32_INT2_IRQHandler           
00001b31  T32_INTC_IRQHandler           
00001b31  TA0_N_IRQHandler              
00001b31  TA1_N_IRQHandler              
00001b31  TA2_0_IRQHandler              
00001b31  TA2_N_IRQHandler              
00001b31  TA3_0_IRQHandler              
00001b31  TA3_N_IRQHandler              
00001b31  UsageFault_Handler            
00001b31  WDT_A_IRQHandler              
00001b33  __TI_decompress_none          
00001b5c  __TI_Handler_Table_Base       
00001b68  __TI_Handler_Table_Limit      
00001b70  __TI_CINIT_Base               
00001b80  __TI_CINIT_Limit              
20000000  _sys_memory                   
2000040c  switch_select                 
2000040d  hours                         
2000040e  minutes                       
2000040f  seconds                       
20000410  doButtons                     
20000411  buttonCount                   
20000412  temperature_update_request    
20000414  temperature_timer_count       
20000416  tx_size                       
20000418  _lock                         
2000041c  _unlock                       
20000420  SystemCoreClock               
20000424  RXBuf                         
20000428  TXBuf                         
2000042c  temperature                   
2000042d  update_request                
2000fe00  __stack                       
20010000  __STACK_END                   
4000480c  WDTCTL_SYM                    
ffffffff  __TI_pprof_out_hndl           
ffffffff  __TI_prof_data_size           
ffffffff  __TI_prof_data_start          
ffffffff  __binit__                     
ffffffff  __c_args__                    
ffffffff  binit                         
UNDEFED   __mpu_init                    
UNDEFED   _system_post_cinit            

[159 symbols]
