******************************************************************************
                  TI ARM Linker Unix v18.1.2                   
******************************************************************************
>> Linked Sat Feb  9 19:48:07 2019

OUTPUT FILE NAME:   <VFD-Clock.out>
ENTRY POINT SYMBOL: "_c_int00_noargs"  address: 0000155d


MEMORY CONFIGURATION

         name            origin    length      used     unused   attr    fill
----------------------  --------  ---------  --------  --------  ----  --------
  MAIN                  00000000   00040000  00001664  0003e99c  R  X
  INFO                  00200000   00004000  00000000  00004000  R  X
  SRAM_CODE             01000000   00010000  0000062c  0000f9d4  RW X
  SRAM_DATA             20000000   00010000  0000062c  0000f9d4  RW  


SEGMENT ALLOCATION MAP

run origin  load origin   length   init length attrs members
----------  ----------- ---------- ----------- ----- -------
00000000    00000000    00001668   00001668    r-x
  00000000    00000000    000000e4   000000e4    r-- .intvecs
  000000e8    000000e8    00001540   00001540    r-x .text
  00001628    00001628    00000040   00000040    r-- .cinit
20000000    20000000    0000042c   00000000    rw-
  20000000    20000000    00000400   00000000    rw- .sysmem
  20000400    20000400    00000024   00000000    rw- .data
  20000424    20000424    00000008   00000000    rw- .bss
2000fe00    2000fe00    00000200   00000000    rw-
  2000fe00    2000fe00    00000200   00000000    rw- .stack


SECTION ALLOCATION MAP

 output                                  attributes/
section   page    origin      length       input sections
--------  ----  ----------  ----------   ----------------
.intvecs   0    00000000    000000e4     
                  00000000    000000e4     startup_msp432p401r_ccs.obj (.intvecs:retain)

.text      0    000000e8    00001540     
                  000000e8    000004c4     peripherals.obj (.text)
                  000005ac    00000004     rtsv7M4_T_le_v4SPD16_eabi.lib : pre_init.c.obj (.text:_system_pre_init)
                  000005b0    000003ae     system_msp432p401r.obj (.text)
                  0000095e    00000002     rtsv7M4_T_le_v4SPD16_eabi.lib : _lock.c.obj (.text:_nop)
                  00000960    00000340     tubes.obj (.text)
                  00000ca0    000001b8     timer.obj (.text)
                  00000e58    00000196     rtc.obj (.text)
                  00000fee    00000002     rtsv7M4_T_le_v4SPD16_eabi.lib : div0.asm.obj (.text)
                  00000ff0    0000017a     circbuf.obj (.text)
                  0000116a    00000002     --HOLE-- [fill = 0]
                  0000116c    000000d8     rtsv7M4_T_le_v4SPD16_eabi.lib : memory.c.obj (.text:free)
                  00001244    00000004                                   : exit.c.obj (.text:abort:abort)
                  00001248    000000d6     main.obj (.text)
                  0000131e    0000009c     rtsv7M4_T_le_v4SPD16_eabi.lib : memcpy_t2.asm.obj (.text)
                  000013ba    00000002     --HOLE-- [fill = 0]
                  000013bc    00000078                                   : memory.c.obj (.text:malloc)
                  00001434    00000068                                   : copy_decompress_lzss.c.obj (.text:decompress:lzss:__TI_decompress_lzss)
                  0000149c    00000044                                   : autoinit.c.obj (.text:__TI_auto_init_nobinit_nopinit:__TI_auto_init_nobinit_nopinit)
                  000014e0    00000040                                   : u_divt2.asm.obj (.text)
                  00001520    0000003c                                   : memory.c.obj (.text:minsert)
                  0000155c    00000038                                   : boot_cortex_m.c.obj (.text:_c_int00_noargs:_c_int00_noargs)
                  00001594    00000038                                   : memory.c.obj (.text:minit)
                  000015cc    00000028                                   : memory.c.obj (.text:mremove)
                  000015f4    00000012                                   : copy_zero_init.c.obj (.text:decompress:ZI:__TI_zero_init_nomemset:__TI_zero_init_nomemset)
                  00001606    00000002     --HOLE-- [fill = 0]
                  00001608    00000012     startup_msp432p401r_ccs.obj (.text)
                  0000161a    0000000e     rtsv7M4_T_le_v4SPD16_eabi.lib : copy_decompress_none.c.obj (.text:decompress:none:__TI_decompress_none)

.cinit     0    00001628    00000040     
                  00001628    0000001b     (.cinit..data.load) [load image, compression = lzss]
                  00001643    00000001     --HOLE-- [fill = 0]
                  00001644    0000000c     (__TI_handler_table)
                  00001650    00000008     (.cinit..bss.load) [load image, compression = zero_init]
                  00001658    00000010     (__TI_cinit_table)

.init_array 
*          0    00000000    00000000     UNINITIALIZED

.binit     0    00000000    00000000     

.sysmem    0    20000000    00000400     UNINITIALIZED
                  20000000    00000008     rtsv7M4_T_le_v4SPD16_eabi.lib : memory.c.obj (.sysmem)
                  20000008    000003f8     --HOLE--

.data      0    20000400    00000024     UNINITIALIZED
                  20000400    0000000c     rtsv7M4_T_le_v4SPD16_eabi.lib : memory.c.obj (.data:$O1$$)
                  2000040c    0000000a     main.obj (.data)
                  20000416    00000002     --HOLE--
                  20000418    00000008     rtsv7M4_T_le_v4SPD16_eabi.lib : _lock.c.obj (.data:$O1$$)
                  20000420    00000004     system_msp432p401r.obj (.data)

.bss       0    20000424    00000008     UNINITIALIZED
                  20000424    00000004     (.common:RXBuf)
                  20000428    00000004     (.common:TXBuf)

.stack     0    2000fe00    00000200     UNINITIALIZED
                  2000fe00    00000004     rtsv7M4_T_le_v4SPD16_eabi.lib : boot_cortex_m.c.obj (.stack)
                  2000fe04    000001fc     --HOLE--

MODULE SUMMARY

       Module                        code   ro data   rw data
       ------                        ----   -------   -------
    ./
       peripherals.obj               1220   0         0      
       system_msp432p401r.obj        942    0         8      
       tubes.obj                     832    0         0      
       timer.obj                     440    0         0      
       rtc.obj                       406    0         0      
       circbuf.obj                   378    0         0      
       main.obj                      214    0         36     
       startup_msp432p401r_ccs.obj   18     228       0      
    +--+-----------------------------+------+---------+---------+
       Total:                        4450   228       44     
                                                             
    /home/jack/ti/ccsv8/tools/compiler/ti-cgt-arm_18.1.2.LTS/lib/rtsv7M4_T_le_v4SPD16_eabi.lib
       memory.c.obj                  492    0         24     
       memcpy_t2.asm.obj             156    0         0      
       copy_decompress_lzss.c.obj    104    0         0      
       autoinit.c.obj                68     0         0      
       u_divt2.asm.obj               64     0         0      
       boot_cortex_m.c.obj           56     0         0      
       _lock.c.obj                   2      0         16     
       copy_zero_init.c.obj          18     0         0      
       copy_decompress_none.c.obj    14     0         0      
       exit.c.obj                    4      0         0      
       pre_init.c.obj                4      0         0      
       div0.asm.obj                  2      0         0      
    +--+-----------------------------+------+---------+---------+
       Total:                        984    0         40     
                                                             
       Heap:                         0      0         2048   
       Stack:                        0      0         1024   
       Linker Generated:             0      63        0      
    +--+-----------------------------+------+---------+---------+
       Grand Total:                  5434   291       3156   


LINKER GENERATED COPY TABLES

__TI_cinit_table @ 00001658 records: 2, size/record: 8, table size: 16
	.data: load addr=00001628, load size=0000001b bytes, run addr=20000400, run size=00000024 bytes, compression=lzss
	.bss: load addr=00001650, load size=00000008 bytes, run addr=20000424, run size=00000008 bytes, compression=zero_init


LINKER GENERATED HANDLER TABLE

__TI_handler_table @ 00001644 records: 3, size/record: 4, table size: 12
	index: 0, handler: __TI_decompress_lzss
	index: 1, handler: __TI_decompress_none
	index: 2, handler: __TI_zero_init


GLOBAL SYMBOLS: SORTED ALPHABETICALLY BY Name 

address   name                          
-------   ----                          
00001619  ADC14_IRQHandler              
00001619  AES256_IRQHandler             
00001619  BusFault_Handler              
00001245  C$$EXIT                       
00001619  COMP_E0_IRQHandler            
00001619  COMP_E1_IRQHandler            
00001619  CS_IRQHandler                 
00001619  DMA_ERR_IRQHandler            
00001619  DMA_INT0_IRQHandler           
00001619  DMA_INT1_IRQHandler           
00001619  DMA_INT2_IRQHandler           
00001619  DMA_INT3_IRQHandler           
00001619  DebugMon_Handler              
00001619  Default_Handler               
00000549  EUSCIA0_IRQHandler            
00000549  EUSCIA0_IRQHandler            
00001619  EUSCIA1_IRQHandler            
00001619  EUSCIA2_IRQHandler            
00001619  EUSCIA3_IRQHandler            
00001619  EUSCIB0_IRQHandler            
00001619  EUSCIB1_IRQHandler            
00001619  EUSCIB2_IRQHandler            
00001619  EUSCIB3_IRQHandler            
00001619  FLCTL_IRQHandler              
00001619  FPU_IRQHandler                
00001619  HardFault_Handler             
00001619  MemManage_Handler             
00001619  NMI_Handler                   
00001619  PCM_IRQHandler                
00001619  PORT1_IRQHandler              
00001619  PORT2_IRQHandler              
00001619  PORT3_IRQHandler              
00001619  PORT4_IRQHandler              
000003c1  PORT5_IRQHandler              
000003c1  PORT5_IRQHandler              
00001619  PORT6_IRQHandler              
00001619  PSS_IRQHandler                
00001619  PendSV_Handler                
00000ed1  RTC_C_IRQHandler              
00000ed1  RTC_C_IRQHandler              
20000424  RXBuf                         
00001609  Reset_Handler                 
00001619  SVC_Handler                   
00001619  SysTick_Handler               
20000420  SystemCoreClock               
00000631  SystemCoreClockUpdate         
000005b1  SystemInit                    
00001619  T32_INT1_IRQHandler           
00001619  T32_INT2_IRQHandler           
00001619  T32_INTC_IRQHandler           
00000da1  TA0_0_IRQHandler              
00000da1  TA0_0_IRQHandler              
00001619  TA0_N_IRQHandler              
00000d41  TA1_0_IRQHandler              
00000d41  TA1_0_IRQHandler              
00001619  TA1_N_IRQHandler              
00001619  TA2_0_IRQHandler              
00001619  TA2_N_IRQHandler              
00001619  TA3_0_IRQHandler              
00001619  TA3_N_IRQHandler              
20000428  TXBuf                         
00001619  UsageFault_Handler            
4000480c  WDTCTL_SYM                    
00001619  WDT_A_IRQHandler              
20010000  __STACK_END                   
00000200  __STACK_SIZE                  
00000400  __SYSMEM_SIZE                 
00001658  __TI_CINIT_Base               
00001668  __TI_CINIT_Limit              
00001644  __TI_Handler_Table_Base       
00001650  __TI_Handler_Table_Limit      
0000149d  __TI_auto_init_nobinit_nopinit
00001435  __TI_decompress_lzss          
0000161b  __TI_decompress_none          
ffffffff  __TI_pprof_out_hndl           
ffffffff  __TI_prof_data_size           
ffffffff  __TI_prof_data_start          
00000000  __TI_static_base__            
000015f5  __TI_zero_init_nomemset       
00000fef  __aeabi_idiv0                 
00000fef  __aeabi_ldiv0                 
0000131f  __aeabi_memcpy                
0000131f  __aeabi_memcpy4               
0000131f  __aeabi_memcpy8               
000014e1  __aeabi_uidiv                 
000014e1  __aeabi_uidivmod              
ffffffff  __binit__                     
ffffffff  __c_args__                    
UNDEFED   __mpu_init                    
2000fe00  __stack                       
0000155d  _c_int00_noargs               
20000418  _lock                         
0000095f  _nop                          
20000000  _sys_memory                   
UNDEFED   _system_post_cinit            
000005ad  _system_pre_init              
2000041c  _unlock                       
00001245  abort                         
00001079  addItemCircBuf                
000009a1  assignPin                     
ffffffff  binit                         
20000411  buttonCount                   
00000389  configure_SystemClock         
00000289  configure_all_pins            
00000209  configure_buttons             
00000181  configure_leds                
00000e59  configure_rtc                 
00000cf9  configure_setup_timer         
00000c29  configure_shift_pins          
00000ca1  configure_temperature_timer   
000000e9  configure_uart                
00001131  createCircBuf                 
00000961  decToSevSeg                   
00001119  deleteCircBuf                 
00000bf1  disableOutput                 
20000410  doButtons                     
00000bb9  enableOutput                  
0000116d  free                          
2000040d  hours                         
00000000  interruptVectors              
00001109  isEmpty                       
00001061  isFullCircBuf                 
000010a9  loadToBuf                     
00001249  main                          
000013bd  malloc                        
0000131f  memcpy                        
00001595  minit                         
2000040e  minutes                       
000009d9  pulseClock                    
00001021  removeItem                    
00000ff1  resetCircBuf                  
2000040f  seconds                       
000009f9  shiftOut                      
2000040c  switch_select                 
20000414  temperature_timer_count       
20000413  temperature_update_request    
00000b39  updateMinutes                 
00000ae9  updateSeconds                 
00000a29  updateTime                    
20000412  update_request                


GLOBAL SYMBOLS: SORTED BY Symbol Address 

address   name                          
-------   ----                          
00000000  __TI_static_base__            
00000000  interruptVectors              
000000e9  configure_uart                
00000181  configure_leds                
00000200  __STACK_SIZE                  
00000209  configure_buttons             
00000289  configure_all_pins            
00000389  configure_SystemClock         
000003c1  PORT5_IRQHandler              
000003c1  PORT5_IRQHandler              
00000400  __SYSMEM_SIZE                 
00000549  EUSCIA0_IRQHandler            
00000549  EUSCIA0_IRQHandler            
000005ad  _system_pre_init              
000005b1  SystemInit                    
00000631  SystemCoreClockUpdate         
0000095f  _nop                          
00000961  decToSevSeg                   
000009a1  assignPin                     
000009d9  pulseClock                    
000009f9  shiftOut                      
00000a29  updateTime                    
00000ae9  updateSeconds                 
00000b39  updateMinutes                 
00000bb9  enableOutput                  
00000bf1  disableOutput                 
00000c29  configure_shift_pins          
00000ca1  configure_temperature_timer   
00000cf9  configure_setup_timer         
00000d41  TA1_0_IRQHandler              
00000d41  TA1_0_IRQHandler              
00000da1  TA0_0_IRQHandler              
00000da1  TA0_0_IRQHandler              
00000e59  configure_rtc                 
00000ed1  RTC_C_IRQHandler              
00000ed1  RTC_C_IRQHandler              
00000fef  __aeabi_idiv0                 
00000fef  __aeabi_ldiv0                 
00000ff1  resetCircBuf                  
00001021  removeItem                    
00001061  isFullCircBuf                 
00001079  addItemCircBuf                
000010a9  loadToBuf                     
00001109  isEmpty                       
00001119  deleteCircBuf                 
00001131  createCircBuf                 
0000116d  free                          
00001245  C$$EXIT                       
00001245  abort                         
00001249  main                          
0000131f  __aeabi_memcpy                
0000131f  __aeabi_memcpy4               
0000131f  __aeabi_memcpy8               
0000131f  memcpy                        
000013bd  malloc                        
00001435  __TI_decompress_lzss          
0000149d  __TI_auto_init_nobinit_nopinit
000014e1  __aeabi_uidiv                 
000014e1  __aeabi_uidivmod              
0000155d  _c_int00_noargs               
00001595  minit                         
000015f5  __TI_zero_init_nomemset       
00001609  Reset_Handler                 
00001619  ADC14_IRQHandler              
00001619  AES256_IRQHandler             
00001619  BusFault_Handler              
00001619  COMP_E0_IRQHandler            
00001619  COMP_E1_IRQHandler            
00001619  CS_IRQHandler                 
00001619  DMA_ERR_IRQHandler            
00001619  DMA_INT0_IRQHandler           
00001619  DMA_INT1_IRQHandler           
00001619  DMA_INT2_IRQHandler           
00001619  DMA_INT3_IRQHandler           
00001619  DebugMon_Handler              
00001619  Default_Handler               
00001619  EUSCIA1_IRQHandler            
00001619  EUSCIA2_IRQHandler            
00001619  EUSCIA3_IRQHandler            
00001619  EUSCIB0_IRQHandler            
00001619  EUSCIB1_IRQHandler            
00001619  EUSCIB2_IRQHandler            
00001619  EUSCIB3_IRQHandler            
00001619  FLCTL_IRQHandler              
00001619  FPU_IRQHandler                
00001619  HardFault_Handler             
00001619  MemManage_Handler             
00001619  NMI_Handler                   
00001619  PCM_IRQHandler                
00001619  PORT1_IRQHandler              
00001619  PORT2_IRQHandler              
00001619  PORT3_IRQHandler              
00001619  PORT4_IRQHandler              
00001619  PORT6_IRQHandler              
00001619  PSS_IRQHandler                
00001619  PendSV_Handler                
00001619  SVC_Handler                   
00001619  SysTick_Handler               
00001619  T32_INT1_IRQHandler           
00001619  T32_INT2_IRQHandler           
00001619  T32_INTC_IRQHandler           
00001619  TA0_N_IRQHandler              
00001619  TA1_N_IRQHandler              
00001619  TA2_0_IRQHandler              
00001619  TA2_N_IRQHandler              
00001619  TA3_0_IRQHandler              
00001619  TA3_N_IRQHandler              
00001619  UsageFault_Handler            
00001619  WDT_A_IRQHandler              
0000161b  __TI_decompress_none          
00001644  __TI_Handler_Table_Base       
00001650  __TI_Handler_Table_Limit      
00001658  __TI_CINIT_Base               
00001668  __TI_CINIT_Limit              
20000000  _sys_memory                   
2000040c  switch_select                 
2000040d  hours                         
2000040e  minutes                       
2000040f  seconds                       
20000410  doButtons                     
20000411  buttonCount                   
20000412  update_request                
20000413  temperature_update_request    
20000414  temperature_timer_count       
20000418  _lock                         
2000041c  _unlock                       
20000420  SystemCoreClock               
20000424  RXBuf                         
20000428  TXBuf                         
2000fe00  __stack                       
20010000  __STACK_END                   
4000480c  WDTCTL_SYM                    
ffffffff  __TI_pprof_out_hndl           
ffffffff  __TI_prof_data_size           
ffffffff  __TI_prof_data_start          
ffffffff  __binit__                     
ffffffff  __c_args__                    
ffffffff  binit                         
UNDEFED   __mpu_init                    
UNDEFED   _system_post_cinit            

[140 symbols]
