******************************************************************************
                  TI ARM Linker Unix v18.1.2                   
******************************************************************************
>> Linked Tue Feb 12 01:10:00 2019

OUTPUT FILE NAME:   <VFD-Clock.out>
ENTRY POINT SYMBOL: "_c_int00_noargs"  address: 0000141d


MEMORY CONFIGURATION

         name            origin    length      used     unused   attr    fill
----------------------  --------  ---------  --------  --------  ----  --------
  MAIN                  00000000   00040000  0000152c  0003ead4  R  X
  INFO                  00200000   00004000  00000000  00004000  R  X
  SRAM_CODE             01000000   00010000  0000062c  0000f9d4  RW X
  SRAM_DATA             20000000   00010000  0000062c  0000f9d4  RW  


SEGMENT ALLOCATION MAP

run origin  load origin   length   init length attrs members
----------  ----------- ---------- ----------- ----- -------
00000000    00000000    00001530   00001530    r-x
  00000000    00000000    000000e4   000000e4    r-- .intvecs
  000000e8    000000e8    00001400   00001400    r-x .text
  000014e8    000014e8    00000048   00000048    r-- .cinit
20000000    20000000    0000042c   00000000    rw-
  20000000    20000000    00000400   00000000    rw- .sysmem
  20000400    20000400    00000024   00000000    rw- .data
  20000424    20000424    00000008   00000000    rw- .bss
2000fe00    2000fe00    00000200   00000000    rw-
  2000fe00    2000fe00    00000200   00000000    rw- .stack


SECTION ALLOCATION MAP

 output                                  attributes/
section   page    origin      length       input sections
--------  ----  ----------  ----------   ----------------
.intvecs   0    00000000    000000e4     
                  00000000    000000e4     startup_msp432p401r_ccs.obj (.intvecs:retain)

.text      0    000000e8    00001400     
                  000000e8    0000043c     peripherals.obj (.text)
                  00000524    00000004     rtsv7M4_T_le_v4SPD16_eabi.lib : pre_init.c.obj (.text:_system_pre_init)
                  00000528    000003c8     tubes.obj (.text)
                  000008f0    000003ae     system_msp432p401r.obj (.text)
                  00000c9e    00000002     rtsv7M4_T_le_v4SPD16_eabi.lib : _lock.c.obj (.text:_nop)
                  00000ca0    00000196     rtc.obj (.text)
                  00000e36    00000002     rtsv7M4_T_le_v4SPD16_eabi.lib : div0.asm.obj (.text)
                  00000e38    0000017a     circbuf.obj (.text)
                  00000fb2    00000002     --HOLE-- [fill = 0]
                  00000fb4    000000d8     rtsv7M4_T_le_v4SPD16_eabi.lib : memory.c.obj (.text:free)
                  0000108c    00000004                                   : exit.c.obj (.text:abort:abort)
                  00001090    000000a8     main.obj (.text)
                  00001138    000000a8     timer.obj (.text)
                  000011e0    0000009c     rtsv7M4_T_le_v4SPD16_eabi.lib : memcpy_t2.asm.obj (.text)
                  0000127c    00000078                                   : memory.c.obj (.text:malloc)
                  000012f4    00000068                                   : copy_decompress_lzss.c.obj (.text:decompress:lzss:__TI_decompress_lzss)
                  0000135c    00000044                                   : autoinit.c.obj (.text:__TI_auto_init_nobinit_nopinit:__TI_auto_init_nobinit_nopinit)
                  000013a0    00000040                                   : u_divt2.asm.obj (.text)
                  000013e0    0000003c                                   : memory.c.obj (.text:minsert)
                  0000141c    00000038                                   : boot_cortex_m.c.obj (.text:_c_int00_noargs:_c_int00_noargs)
                  00001454    00000038                                   : memory.c.obj (.text:minit)
                  0000148c    00000028                                   : memory.c.obj (.text:mremove)
                  000014b4    00000012                                   : copy_zero_init.c.obj (.text:decompress:ZI:__TI_zero_init_nomemset:__TI_zero_init_nomemset)
                  000014c6    00000002     --HOLE-- [fill = 0]
                  000014c8    00000012     startup_msp432p401r_ccs.obj (.text)
                  000014da    0000000e     rtsv7M4_T_le_v4SPD16_eabi.lib : copy_decompress_none.c.obj (.text:decompress:none:__TI_decompress_none)

.cinit     0    000014e8    00000048     
                  000014e8    0000001d     (.cinit..data.load) [load image, compression = lzss]
                  00001505    00000003     --HOLE-- [fill = 0]
                  00001508    0000000c     (__TI_handler_table)
                  00001514    00000004     --HOLE-- [fill = 0]
                  00001518    00000008     (.cinit..bss.load) [load image, compression = zero_init]
                  00001520    00000010     (__TI_cinit_table)

.init_array 
*          0    00000000    00000000     UNINITIALIZED

.binit     0    00000000    00000000     

.sysmem    0    20000000    00000400     UNINITIALIZED
                  20000000    00000008     rtsv7M4_T_le_v4SPD16_eabi.lib : memory.c.obj (.sysmem)
                  20000008    000003f8     --HOLE--

.data      0    20000400    00000024     UNINITIALIZED
                  20000400    0000000c     rtsv7M4_T_le_v4SPD16_eabi.lib : memory.c.obj (.data:$O1$$)
                  2000040c    00000009     main.obj (.data)
                  20000415    00000003     --HOLE--
                  20000418    00000008     rtsv7M4_T_le_v4SPD16_eabi.lib : _lock.c.obj (.data:$O1$$)
                  20000420    00000004     system_msp432p401r.obj (.data)

.bss       0    20000424    00000008     UNINITIALIZED
                  20000424    00000004     (.common:RXBuf)
                  20000428    00000004     (.common:TXBuf)

.stack     0    2000fe00    00000200     UNINITIALIZED
                  2000fe00    00000004     rtsv7M4_T_le_v4SPD16_eabi.lib : boot_cortex_m.c.obj (.stack)
                  2000fe04    000001fc     --HOLE--

MODULE SUMMARY

       Module                        code   ro data   rw data
       ------                        ----   -------   -------
    ./
       peripherals.obj               1084   0         0      
       tubes.obj                     968    0         0      
       system_msp432p401r.obj        942    0         8      
       rtc.obj                       406    0         0      
       circbuf.obj                   378    0         0      
       startup_msp432p401r_ccs.obj   18     228       0      
       main.obj                      168    0         34     
       timer.obj                     168    0         0      
    +--+-----------------------------+------+---------+---------+
       Total:                        4132   228       42     
                                                             
    /home/jack/ti/ccsv8/tools/compiler/ti-cgt-arm_18.1.2.LTS/lib/rtsv7M4_T_le_v4SPD16_eabi.lib
       memory.c.obj                  492    0         24     
       memcpy_t2.asm.obj             156    0         0      
       copy_decompress_lzss.c.obj    104    0         0      
       autoinit.c.obj                68     0         0      
       u_divt2.asm.obj               64     0         0      
       boot_cortex_m.c.obj           56     0         0      
       _lock.c.obj                   2      0         16     
       copy_zero_init.c.obj          18     0         0      
       copy_decompress_none.c.obj    14     0         0      
       exit.c.obj                    4      0         0      
       pre_init.c.obj                4      0         0      
       div0.asm.obj                  2      0         0      
    +--+-----------------------------+------+---------+---------+
       Total:                        984    0         40     
                                                             
       Heap:                         0      0         2048   
       Stack:                        0      0         1024   
       Linker Generated:             0      65        0      
    +--+-----------------------------+------+---------+---------+
       Grand Total:                  5116   293       3154   


LINKER GENERATED COPY TABLES

__TI_cinit_table @ 00001520 records: 2, size/record: 8, table size: 16
	.data: load addr=000014e8, load size=0000001d bytes, run addr=20000400, run size=00000024 bytes, compression=lzss
	.bss: load addr=00001518, load size=00000008 bytes, run addr=20000424, run size=00000008 bytes, compression=zero_init


LINKER GENERATED HANDLER TABLE

__TI_handler_table @ 00001508 records: 3, size/record: 4, table size: 12
	index: 0, handler: __TI_decompress_lzss
	index: 1, handler: __TI_decompress_none
	index: 2, handler: __TI_zero_init


GLOBAL SYMBOLS: SORTED ALPHABETICALLY BY Name 

address   name                          
-------   ----                          
000014d9  ADC14_IRQHandler              
000014d9  AES256_IRQHandler             
000014d9  BusFault_Handler              
0000108d  C$$EXIT                       
000014d9  COMP_E0_IRQHandler            
000014d9  COMP_E1_IRQHandler            
000014d9  CS_IRQHandler                 
000014d9  DMA_ERR_IRQHandler            
000014d9  DMA_INT0_IRQHandler           
000014d9  DMA_INT1_IRQHandler           
000014d9  DMA_INT2_IRQHandler           
000014d9  DMA_INT3_IRQHandler           
000014d9  DebugMon_Handler              
000014d9  Default_Handler               
000004c1  EUSCIA0_IRQHandler            
000004c1  EUSCIA0_IRQHandler            
000014d9  EUSCIA1_IRQHandler            
000014d9  EUSCIA2_IRQHandler            
000014d9  EUSCIA3_IRQHandler            
000014d9  EUSCIB0_IRQHandler            
000014d9  EUSCIB1_IRQHandler            
000014d9  EUSCIB2_IRQHandler            
000014d9  EUSCIB3_IRQHandler            
000014d9  FLCTL_IRQHandler              
000014d9  FPU_IRQHandler                
000014d9  HardFault_Handler             
000014d9  MemManage_Handler             
000014d9  NMI_Handler                   
000014d9  PCM_IRQHandler                
000014d9  PORT1_IRQHandler              
000014d9  PORT2_IRQHandler              
000014d9  PORT3_IRQHandler              
000014d9  PORT4_IRQHandler              
000003c1  PORT5_IRQHandler              
000003c1  PORT5_IRQHandler              
000014d9  PORT6_IRQHandler              
000014d9  PSS_IRQHandler                
000014d9  PendSV_Handler                
00000d19  RTC_C_IRQHandler              
00000d19  RTC_C_IRQHandler              
20000424  RXBuf                         
000014c9  Reset_Handler                 
000014d9  SVC_Handler                   
00001171  SysTick_Handler               
00001171  SysTick_Handler               
20000420  SystemCoreClock               
00000971  SystemCoreClockUpdate         
000008f1  SystemInit                    
000014d9  T32_INT1_IRQHandler           
000014d9  T32_INT2_IRQHandler           
000014d9  T32_INTC_IRQHandler           
000014d9  TA0_0_IRQHandler              
000014d9  TA0_N_IRQHandler              
000014d9  TA1_0_IRQHandler              
000014d9  TA1_N_IRQHandler              
000014d9  TA2_0_IRQHandler              
000014d9  TA2_N_IRQHandler              
000014d9  TA3_0_IRQHandler              
000014d9  TA3_N_IRQHandler              
20000428  TXBuf                         
000014d9  UsageFault_Handler            
4000480c  WDTCTL_SYM                    
000014d9  WDT_A_IRQHandler              
20010000  __STACK_END                   
00000200  __STACK_SIZE                  
00000400  __SYSMEM_SIZE                 
00001520  __TI_CINIT_Base               
00001530  __TI_CINIT_Limit              
00001508  __TI_Handler_Table_Base       
00001514  __TI_Handler_Table_Limit      
0000135d  __TI_auto_init_nobinit_nopinit
000012f5  __TI_decompress_lzss          
000014db  __TI_decompress_none          
ffffffff  __TI_pprof_out_hndl           
ffffffff  __TI_prof_data_size           
ffffffff  __TI_prof_data_start          
00000000  __TI_static_base__            
000014b5  __TI_zero_init_nomemset       
00000e37  __aeabi_idiv0                 
00000e37  __aeabi_ldiv0                 
000011e1  __aeabi_memcpy                
000011e1  __aeabi_memcpy4               
000011e1  __aeabi_memcpy8               
000013a1  __aeabi_uidiv                 
000013a1  __aeabi_uidivmod              
ffffffff  __binit__                     
ffffffff  __c_args__                    
UNDEFED   __mpu_init                    
2000fe00  __stack                       
0000141d  _c_int00_noargs               
20000418  _lock                         
00000c9f  _nop                          
20000000  _sys_memory                   
UNDEFED   _system_post_cinit            
00000525  _system_pre_init              
2000041c  _unlock                       
0000108d  abort                         
00000ec1  addItemCircBuf                
00000569  assign_pin                    
ffffffff  binit                         
20000410  buttonCount                   
00000389  configure_SystemClock         
00000289  configure_all_pins            
00000209  configure_buttons             
00000181  configure_leds                
00000ca1  configure_rtc                 
00000879  configure_shift_pins          
000000e9  configure_uart                
00000f79  createCircBuf                 
00000529  dec_to_sev_seg                
00000f61  deleteCircBuf                 
00001159  disableSystick                
00000841  disable_output                
2000040f  doButtons                     
00001139  enableSystick                 
00000809  enable_output                 
00000fb5  free                          
2000040c  hours                         
00000000  interruptVectors              
00000f51  isEmpty                       
00000ea9  isFullCircBuf                 
00000ef1  loadToBuf                     
00001091  main                          
0000127d  malloc                        
000011e1  memcpy                        
00001455  minit                         
2000040d  minutes                       
20000411  pattern_A                     
20000412  pattern_B                     
20000413  pattern_C                     
20000414  pattern_select                
00000599  pulse_clock                   
00000e69  removeItem                    
00000e39  resetCircBuf                  
2000040e  seconds                       
000005d1  shift_out                     
00000789  update_minutes                
00000739  update_seconds                
000006c1  update_temperature            
00000601  update_time                   


GLOBAL SYMBOLS: SORTED BY Symbol Address 

address   name                          
-------   ----                          
00000000  __TI_static_base__            
00000000  interruptVectors              
000000e9  configure_uart                
00000181  configure_leds                
00000200  __STACK_SIZE                  
00000209  configure_buttons             
00000289  configure_all_pins            
00000389  configure_SystemClock         
000003c1  PORT5_IRQHandler              
000003c1  PORT5_IRQHandler              
00000400  __SYSMEM_SIZE                 
000004c1  EUSCIA0_IRQHandler            
000004c1  EUSCIA0_IRQHandler            
00000525  _system_pre_init              
00000529  dec_to_sev_seg                
00000569  assign_pin                    
00000599  pulse_clock                   
000005d1  shift_out                     
00000601  update_time                   
000006c1  update_temperature            
00000739  update_seconds                
00000789  update_minutes                
00000809  enable_output                 
00000841  disable_output                
00000879  configure_shift_pins          
000008f1  SystemInit                    
00000971  SystemCoreClockUpdate         
00000c9f  _nop                          
00000ca1  configure_rtc                 
00000d19  RTC_C_IRQHandler              
00000d19  RTC_C_IRQHandler              
00000e37  __aeabi_idiv0                 
00000e37  __aeabi_ldiv0                 
00000e39  resetCircBuf                  
00000e69  removeItem                    
00000ea9  isFullCircBuf                 
00000ec1  addItemCircBuf                
00000ef1  loadToBuf                     
00000f51  isEmpty                       
00000f61  deleteCircBuf                 
00000f79  createCircBuf                 
00000fb5  free                          
0000108d  C$$EXIT                       
0000108d  abort                         
00001091  main                          
00001139  enableSystick                 
00001159  disableSystick                
00001171  SysTick_Handler               
00001171  SysTick_Handler               
000011e1  __aeabi_memcpy                
000011e1  __aeabi_memcpy4               
000011e1  __aeabi_memcpy8               
000011e1  memcpy                        
0000127d  malloc                        
000012f5  __TI_decompress_lzss          
0000135d  __TI_auto_init_nobinit_nopinit
000013a1  __aeabi_uidiv                 
000013a1  __aeabi_uidivmod              
0000141d  _c_int00_noargs               
00001455  minit                         
000014b5  __TI_zero_init_nomemset       
000014c9  Reset_Handler                 
000014d9  ADC14_IRQHandler              
000014d9  AES256_IRQHandler             
000014d9  BusFault_Handler              
000014d9  COMP_E0_IRQHandler            
000014d9  COMP_E1_IRQHandler            
000014d9  CS_IRQHandler                 
000014d9  DMA_ERR_IRQHandler            
000014d9  DMA_INT0_IRQHandler           
000014d9  DMA_INT1_IRQHandler           
000014d9  DMA_INT2_IRQHandler           
000014d9  DMA_INT3_IRQHandler           
000014d9  DebugMon_Handler              
000014d9  Default_Handler               
000014d9  EUSCIA1_IRQHandler            
000014d9  EUSCIA2_IRQHandler            
000014d9  EUSCIA3_IRQHandler            
000014d9  EUSCIB0_IRQHandler            
000014d9  EUSCIB1_IRQHandler            
000014d9  EUSCIB2_IRQHandler            
000014d9  EUSCIB3_IRQHandler            
000014d9  FLCTL_IRQHandler              
000014d9  FPU_IRQHandler                
000014d9  HardFault_Handler             
000014d9  MemManage_Handler             
000014d9  NMI_Handler                   
000014d9  PCM_IRQHandler                
000014d9  PORT1_IRQHandler              
000014d9  PORT2_IRQHandler              
000014d9  PORT3_IRQHandler              
000014d9  PORT4_IRQHandler              
000014d9  PORT6_IRQHandler              
000014d9  PSS_IRQHandler                
000014d9  PendSV_Handler                
000014d9  SVC_Handler                   
000014d9  T32_INT1_IRQHandler           
000014d9  T32_INT2_IRQHandler           
000014d9  T32_INTC_IRQHandler           
000014d9  TA0_0_IRQHandler              
000014d9  TA0_N_IRQHandler              
000014d9  TA1_0_IRQHandler              
000014d9  TA1_N_IRQHandler              
000014d9  TA2_0_IRQHandler              
000014d9  TA2_N_IRQHandler              
000014d9  TA3_0_IRQHandler              
000014d9  TA3_N_IRQHandler              
000014d9  UsageFault_Handler            
000014d9  WDT_A_IRQHandler              
000014db  __TI_decompress_none          
00001508  __TI_Handler_Table_Base       
00001514  __TI_Handler_Table_Limit      
00001520  __TI_CINIT_Base               
00001530  __TI_CINIT_Limit              
20000000  _sys_memory                   
2000040c  hours                         
2000040d  minutes                       
2000040e  seconds                       
2000040f  doButtons                     
20000410  buttonCount                   
20000411  pattern_A                     
20000412  pattern_B                     
20000413  pattern_C                     
20000414  pattern_select                
20000418  _lock                         
2000041c  _unlock                       
20000420  SystemCoreClock               
20000424  RXBuf                         
20000428  TXBuf                         
2000fe00  __stack                       
20010000  __STACK_END                   
4000480c  WDTCTL_SYM                    
ffffffff  __TI_pprof_out_hndl           
ffffffff  __TI_prof_data_size           
ffffffff  __TI_prof_data_start          
ffffffff  __binit__                     
ffffffff  __c_args__                    
ffffffff  binit                         
UNDEFED   __mpu_init                    
UNDEFED   _system_post_cinit            

[140 symbols]
