******************************************************************************
                  TI ARM Linker Unix v18.1.2                   
******************************************************************************
>> Linked Wed Feb  6 01:08:42 2019

OUTPUT FILE NAME:   <VFD-Clock.out>
ENTRY POINT SYMBOL: "_c_int00_noargs"  address: 0000167d


MEMORY CONFIGURATION

         name            origin    length      used     unused   attr    fill
----------------------  --------  ---------  --------  --------  ----  --------
  MAIN                  00000000   00040000  00001784  0003e87c  R  X
  INFO                  00200000   00004000  00000000  00004000  R  X
  SRAM_CODE             01000000   00010000  00000630  0000f9d0  RW X
  SRAM_DATA             20000000   00010000  00000630  0000f9d0  RW  


SEGMENT ALLOCATION MAP

run origin  load origin   length   init length attrs members
----------  ----------- ---------- ----------- ----- -------
00000000    00000000    00001788   00001788    r-x
  00000000    00000000    000000e4   000000e4    r-- .intvecs
  000000e8    000000e8    00001660   00001660    r-x .text
  00001748    00001748    00000040   00000040    r-- .cinit
20000000    20000000    00000430   00000000    rw-
  20000000    20000000    00000400   00000000    rw- .sysmem
  20000400    20000400    00000020   00000000    rw- .data
  20000420    20000420    00000010   00000000    rw- .bss
2000fe00    2000fe00    00000200   00000000    rw-
  2000fe00    2000fe00    00000200   00000000    rw- .stack


SECTION ALLOCATION MAP

 output                                  attributes/
section   page    origin      length       input sections
--------  ----  ----------  ----------   ----------------
.intvecs   0    00000000    000000e4     
                  00000000    000000e4     startup_msp432p401r_ccs.obj (.intvecs:retain)

.text      0    000000e8    00001660     
                  000000e8    0000072c     peripherals.obj (.text)
                  00000814    00000004     rtsv7M4_T_le_v4SPD16_eabi.lib : pre_init.c.obj (.text:_system_pre_init)
                  00000818    000003ae     system_msp432p401r.obj (.text)
                  00000bc6    00000002     rtsv7M4_T_le_v4SPD16_eabi.lib : _lock.c.obj (.text:_nop)
                  00000bc8    00000340     tubes.obj (.text)
                  00000f08    00000196     rtc.obj (.text)
                  0000109e    00000002     rtsv7M4_T_le_v4SPD16_eabi.lib : div0.asm.obj (.text)
                  000010a0    0000017a     circbuf.obj (.text)
                  0000121a    00000002     --HOLE-- [fill = 0]
                  0000121c    000000d8     rtsv7M4_T_le_v4SPD16_eabi.lib : memory.c.obj (.text:free)
                  000012f4    00000004                                   : exit.c.obj (.text:abort:abort)
                  000012f8    000000a8     timer.obj (.text)
                  000013a0    000000a0     main.obj (.text)
                  00001440    0000009c     rtsv7M4_T_le_v4SPD16_eabi.lib : memcpy_t2.asm.obj (.text)
                  000014dc    00000078                                   : memory.c.obj (.text:malloc)
                  00001554    00000068                                   : copy_decompress_lzss.c.obj (.text:decompress:lzss:__TI_decompress_lzss)
                  000015bc    00000044                                   : autoinit.c.obj (.text:__TI_auto_init_nobinit_nopinit:__TI_auto_init_nobinit_nopinit)
                  00001600    00000040                                   : u_divt2.asm.obj (.text)
                  00001640    0000003c                                   : memory.c.obj (.text:minsert)
                  0000167c    00000038                                   : boot_cortex_m.c.obj (.text:_c_int00_noargs:_c_int00_noargs)
                  000016b4    00000038                                   : memory.c.obj (.text:minit)
                  000016ec    00000028                                   : memory.c.obj (.text:mremove)
                  00001714    00000012                                   : copy_zero_init.c.obj (.text:decompress:ZI:__TI_zero_init_nomemset:__TI_zero_init_nomemset)
                  00001726    00000002     --HOLE-- [fill = 0]
                  00001728    00000012     startup_msp432p401r_ccs.obj (.text)
                  0000173a    0000000e     rtsv7M4_T_le_v4SPD16_eabi.lib : copy_decompress_none.c.obj (.text:decompress:none:__TI_decompress_none)

.cinit     0    00001748    00000040     
                  00001748    00000018     (.cinit..data.load) [load image, compression = lzss]
                  00001760    0000000c     (__TI_handler_table)
                  0000176c    00000004     --HOLE-- [fill = 0]
                  00001770    00000008     (.cinit..bss.load) [load image, compression = zero_init]
                  00001778    00000010     (__TI_cinit_table)

.init_array 
*          0    00000000    00000000     UNINITIALIZED

.binit     0    00000000    00000000     

.sysmem    0    20000000    00000400     UNINITIALIZED
                  20000000    00000008     rtsv7M4_T_le_v4SPD16_eabi.lib : memory.c.obj (.sysmem)
                  20000008    000003f8     --HOLE--

.data      0    20000400    00000020     UNINITIALIZED
                  20000400    0000000c     rtsv7M4_T_le_v4SPD16_eabi.lib : memory.c.obj (.data:$O1$$)
                  2000040c    00000008                                   : _lock.c.obj (.data:$O1$$)
                  20000414    00000005     main.obj (.data)
                  20000419    00000003     --HOLE--
                  2000041c    00000004     system_msp432p401r.obj (.data)

.bss       0    20000420    00000010     UNINITIALIZED
                  20000420    00000004     (.common:RXBuf)
                  20000424    00000004     (.common:RXBuf_i2c)
                  20000428    00000004     (.common:TXBuf)
                  2000042c    00000004     (.common:TXBuf_i2c)

.stack     0    2000fe00    00000200     UNINITIALIZED
                  2000fe00    00000004     rtsv7M4_T_le_v4SPD16_eabi.lib : boot_cortex_m.c.obj (.stack)
                  2000fe04    000001fc     --HOLE--

MODULE SUMMARY

       Module                        code   ro data   rw data
       ------                        ----   -------   -------
    ./
       peripherals.obj               1836   0         0      
       system_msp432p401r.obj        942    0         8      
       tubes.obj                     832    0         0      
       rtc.obj                       406    0         0      
       circbuf.obj                   378    0         0      
       startup_msp432p401r_ccs.obj   18     228       0      
       main.obj                      160    0         42     
       timer.obj                     168    0         0      
    +--+-----------------------------+------+---------+---------+
       Total:                        4740   228       50     
                                                             
    /home/jack/ti/ccsv8/tools/compiler/ti-cgt-arm_18.1.2.LTS/lib/rtsv7M4_T_le_v4SPD16_eabi.lib
       memory.c.obj                  492    0         24     
       memcpy_t2.asm.obj             156    0         0      
       copy_decompress_lzss.c.obj    104    0         0      
       autoinit.c.obj                68     0         0      
       u_divt2.asm.obj               64     0         0      
       boot_cortex_m.c.obj           56     0         0      
       _lock.c.obj                   2      0         16     
       copy_zero_init.c.obj          18     0         0      
       copy_decompress_none.c.obj    14     0         0      
       exit.c.obj                    4      0         0      
       pre_init.c.obj                4      0         0      
       div0.asm.obj                  2      0         0      
    +--+-----------------------------+------+---------+---------+
       Total:                        984    0         40     
                                                             
       Heap:                         0      0         2048   
       Stack:                        0      0         1024   
       Linker Generated:             0      60        0      
    +--+-----------------------------+------+---------+---------+
       Grand Total:                  5724   288       3162   


LINKER GENERATED COPY TABLES

__TI_cinit_table @ 00001778 records: 2, size/record: 8, table size: 16
	.data: load addr=00001748, load size=00000018 bytes, run addr=20000400, run size=00000020 bytes, compression=lzss
	.bss: load addr=00001770, load size=00000008 bytes, run addr=20000420, run size=00000010 bytes, compression=zero_init


LINKER GENERATED HANDLER TABLE

__TI_handler_table @ 00001760 records: 3, size/record: 4, table size: 12
	index: 0, handler: __TI_decompress_lzss
	index: 1, handler: __TI_decompress_none
	index: 2, handler: __TI_zero_init


GLOBAL SYMBOLS: SORTED ALPHABETICALLY BY Name 

address   name                          
-------   ----                          
00001739  ADC14_IRQHandler              
00001739  AES256_IRQHandler             
00001739  BusFault_Handler              
000012f5  C$$EXIT                       
00001739  COMP_E0_IRQHandler            
00001739  COMP_E1_IRQHandler            
00001739  CS_IRQHandler                 
00001739  DMA_ERR_IRQHandler            
00001739  DMA_INT0_IRQHandler           
00001739  DMA_INT1_IRQHandler           
00001739  DMA_INT2_IRQHandler           
00001739  DMA_INT3_IRQHandler           
00001739  DebugMon_Handler              
00001739  Default_Handler               
000007b1  EUSCIA0_IRQHandler            
000007b1  EUSCIA0_IRQHandler            
00001739  EUSCIA1_IRQHandler            
00001739  EUSCIA2_IRQHandler            
00001739  EUSCIA3_IRQHandler            
00000709  EUSCIB0_IRQHandler            
00000709  EUSCIB0_IRQHandler            
00001739  EUSCIB1_IRQHandler            
00001739  EUSCIB2_IRQHandler            
00001739  EUSCIB3_IRQHandler            
00001739  FLCTL_IRQHandler              
00001739  FPU_IRQHandler                
00001739  HardFault_Handler             
00001739  MemManage_Handler             
00001739  NMI_Handler                   
00001739  PCM_IRQHandler                
00001739  PORT1_IRQHandler              
00001739  PORT2_IRQHandler              
00001739  PORT3_IRQHandler              
00001739  PORT4_IRQHandler              
00000609  PORT5_IRQHandler              
00000609  PORT5_IRQHandler              
00001739  PORT6_IRQHandler              
00001739  PSS_IRQHandler                
00001739  PendSV_Handler                
00000f81  RTC_C_IRQHandler              
00000f81  RTC_C_IRQHandler              
20000420  RXBuf                         
20000424  RXBuf_i2c                     
00001729  Reset_Handler                 
00001739  SVC_Handler                   
00001331  SysTick_Handler               
00001331  SysTick_Handler               
2000041c  SystemCoreClock               
00000899  SystemCoreClockUpdate         
00000819  SystemInit                    
00001739  T32_INT1_IRQHandler           
00001739  T32_INT2_IRQHandler           
00001739  T32_INTC_IRQHandler           
00001739  TA0_0_IRQHandler              
00001739  TA0_N_IRQHandler              
00001739  TA1_0_IRQHandler              
00001739  TA1_N_IRQHandler              
00001739  TA2_0_IRQHandler              
00001739  TA2_N_IRQHandler              
00001739  TA3_0_IRQHandler              
00001739  TA3_N_IRQHandler              
20000428  TXBuf                         
2000042c  TXBuf_i2c                     
00001739  UsageFault_Handler            
4000480c  WDTCTL_SYM                    
00001739  WDT_A_IRQHandler              
20010000  __STACK_END                   
00000200  __STACK_SIZE                  
00000400  __SYSMEM_SIZE                 
00001778  __TI_CINIT_Base               
00001788  __TI_CINIT_Limit              
00001760  __TI_Handler_Table_Base       
0000176c  __TI_Handler_Table_Limit      
000015bd  __TI_auto_init_nobinit_nopinit
00001555  __TI_decompress_lzss          
0000173b  __TI_decompress_none          
ffffffff  __TI_pprof_out_hndl           
ffffffff  __TI_prof_data_size           
ffffffff  __TI_prof_data_start          
00000000  __TI_static_base__            
00001715  __TI_zero_init_nomemset       
0000109f  __aeabi_idiv0                 
0000109f  __aeabi_ldiv0                 
00001441  __aeabi_memcpy                
00001441  __aeabi_memcpy4               
00001441  __aeabi_memcpy8               
00001601  __aeabi_uidiv                 
00001601  __aeabi_uidivmod              
ffffffff  __binit__                     
ffffffff  __c_args__                    
UNDEFED   __mpu_init                    
2000fe00  __stack                       
0000167d  _c_int00_noargs               
2000040c  _lock                         
00000bc7  _nop                          
20000000  _sys_memory                   
UNDEFED   _system_post_cinit            
00000815  _system_pre_init              
20000410  _unlock                       
000012f5  abort                         
00001129  addItemCircBuf                
00000c09  assignPin                     
ffffffff  binit                         
20000418  buttonCount                   
000005d1  configure_SystemClock         
000004d1  configure_all_pins            
00000451  configure_buttons             
000003c9  configure_i2c                 
00000341  configure_leds                
00000f09  configure_rtc                 
00000e91  configure_shift_pins          
000002a9  configure_uart                
00000219  convert_to_fahrenheit         
000011e1  createCircBuf                 
00000bc9  decToSevSeg                   
000011c9  deleteCircBuf                 
00000e59  disableOutput                 
00001319  disableSystick                
20000417  doButtons                     
00000e21  enableOutput                  
000012f9  enableSystick                 
0000121d  free                          
20000414  hours                         
00000000  interruptVectors              
000011b9  isEmpty                       
00001111  isFullCircBuf                 
00001159  loadToBuf                     
000013a1  main                          
000014dd  malloc                        
00001441  memcpy                        
000016b5  minit                         
20000415  minutes                       
00000c41  pulseClock                    
00000129  read_i2c                      
00000231  read_temp_c                   
00000289  read_temp_f                   
000010d1  removeItem                    
000010a1  resetCircBuf                  
20000416  seconds                       
00000209  send_byte                     
00000c61  shiftOut                      
000001a9  trigger_sample_mpl            
00000da1  updateMinutes                 
00000d51  updateSeconds                 
00000c91  updateTime                    
000000e9  write_i2c                     


GLOBAL SYMBOLS: SORTED BY Symbol Address 

address   name                          
-------   ----                          
00000000  __TI_static_base__            
00000000  interruptVectors              
000000e9  write_i2c                     
00000129  read_i2c                      
000001a9  trigger_sample_mpl            
00000200  __STACK_SIZE                  
00000209  send_byte                     
00000219  convert_to_fahrenheit         
00000231  read_temp_c                   
00000289  read_temp_f                   
000002a9  configure_uart                
00000341  configure_leds                
000003c9  configure_i2c                 
00000400  __SYSMEM_SIZE                 
00000451  configure_buttons             
000004d1  configure_all_pins            
000005d1  configure_SystemClock         
00000609  PORT5_IRQHandler              
00000609  PORT5_IRQHandler              
00000709  EUSCIB0_IRQHandler            
00000709  EUSCIB0_IRQHandler            
000007b1  EUSCIA0_IRQHandler            
000007b1  EUSCIA0_IRQHandler            
00000815  _system_pre_init              
00000819  SystemInit                    
00000899  SystemCoreClockUpdate         
00000bc7  _nop                          
00000bc9  decToSevSeg                   
00000c09  assignPin                     
00000c41  pulseClock                    
00000c61  shiftOut                      
00000c91  updateTime                    
00000d51  updateSeconds                 
00000da1  updateMinutes                 
00000e21  enableOutput                  
00000e59  disableOutput                 
00000e91  configure_shift_pins          
00000f09  configure_rtc                 
00000f81  RTC_C_IRQHandler              
00000f81  RTC_C_IRQHandler              
0000109f  __aeabi_idiv0                 
0000109f  __aeabi_ldiv0                 
000010a1  resetCircBuf                  
000010d1  removeItem                    
00001111  isFullCircBuf                 
00001129  addItemCircBuf                
00001159  loadToBuf                     
000011b9  isEmpty                       
000011c9  deleteCircBuf                 
000011e1  createCircBuf                 
0000121d  free                          
000012f5  C$$EXIT                       
000012f5  abort                         
000012f9  enableSystick                 
00001319  disableSystick                
00001331  SysTick_Handler               
00001331  SysTick_Handler               
000013a1  main                          
00001441  __aeabi_memcpy                
00001441  __aeabi_memcpy4               
00001441  __aeabi_memcpy8               
00001441  memcpy                        
000014dd  malloc                        
00001555  __TI_decompress_lzss          
000015bd  __TI_auto_init_nobinit_nopinit
00001601  __aeabi_uidiv                 
00001601  __aeabi_uidivmod              
0000167d  _c_int00_noargs               
000016b5  minit                         
00001715  __TI_zero_init_nomemset       
00001729  Reset_Handler                 
00001739  ADC14_IRQHandler              
00001739  AES256_IRQHandler             
00001739  BusFault_Handler              
00001739  COMP_E0_IRQHandler            
00001739  COMP_E1_IRQHandler            
00001739  CS_IRQHandler                 
00001739  DMA_ERR_IRQHandler            
00001739  DMA_INT0_IRQHandler           
00001739  DMA_INT1_IRQHandler           
00001739  DMA_INT2_IRQHandler           
00001739  DMA_INT3_IRQHandler           
00001739  DebugMon_Handler              
00001739  Default_Handler               
00001739  EUSCIA1_IRQHandler            
00001739  EUSCIA2_IRQHandler            
00001739  EUSCIA3_IRQHandler            
00001739  EUSCIB1_IRQHandler            
00001739  EUSCIB2_IRQHandler            
00001739  EUSCIB3_IRQHandler            
00001739  FLCTL_IRQHandler              
00001739  FPU_IRQHandler                
00001739  HardFault_Handler             
00001739  MemManage_Handler             
00001739  NMI_Handler                   
00001739  PCM_IRQHandler                
00001739  PORT1_IRQHandler              
00001739  PORT2_IRQHandler              
00001739  PORT3_IRQHandler              
00001739  PORT4_IRQHandler              
00001739  PORT6_IRQHandler              
00001739  PSS_IRQHandler                
00001739  PendSV_Handler                
00001739  SVC_Handler                   
00001739  T32_INT1_IRQHandler           
00001739  T32_INT2_IRQHandler           
00001739  T32_INTC_IRQHandler           
00001739  TA0_0_IRQHandler              
00001739  TA0_N_IRQHandler              
00001739  TA1_0_IRQHandler              
00001739  TA1_N_IRQHandler              
00001739  TA2_0_IRQHandler              
00001739  TA2_N_IRQHandler              
00001739  TA3_0_IRQHandler              
00001739  TA3_N_IRQHandler              
00001739  UsageFault_Handler            
00001739  WDT_A_IRQHandler              
0000173b  __TI_decompress_none          
00001760  __TI_Handler_Table_Base       
0000176c  __TI_Handler_Table_Limit      
00001778  __TI_CINIT_Base               
00001788  __TI_CINIT_Limit              
20000000  _sys_memory                   
2000040c  _lock                         
20000410  _unlock                       
20000414  hours                         
20000415  minutes                       
20000416  seconds                       
20000417  doButtons                     
20000418  buttonCount                   
2000041c  SystemCoreClock               
20000420  RXBuf                         
20000424  RXBuf_i2c                     
20000428  TXBuf                         
2000042c  TXBuf_i2c                     
2000fe00  __stack                       
20010000  __STACK_END                   
4000480c  WDTCTL_SYM                    
ffffffff  __TI_pprof_out_hndl           
ffffffff  __TI_prof_data_size           
ffffffff  __TI_prof_data_start          
ffffffff  __binit__                     
ffffffff  __c_args__                    
ffffffff  binit                         
UNDEFED   __mpu_init                    
UNDEFED   _system_post_cinit            

[146 symbols]
