******************************************************************************
                  TI ARM Linker Unix v18.1.2                   
******************************************************************************
>> Linked Sat Feb  9 01:03:46 2019

OUTPUT FILE NAME:   <VFD-Clock.out>
ENTRY POINT SYMBOL: "_c_int00_noargs"  address: 00001429


MEMORY CONFIGURATION

         name            origin    length      used     unused   attr    fill
----------------------  --------  ---------  --------  --------  ----  --------
  MAIN                  00000000   00040000  00001534  0003eacc  R  X
  INFO                  00200000   00004000  00000000  00004000  R  X
  SRAM_CODE             01000000   00010000  00000628  0000f9d8  RW X
  SRAM_DATA             20000000   00010000  00000628  0000f9d8  RW  


SEGMENT ALLOCATION MAP

run origin  load origin   length   init length attrs members
----------  ----------- ---------- ----------- ----- -------
00000000    00000000    00001538   00001538    r-x
  00000000    00000000    000000e4   000000e4    r-- .intvecs
  000000e8    000000e8    00001410   00001410    r-x .text
  000014f8    000014f8    00000040   00000040    r-- .cinit
20000000    20000000    00000428   00000000    rw-
  20000000    20000000    00000400   00000000    rw- .sysmem
  20000400    20000400    00000020   00000000    rw- .data
  20000420    20000420    00000008   00000000    rw- .bss
2000fe00    2000fe00    00000200   00000000    rw-
  2000fe00    2000fe00    00000200   00000000    rw- .stack


SECTION ALLOCATION MAP

 output                                  attributes/
section   page    origin      length       input sections
--------  ----  ----------  ----------   ----------------
.intvecs   0    00000000    000000e4     
                  00000000    000000e4     startup_msp432p401r_ccs.obj (.intvecs:retain)

.text      0    000000e8    00001410     
                  000000e8    000004c4     peripherals.obj (.text)
                  000005ac    00000004     rtsv7M4_T_le_v4SPD16_eabi.lib : pre_init.c.obj (.text:_system_pre_init)
                  000005b0    000003ae     system_msp432p401r.obj (.text)
                  0000095e    00000002     rtsv7M4_T_le_v4SPD16_eabi.lib : _lock.c.obj (.text:_nop)
                  00000960    00000340     tubes.obj (.text)
                  00000ca0    00000196     rtc.obj (.text)
                  00000e36    00000002     rtsv7M4_T_le_v4SPD16_eabi.lib : div0.asm.obj (.text)
                  00000e38    0000017a     circbuf.obj (.text)
                  00000fb2    00000002     --HOLE-- [fill = 0]
                  00000fb4    000000d8     rtsv7M4_T_le_v4SPD16_eabi.lib : memory.c.obj (.text:free)
                  0000108c    00000004                                   : exit.c.obj (.text:abort:abort)
                  00001090    000000d6     timer.obj (.text)
                  00001166    0000009c     rtsv7M4_T_le_v4SPD16_eabi.lib : memcpy_t2.asm.obj (.text)
                  00001202    00000006     --HOLE-- [fill = 0]
                  00001208    0000007e     main.obj (.text)
                  00001286    00000002     --HOLE-- [fill = 0]
                  00001288    00000078     rtsv7M4_T_le_v4SPD16_eabi.lib : memory.c.obj (.text:malloc)
                  00001300    00000068                                   : copy_decompress_lzss.c.obj (.text:decompress:lzss:__TI_decompress_lzss)
                  00001368    00000044                                   : autoinit.c.obj (.text:__TI_auto_init_nobinit_nopinit:__TI_auto_init_nobinit_nopinit)
                  000013ac    00000040                                   : u_divt2.asm.obj (.text)
                  000013ec    0000003c                                   : memory.c.obj (.text:minsert)
                  00001428    00000038                                   : boot_cortex_m.c.obj (.text:_c_int00_noargs:_c_int00_noargs)
                  00001460    00000038                                   : memory.c.obj (.text:minit)
                  00001498    00000028                                   : memory.c.obj (.text:mremove)
                  000014c0    00000012                                   : copy_zero_init.c.obj (.text:decompress:ZI:__TI_zero_init_nomemset:__TI_zero_init_nomemset)
                  000014d2    00000006     --HOLE-- [fill = 0]
                  000014d8    00000012     startup_msp432p401r_ccs.obj (.text)
                  000014ea    0000000e     rtsv7M4_T_le_v4SPD16_eabi.lib : copy_decompress_none.c.obj (.text:decompress:none:__TI_decompress_none)

.cinit     0    000014f8    00000040     
                  000014f8    00000018     (.cinit..data.load) [load image, compression = lzss]
                  00001510    0000000c     (__TI_handler_table)
                  0000151c    00000004     --HOLE-- [fill = 0]
                  00001520    00000008     (.cinit..bss.load) [load image, compression = zero_init]
                  00001528    00000010     (__TI_cinit_table)

.init_array 
*          0    00000000    00000000     UNINITIALIZED

.binit     0    00000000    00000000     

.sysmem    0    20000000    00000400     UNINITIALIZED
                  20000000    00000008     rtsv7M4_T_le_v4SPD16_eabi.lib : memory.c.obj (.sysmem)
                  20000008    000003f8     --HOLE--

.data      0    20000400    00000020     UNINITIALIZED
                  20000400    0000000c     rtsv7M4_T_le_v4SPD16_eabi.lib : memory.c.obj (.data:$O1$$)
                  2000040c    00000008                                   : _lock.c.obj (.data:$O1$$)
                  20000414    00000007     main.obj (.data)
                  2000041b    00000001     --HOLE--
                  2000041c    00000004     system_msp432p401r.obj (.data)

.bss       0    20000420    00000008     UNINITIALIZED
                  20000420    00000004     (.common:RXBuf)
                  20000424    00000004     (.common:TXBuf)

.stack     0    2000fe00    00000200     UNINITIALIZED
                  2000fe00    00000004     rtsv7M4_T_le_v4SPD16_eabi.lib : boot_cortex_m.c.obj (.stack)
                  2000fe04    000001fc     --HOLE--

MODULE SUMMARY

       Module                        code   ro data   rw data
       ------                        ----   -------   -------
    ./
       peripherals.obj               1220   0         0      
       system_msp432p401r.obj        942    0         8      
       tubes.obj                     832    0         0      
       rtc.obj                       406    0         0      
       circbuf.obj                   378    0         0      
       startup_msp432p401r_ccs.obj   18     228       0      
       timer.obj                     214    0         0      
       main.obj                      126    0         30     
    +--+-----------------------------+------+---------+---------+
       Total:                        4136   228       38     
                                                             
    /home/jack/ti/ccsv8/tools/compiler/ti-cgt-arm_18.1.2.LTS/lib/rtsv7M4_T_le_v4SPD16_eabi.lib
       memory.c.obj                  492    0         24     
       memcpy_t2.asm.obj             156    0         0      
       copy_decompress_lzss.c.obj    104    0         0      
       autoinit.c.obj                68     0         0      
       u_divt2.asm.obj               64     0         0      
       boot_cortex_m.c.obj           56     0         0      
       _lock.c.obj                   2      0         16     
       copy_zero_init.c.obj          18     0         0      
       copy_decompress_none.c.obj    14     0         0      
       exit.c.obj                    4      0         0      
       pre_init.c.obj                4      0         0      
       div0.asm.obj                  2      0         0      
    +--+-----------------------------+------+---------+---------+
       Total:                        984    0         40     
                                                             
       Heap:                         0      0         2048   
       Stack:                        0      0         1024   
       Linker Generated:             0      60        0      
    +--+-----------------------------+------+---------+---------+
       Grand Total:                  5120   288       3150   


LINKER GENERATED COPY TABLES

__TI_cinit_table @ 00001528 records: 2, size/record: 8, table size: 16
	.data: load addr=000014f8, load size=00000018 bytes, run addr=20000400, run size=00000020 bytes, compression=lzss
	.bss: load addr=00001520, load size=00000008 bytes, run addr=20000420, run size=00000008 bytes, compression=zero_init


LINKER GENERATED HANDLER TABLE

__TI_handler_table @ 00001510 records: 3, size/record: 4, table size: 12
	index: 0, handler: __TI_decompress_lzss
	index: 1, handler: __TI_decompress_none
	index: 2, handler: __TI_zero_init


GLOBAL SYMBOLS: SORTED ALPHABETICALLY BY Name 

address   name                          
-------   ----                          
000014e9  ADC14_IRQHandler              
000014e9  AES256_IRQHandler             
000014e9  BusFault_Handler              
0000108d  C$$EXIT                       
000014e9  COMP_E0_IRQHandler            
000014e9  COMP_E1_IRQHandler            
000014e9  CS_IRQHandler                 
000014e9  DMA_ERR_IRQHandler            
000014e9  DMA_INT0_IRQHandler           
000014e9  DMA_INT1_IRQHandler           
000014e9  DMA_INT2_IRQHandler           
000014e9  DMA_INT3_IRQHandler           
000014e9  DebugMon_Handler              
000014e9  Default_Handler               
00000549  EUSCIA0_IRQHandler            
00000549  EUSCIA0_IRQHandler            
000014e9  EUSCIA1_IRQHandler            
000014e9  EUSCIA2_IRQHandler            
000014e9  EUSCIA3_IRQHandler            
000014e9  EUSCIB0_IRQHandler            
000014e9  EUSCIB1_IRQHandler            
000014e9  EUSCIB2_IRQHandler            
000014e9  EUSCIB3_IRQHandler            
000014e9  FLCTL_IRQHandler              
000014e9  FPU_IRQHandler                
000014e9  HardFault_Handler             
000014e9  MemManage_Handler             
000014e9  NMI_Handler                   
000014e9  PCM_IRQHandler                
000014e9  PORT1_IRQHandler              
000014e9  PORT2_IRQHandler              
000014e9  PORT3_IRQHandler              
000014e9  PORT4_IRQHandler              
000003c1  PORT5_IRQHandler              
000003c1  PORT5_IRQHandler              
000014e9  PORT6_IRQHandler              
000014e9  PSS_IRQHandler                
000014e9  PendSV_Handler                
00000d19  RTC_C_IRQHandler              
00000d19  RTC_C_IRQHandler              
20000420  RXBuf                         
000014d9  Reset_Handler                 
000014e9  SVC_Handler                   
000014e9  SysTick_Handler               
2000041c  SystemCoreClock               
00000631  SystemCoreClockUpdate         
000005b1  SystemInit                    
000014e9  T32_INT1_IRQHandler           
000014e9  T32_INT2_IRQHandler           
000014e9  T32_INTC_IRQHandler           
000010d9  TA0_0_IRQHandler              
000010d9  TA0_0_IRQHandler              
000014e9  TA0_N_IRQHandler              
000014e9  TA1_0_IRQHandler              
000014e9  TA1_N_IRQHandler              
000014e9  TA2_0_IRQHandler              
000014e9  TA2_N_IRQHandler              
000014e9  TA3_0_IRQHandler              
000014e9  TA3_N_IRQHandler              
20000424  TXBuf                         
000014e9  UsageFault_Handler            
4000480c  WDTCTL_SYM                    
000014e9  WDT_A_IRQHandler              
20010000  __STACK_END                   
00000200  __STACK_SIZE                  
00000400  __SYSMEM_SIZE                 
00001528  __TI_CINIT_Base               
00001538  __TI_CINIT_Limit              
00001510  __TI_Handler_Table_Base       
0000151c  __TI_Handler_Table_Limit      
00001369  __TI_auto_init_nobinit_nopinit
00001301  __TI_decompress_lzss          
000014eb  __TI_decompress_none          
ffffffff  __TI_pprof_out_hndl           
ffffffff  __TI_prof_data_size           
ffffffff  __TI_prof_data_start          
00000000  __TI_static_base__            
000014c1  __TI_zero_init_nomemset       
00000e37  __aeabi_idiv0                 
00000e37  __aeabi_ldiv0                 
00001167  __aeabi_memcpy                
00001167  __aeabi_memcpy4               
00001167  __aeabi_memcpy8               
000013ad  __aeabi_uidiv                 
000013ad  __aeabi_uidivmod              
ffffffff  __binit__                     
ffffffff  __c_args__                    
UNDEFED   __mpu_init                    
2000fe00  __stack                       
00001429  _c_int00_noargs               
2000040c  _lock                         
0000095f  _nop                          
20000000  _sys_memory                   
UNDEFED   _system_post_cinit            
000005ad  _system_pre_init              
20000410  _unlock                       
0000108d  abort                         
00000ec1  addItemCircBuf                
000009a1  assignPin                     
ffffffff  binit                         
2000041a  buttonCount                   
00000389  configure_SystemClock         
00000289  configure_all_pins            
00000209  configure_buttons             
00000181  configure_leds                
00000ca1  configure_rtc                 
00001091  configure_setup_timer         
00000c29  configure_shift_pins          
000000e9  configure_uart                
00000f79  createCircBuf                 
00000961  decToSevSeg                   
00000f61  deleteCircBuf                 
00000bf1  disableOutput                 
20000419  doButtons                     
00000bb9  enableOutput                  
00000fb5  free                          
20000415  hours                         
00000000  interruptVectors              
00000f51  isEmpty                       
00000ea9  isFullCircBuf                 
00000ef1  loadToBuf                     
00001209  main                          
00001289  malloc                        
00001167  memcpy                        
00001461  minit                         
20000416  minutes                       
000009d9  pulseClock                    
00000e69  removeItem                    
00000e39  resetCircBuf                  
20000417  seconds                       
20000418  setupChanged                  
000009f9  shiftOut                      
20000414  switch_select                 
00000b39  updateMinutes                 
00000ae9  updateSeconds                 
00000a29  updateTime                    


GLOBAL SYMBOLS: SORTED BY Symbol Address 

address   name                          
-------   ----                          
00000000  __TI_static_base__            
00000000  interruptVectors              
000000e9  configure_uart                
00000181  configure_leds                
00000200  __STACK_SIZE                  
00000209  configure_buttons             
00000289  configure_all_pins            
00000389  configure_SystemClock         
000003c1  PORT5_IRQHandler              
000003c1  PORT5_IRQHandler              
00000400  __SYSMEM_SIZE                 
00000549  EUSCIA0_IRQHandler            
00000549  EUSCIA0_IRQHandler            
000005ad  _system_pre_init              
000005b1  SystemInit                    
00000631  SystemCoreClockUpdate         
0000095f  _nop                          
00000961  decToSevSeg                   
000009a1  assignPin                     
000009d9  pulseClock                    
000009f9  shiftOut                      
00000a29  updateTime                    
00000ae9  updateSeconds                 
00000b39  updateMinutes                 
00000bb9  enableOutput                  
00000bf1  disableOutput                 
00000c29  configure_shift_pins          
00000ca1  configure_rtc                 
00000d19  RTC_C_IRQHandler              
00000d19  RTC_C_IRQHandler              
00000e37  __aeabi_idiv0                 
00000e37  __aeabi_ldiv0                 
00000e39  resetCircBuf                  
00000e69  removeItem                    
00000ea9  isFullCircBuf                 
00000ec1  addItemCircBuf                
00000ef1  loadToBuf                     
00000f51  isEmpty                       
00000f61  deleteCircBuf                 
00000f79  createCircBuf                 
00000fb5  free                          
0000108d  C$$EXIT                       
0000108d  abort                         
00001091  configure_setup_timer         
000010d9  TA0_0_IRQHandler              
000010d9  TA0_0_IRQHandler              
00001167  __aeabi_memcpy                
00001167  __aeabi_memcpy4               
00001167  __aeabi_memcpy8               
00001167  memcpy                        
00001209  main                          
00001289  malloc                        
00001301  __TI_decompress_lzss          
00001369  __TI_auto_init_nobinit_nopinit
000013ad  __aeabi_uidiv                 
000013ad  __aeabi_uidivmod              
00001429  _c_int00_noargs               
00001461  minit                         
000014c1  __TI_zero_init_nomemset       
000014d9  Reset_Handler                 
000014e9  ADC14_IRQHandler              
000014e9  AES256_IRQHandler             
000014e9  BusFault_Handler              
000014e9  COMP_E0_IRQHandler            
000014e9  COMP_E1_IRQHandler            
000014e9  CS_IRQHandler                 
000014e9  DMA_ERR_IRQHandler            
000014e9  DMA_INT0_IRQHandler           
000014e9  DMA_INT1_IRQHandler           
000014e9  DMA_INT2_IRQHandler           
000014e9  DMA_INT3_IRQHandler           
000014e9  DebugMon_Handler              
000014e9  Default_Handler               
000014e9  EUSCIA1_IRQHandler            
000014e9  EUSCIA2_IRQHandler            
000014e9  EUSCIA3_IRQHandler            
000014e9  EUSCIB0_IRQHandler            
000014e9  EUSCIB1_IRQHandler            
000014e9  EUSCIB2_IRQHandler            
000014e9  EUSCIB3_IRQHandler            
000014e9  FLCTL_IRQHandler              
000014e9  FPU_IRQHandler                
000014e9  HardFault_Handler             
000014e9  MemManage_Handler             
000014e9  NMI_Handler                   
000014e9  PCM_IRQHandler                
000014e9  PORT1_IRQHandler              
000014e9  PORT2_IRQHandler              
000014e9  PORT3_IRQHandler              
000014e9  PORT4_IRQHandler              
000014e9  PORT6_IRQHandler              
000014e9  PSS_IRQHandler                
000014e9  PendSV_Handler                
000014e9  SVC_Handler                   
000014e9  SysTick_Handler               
000014e9  T32_INT1_IRQHandler           
000014e9  T32_INT2_IRQHandler           
000014e9  T32_INTC_IRQHandler           
000014e9  TA0_N_IRQHandler              
000014e9  TA1_0_IRQHandler              
000014e9  TA1_N_IRQHandler              
000014e9  TA2_0_IRQHandler              
000014e9  TA2_N_IRQHandler              
000014e9  TA3_0_IRQHandler              
000014e9  TA3_N_IRQHandler              
000014e9  UsageFault_Handler            
000014e9  WDT_A_IRQHandler              
000014eb  __TI_decompress_none          
00001510  __TI_Handler_Table_Base       
0000151c  __TI_Handler_Table_Limit      
00001528  __TI_CINIT_Base               
00001538  __TI_CINIT_Limit              
20000000  _sys_memory                   
2000040c  _lock                         
20000410  _unlock                       
20000414  switch_select                 
20000415  hours                         
20000416  minutes                       
20000417  seconds                       
20000418  setupChanged                  
20000419  doButtons                     
2000041a  buttonCount                   
2000041c  SystemCoreClock               
20000420  RXBuf                         
20000424  TXBuf                         
2000fe00  __stack                       
20010000  __STACK_END                   
4000480c  WDTCTL_SYM                    
ffffffff  __TI_pprof_out_hndl           
ffffffff  __TI_prof_data_size           
ffffffff  __TI_prof_data_start          
ffffffff  __binit__                     
ffffffff  __c_args__                    
ffffffff  binit                         
UNDEFED   __mpu_init                    
UNDEFED   _system_post_cinit            

[136 symbols]
