******************************************************************************
                  TI ARM Linker Unix v18.1.2                   
******************************************************************************
>> Linked Sat Feb  9 02:22:24 2019

OUTPUT FILE NAME:   <VFD-Clock.out>
ENTRY POINT SYMBOL: "_c_int00_noargs"  address: 00000e1d


MEMORY CONFIGURATION

         name            origin    length      used     unused   attr    fill
----------------------  --------  ---------  --------  --------  ----  --------
  MAIN                  00000000   00040000  00000e90  0003f170  R  X
  INFO                  00200000   00004000  00000000  00004000  R  X
  SRAM_CODE             01000000   00010000  00000607  0000f9f9  RW X
  SRAM_DATA             20000000   00010000  00000607  0000f9f9  RW  


SEGMENT ALLOCATION MAP

run origin  load origin   length   init length attrs members
----------  ----------- ---------- ----------- ----- -------
00000000    00000000    00000e94   00000e94    r-x
  00000000    00000000    000000e4   000000e4    r-- .intvecs
  000000e8    000000e8    00000d90   00000d90    r-x .text
  00000e78    00000e78    0000001c   0000001c    r-- .cinit
20000000    20000000    00000407   00000000    rw-
  20000000    20000000    00000400   00000000    rw- .sysmem
  20000400    20000400    00000007   00000000    rw- .data
2000fe00    2000fe00    00000200   00000000    rw-
  2000fe00    2000fe00    00000200   00000000    rw- .stack


SECTION ALLOCATION MAP

 output                                  attributes/
section   page    origin      length       input sections
--------  ----  ----------  ----------   ----------------
.intvecs   0    00000000    000000e4     
                  00000000    000000e4     startup_msp432p401r_ccs.obj (.intvecs:retain)

.text      0    000000e8    00000d90     
                  000000e8    000003ae     system_msp432p401r.obj (.text)
                  00000496    00000002     --HOLE-- [fill = 0]
                  00000498    00000340     tubes.obj (.text)
                  000007d8    000002e2     peripherals.obj (.text)
                  00000aba    00000004     rtsv7M4_T_le_v4SPD16_eabi.lib : pre_init.c.obj (.text:_system_pre_init)
                  00000abe    00000002     --HOLE-- [fill = 0]
                  00000ac0    00000196     rtc.obj (.text)
                  00000c56    0000009c     rtsv7M4_T_le_v4SPD16_eabi.lib : memcpy_t2.asm.obj (.text)
                  00000cf2    00000004                                   : exit.c.obj (.text:abort:abort)
                  00000cf6    00000002     --HOLE-- [fill = 0]
                  00000cf8    00000078     main.obj (.text)
                  00000d70    00000068     rtsv7M4_T_le_v4SPD16_eabi.lib : copy_decompress_lzss.c.obj (.text:decompress:lzss:__TI_decompress_lzss)
                  00000dd8    00000044                                   : autoinit.c.obj (.text:__TI_auto_init_nobinit_nopinit:__TI_auto_init_nobinit_nopinit)
                  00000e1c    00000038                                   : boot_cortex_m.c.obj (.text:_c_int00_noargs:_c_int00_noargs)
                  00000e54    00000004     --HOLE-- [fill = 0]
                  00000e58    00000012     startup_msp432p401r_ccs.obj (.text)
                  00000e6a    0000000e     rtsv7M4_T_le_v4SPD16_eabi.lib : copy_decompress_none.c.obj (.text:decompress:none:__TI_decompress_none)

.cinit     0    00000e78    0000001c     
                  00000e78    0000000a     (.cinit..data.load) [load image, compression = lzss]
                  00000e82    00000002     --HOLE-- [fill = 0]
                  00000e84    00000008     (__TI_handler_table)
                  00000e8c    00000008     (__TI_cinit_table)

.init_array 
*          0    00000000    00000000     UNINITIALIZED

.binit     0    00000000    00000000     

.data      0    20000400    00000007     UNINITIALIZED
                  20000400    00000004     system_msp432p401r.obj (.data)
                  20000404    00000003     main.obj (.data)

.sysmem    0    20000000    00000400     UNINITIALIZED
                  20000000    00000008     rtsv7M4_T_le_v4SPD16_eabi.lib : memory.c.obj (.sysmem)
                  20000008    000003f8     --HOLE--

.stack     0    2000fe00    00000200     UNINITIALIZED
                  2000fe00    00000004     rtsv7M4_T_le_v4SPD16_eabi.lib : boot_cortex_m.c.obj (.stack)
                  2000fe04    000001fc     --HOLE--

MODULE SUMMARY

       Module                        code   ro data   rw data
       ------                        ----   -------   -------
    ./
       system_msp432p401r.obj        942    0         8      
       tubes.obj                     832    0         0      
       peripherals.obj               738    0         0      
       rtc.obj                       406    0         0      
       startup_msp432p401r_ccs.obj   18     228       0      
       main.obj                      120    0         6      
    +--+-----------------------------+------+---------+---------+
       Total:                        3056   228       14     
                                                             
    /home/jack/ti/ccsv8/tools/compiler/ti-cgt-arm_18.1.2.LTS/lib/rtsv7M4_T_le_v4SPD16_eabi.lib
       memcpy_t2.asm.obj             156    0         0      
       copy_decompress_lzss.c.obj    104    0         0      
       autoinit.c.obj                68     0         0      
       boot_cortex_m.c.obj           56     0         0      
       copy_decompress_none.c.obj    14     0         0      
       exit.c.obj                    4      0         0      
       pre_init.c.obj                4      0         0      
    +--+-----------------------------+------+---------+---------+
       Total:                        406    0         0      
                                                             
       Heap:                         0      0         2048   
       Stack:                        0      0         1024   
       Linker Generated:             0      26        0      
    +--+-----------------------------+------+---------+---------+
       Grand Total:                  3462   254       3086   


LINKER GENERATED COPY TABLES

__TI_cinit_table @ 00000e8c records: 1, size/record: 8, table size: 8
	.data: load addr=00000e78, load size=0000000a bytes, run addr=20000400, run size=00000007 bytes, compression=lzss


LINKER GENERATED HANDLER TABLE

__TI_handler_table @ 00000e84 records: 2, size/record: 4, table size: 8
	index: 0, handler: __TI_decompress_lzss
	index: 1, handler: __TI_decompress_none


GLOBAL SYMBOLS: SORTED ALPHABETICALLY BY Name 

address   name                          
-------   ----                          
00000e69  ADC14_IRQHandler              
00000e69  AES256_IRQHandler             
00000e69  BusFault_Handler              
00000cf3  C$$EXIT                       
00000e69  COMP_E0_IRQHandler            
00000e69  COMP_E1_IRQHandler            
00000e69  CS_IRQHandler                 
00000e69  DMA_ERR_IRQHandler            
00000e69  DMA_INT0_IRQHandler           
00000e69  DMA_INT1_IRQHandler           
00000e69  DMA_INT2_IRQHandler           
00000e69  DMA_INT3_IRQHandler           
00000e69  DebugMon_Handler              
00000e69  Default_Handler               
00000e69  EUSCIA0_IRQHandler            
00000e69  EUSCIA1_IRQHandler            
00000e69  EUSCIA2_IRQHandler            
00000e69  EUSCIA3_IRQHandler            
00000e69  EUSCIB0_IRQHandler            
00000e69  EUSCIB1_IRQHandler            
00000e69  EUSCIB2_IRQHandler            
00000e69  EUSCIB3_IRQHandler            
00000e69  FLCTL_IRQHandler              
00000e69  FPU_IRQHandler                
00000e69  HardFault_Handler             
00000e69  MemManage_Handler             
00000e69  NMI_Handler                   
00000e69  PCM_IRQHandler                
00000e69  PORT1_IRQHandler              
00000e69  PORT2_IRQHandler              
00000e69  PORT3_IRQHandler              
00000e69  PORT4_IRQHandler              
00000e69  PORT5_IRQHandler              
00000e69  PORT6_IRQHandler              
00000e69  PSS_IRQHandler                
00000e69  PendSV_Handler                
00000b39  RTC_C_IRQHandler              
00000b39  RTC_C_IRQHandler              
00000e59  Reset_Handler                 
00000e69  SVC_Handler                   
00000e69  SysTick_Handler               
20000400  SystemCoreClock               
00000169  SystemCoreClockUpdate         
000000e9  SystemInit                    
00000e69  T32_INT1_IRQHandler           
00000e69  T32_INT2_IRQHandler           
00000e69  T32_INTC_IRQHandler           
00000e69  TA0_0_IRQHandler              
00000e69  TA0_N_IRQHandler              
00000e69  TA1_0_IRQHandler              
00000e69  TA1_N_IRQHandler              
00000e69  TA2_0_IRQHandler              
00000e69  TA2_N_IRQHandler              
00000e69  TA3_0_IRQHandler              
00000e69  TA3_N_IRQHandler              
00000e69  UsageFault_Handler            
4000480c  WDTCTL_SYM                    
00000e69  WDT_A_IRQHandler              
20010000  __STACK_END                   
00000200  __STACK_SIZE                  
00000400  __SYSMEM_SIZE                 
00000e8c  __TI_CINIT_Base               
00000e94  __TI_CINIT_Limit              
00000e84  __TI_Handler_Table_Base       
00000e8c  __TI_Handler_Table_Limit      
00000dd9  __TI_auto_init_nobinit_nopinit
00000d71  __TI_decompress_lzss          
00000e6b  __TI_decompress_none          
ffffffff  __TI_pprof_out_hndl           
ffffffff  __TI_prof_data_size           
ffffffff  __TI_prof_data_start          
00000000  __TI_static_base__            
00000c57  __aeabi_memcpy                
00000c57  __aeabi_memcpy4               
00000c57  __aeabi_memcpy8               
ffffffff  __binit__                     
ffffffff  __c_args__                    
UNDEFED   __mpu_init                    
2000fe00  __stack                       
00000e1d  _c_int00_noargs               
20000000  _sys_memory                   
UNDEFED   _system_post_cinit            
00000abb  _system_pre_init              
00000cf3  abort                         
000004d9  assignPin                     
ffffffff  binit                         
00000a79  configure_SystemClock         
00000979  configure_all_pins            
000008f9  configure_buttons             
00000871  configure_leds                
00000ac1  configure_rtc                 
00000761  configure_shift_pins          
000007d9  configure_uart                
00000499  decToSevSeg                   
00000729  disableOutput                 
000006f1  enableOutput                  
20000404  hours                         
00000000  interruptVectors              
00000cf9  main                          
00000c57  memcpy                        
20000405  minutes                       
00000511  pulseClock                    
20000406  seconds                       
00000531  shiftOut                      
00000671  updateMinutes                 
00000621  updateSeconds                 
00000561  updateTime                    


GLOBAL SYMBOLS: SORTED BY Symbol Address 

address   name                          
-------   ----                          
00000000  __TI_static_base__            
00000000  interruptVectors              
000000e9  SystemInit                    
00000169  SystemCoreClockUpdate         
00000200  __STACK_SIZE                  
00000400  __SYSMEM_SIZE                 
00000499  decToSevSeg                   
000004d9  assignPin                     
00000511  pulseClock                    
00000531  shiftOut                      
00000561  updateTime                    
00000621  updateSeconds                 
00000671  updateMinutes                 
000006f1  enableOutput                  
00000729  disableOutput                 
00000761  configure_shift_pins          
000007d9  configure_uart                
00000871  configure_leds                
000008f9  configure_buttons             
00000979  configure_all_pins            
00000a79  configure_SystemClock         
00000abb  _system_pre_init              
00000ac1  configure_rtc                 
00000b39  RTC_C_IRQHandler              
00000b39  RTC_C_IRQHandler              
00000c57  __aeabi_memcpy                
00000c57  __aeabi_memcpy4               
00000c57  __aeabi_memcpy8               
00000c57  memcpy                        
00000cf3  C$$EXIT                       
00000cf3  abort                         
00000cf9  main                          
00000d71  __TI_decompress_lzss          
00000dd9  __TI_auto_init_nobinit_nopinit
00000e1d  _c_int00_noargs               
00000e59  Reset_Handler                 
00000e69  ADC14_IRQHandler              
00000e69  AES256_IRQHandler             
00000e69  BusFault_Handler              
00000e69  COMP_E0_IRQHandler            
00000e69  COMP_E1_IRQHandler            
00000e69  CS_IRQHandler                 
00000e69  DMA_ERR_IRQHandler            
00000e69  DMA_INT0_IRQHandler           
00000e69  DMA_INT1_IRQHandler           
00000e69  DMA_INT2_IRQHandler           
00000e69  DMA_INT3_IRQHandler           
00000e69  DebugMon_Handler              
00000e69  Default_Handler               
00000e69  EUSCIA0_IRQHandler            
00000e69  EUSCIA1_IRQHandler            
00000e69  EUSCIA2_IRQHandler            
00000e69  EUSCIA3_IRQHandler            
00000e69  EUSCIB0_IRQHandler            
00000e69  EUSCIB1_IRQHandler            
00000e69  EUSCIB2_IRQHandler            
00000e69  EUSCIB3_IRQHandler            
00000e69  FLCTL_IRQHandler              
00000e69  FPU_IRQHandler                
00000e69  HardFault_Handler             
00000e69  MemManage_Handler             
00000e69  NMI_Handler                   
00000e69  PCM_IRQHandler                
00000e69  PORT1_IRQHandler              
00000e69  PORT2_IRQHandler              
00000e69  PORT3_IRQHandler              
00000e69  PORT4_IRQHandler              
00000e69  PORT5_IRQHandler              
00000e69  PORT6_IRQHandler              
00000e69  PSS_IRQHandler                
00000e69  PendSV_Handler                
00000e69  SVC_Handler                   
00000e69  SysTick_Handler               
00000e69  T32_INT1_IRQHandler           
00000e69  T32_INT2_IRQHandler           
00000e69  T32_INTC_IRQHandler           
00000e69  TA0_0_IRQHandler              
00000e69  TA0_N_IRQHandler              
00000e69  TA1_0_IRQHandler              
00000e69  TA1_N_IRQHandler              
00000e69  TA2_0_IRQHandler              
00000e69  TA2_N_IRQHandler              
00000e69  TA3_0_IRQHandler              
00000e69  TA3_N_IRQHandler              
00000e69  UsageFault_Handler            
00000e69  WDT_A_IRQHandler              
00000e6b  __TI_decompress_none          
00000e84  __TI_Handler_Table_Base       
00000e8c  __TI_CINIT_Base               
00000e8c  __TI_Handler_Table_Limit      
00000e94  __TI_CINIT_Limit              
20000000  _sys_memory                   
20000400  SystemCoreClock               
20000404  hours                         
20000405  minutes                       
20000406  seconds                       
2000fe00  __stack                       
20010000  __STACK_END                   
4000480c  WDTCTL_SYM                    
ffffffff  __TI_pprof_out_hndl           
ffffffff  __TI_prof_data_size           
ffffffff  __TI_prof_data_start          
ffffffff  __binit__                     
ffffffff  __c_args__                    
ffffffff  binit                         
UNDEFED   __mpu_init                    
UNDEFED   _system_post_cinit            

[107 symbols]
