******************************************************************************
                  TI ARM Linker Unix v18.1.2                   
******************************************************************************
>> Linked Tue Feb 12 01:52:00 2019

OUTPUT FILE NAME:   <VFD-Clock.out>
ENTRY POINT SYMBOL: "_c_int00_noargs"  address: 0000172d


MEMORY CONFIGURATION

         name            origin    length      used     unused   attr    fill
----------------------  --------  ---------  --------  --------  ----  --------
  MAIN                  00000000   00040000  00001834  0003e7cc  R  X
  INFO                  00200000   00004000  00000000  00004000  R  X
  SRAM_CODE             01000000   00010000  0000062c  0000f9d4  RW X
  SRAM_DATA             20000000   00010000  0000062c  0000f9d4  RW  


SEGMENT ALLOCATION MAP

run origin  load origin   length   init length attrs members
----------  ----------- ---------- ----------- ----- -------
00000000    00000000    00001838   00001838    r-x
  00000000    00000000    000000e4   000000e4    r-- .intvecs
  000000e8    000000e8    00001710   00001710    r-x .text
  000017f8    000017f8    00000040   00000040    r-- .cinit
20000000    20000000    0000042c   00000000    rw-
  20000000    20000000    00000400   00000000    rw- .sysmem
  20000400    20000400    00000024   00000000    rw- .data
  20000424    20000424    00000008   00000000    rw- .bss
2000fe00    2000fe00    00000200   00000000    rw-
  2000fe00    2000fe00    00000200   00000000    rw- .stack


SECTION ALLOCATION MAP

 output                                  attributes/
section   page    origin      length       input sections
--------  ----  ----------  ----------   ----------------
.intvecs   0    00000000    000000e4     
                  00000000    000000e4     startup_msp432p401r_ccs.obj (.intvecs:retain)

.text      0    000000e8    00001710     
                  000000e8    00000694     peripherals.obj (.text)
                  0000077c    00000004     rtsv7M4_T_le_v4SPD16_eabi.lib : pre_init.c.obj (.text:_system_pre_init)
                  00000780    000003ae     system_msp432p401r.obj (.text)
                  00000b2e    00000002     rtsv7M4_T_le_v4SPD16_eabi.lib : _lock.c.obj (.text:_nop)
                  00000b30    00000340     tubes.obj (.text)
                  00000e70    000001b8     timer.obj (.text)
                  00001028    00000196     rtc.obj (.text)
                  000011be    00000002     rtsv7M4_T_le_v4SPD16_eabi.lib : div0.asm.obj (.text)
                  000011c0    0000017a     circbuf.obj (.text)
                  0000133a    00000002     --HOLE-- [fill = 0]
                  0000133c    000000d8     rtsv7M4_T_le_v4SPD16_eabi.lib : memory.c.obj (.text:free)
                  00001414    00000004                                   : exit.c.obj (.text:abort:abort)
                  00001418    000000d6     main.obj (.text)
                  000014ee    0000009c     rtsv7M4_T_le_v4SPD16_eabi.lib : memcpy_t2.asm.obj (.text)
                  0000158a    00000002     --HOLE-- [fill = 0]
                  0000158c    00000078                                   : memory.c.obj (.text:malloc)
                  00001604    00000068                                   : copy_decompress_lzss.c.obj (.text:decompress:lzss:__TI_decompress_lzss)
                  0000166c    00000044                                   : autoinit.c.obj (.text:__TI_auto_init_nobinit_nopinit:__TI_auto_init_nobinit_nopinit)
                  000016b0    00000040                                   : u_divt2.asm.obj (.text)
                  000016f0    0000003c                                   : memory.c.obj (.text:minsert)
                  0000172c    00000038                                   : boot_cortex_m.c.obj (.text:_c_int00_noargs:_c_int00_noargs)
                  00001764    00000038                                   : memory.c.obj (.text:minit)
                  0000179c    00000028                                   : memory.c.obj (.text:mremove)
                  000017c4    00000012                                   : copy_zero_init.c.obj (.text:decompress:ZI:__TI_zero_init_nomemset:__TI_zero_init_nomemset)
                  000017d6    00000002     --HOLE-- [fill = 0]
                  000017d8    00000012     startup_msp432p401r_ccs.obj (.text)
                  000017ea    0000000e     rtsv7M4_T_le_v4SPD16_eabi.lib : copy_decompress_none.c.obj (.text:decompress:none:__TI_decompress_none)

.cinit     0    000017f8    00000040     
                  000017f8    0000001b     (.cinit..data.load) [load image, compression = lzss]
                  00001813    00000001     --HOLE-- [fill = 0]
                  00001814    0000000c     (__TI_handler_table)
                  00001820    00000008     (.cinit..bss.load) [load image, compression = zero_init]
                  00001828    00000010     (__TI_cinit_table)

.init_array 
*          0    00000000    00000000     UNINITIALIZED

.binit     0    00000000    00000000     

.sysmem    0    20000000    00000400     UNINITIALIZED
                  20000000    00000008     rtsv7M4_T_le_v4SPD16_eabi.lib : memory.c.obj (.sysmem)
                  20000008    000003f8     --HOLE--

.data      0    20000400    00000024     UNINITIALIZED
                  20000400    0000000c     rtsv7M4_T_le_v4SPD16_eabi.lib : memory.c.obj (.data:$O1$$)
                  2000040c    0000000a     main.obj (.data)
                  20000416    00000002     --HOLE--
                  20000418    00000008     rtsv7M4_T_le_v4SPD16_eabi.lib : _lock.c.obj (.data:$O1$$)
                  20000420    00000004     system_msp432p401r.obj (.data)

.bss       0    20000424    00000008     UNINITIALIZED
                  20000424    00000004     (.common:RXBuf)
                  20000428    00000004     (.common:TXBuf)

.stack     0    2000fe00    00000200     UNINITIALIZED
                  2000fe00    00000004     rtsv7M4_T_le_v4SPD16_eabi.lib : boot_cortex_m.c.obj (.stack)
                  2000fe04    000001fc     --HOLE--

MODULE SUMMARY

       Module                        code   ro data   rw data
       ------                        ----   -------   -------
    ./
       peripherals.obj               1684   0         0      
       system_msp432p401r.obj        942    0         8      
       tubes.obj                     832    0         0      
       timer.obj                     440    0         0      
       rtc.obj                       406    0         0      
       circbuf.obj                   378    0         0      
       main.obj                      214    0         36     
       startup_msp432p401r_ccs.obj   18     228       0      
    +--+-----------------------------+------+---------+---------+
       Total:                        4914   228       44     
                                                             
    /home/jack/ti/ccsv8/tools/compiler/ti-cgt-arm_18.1.2.LTS/lib/rtsv7M4_T_le_v4SPD16_eabi.lib
       memory.c.obj                  492    0         24     
       memcpy_t2.asm.obj             156    0         0      
       copy_decompress_lzss.c.obj    104    0         0      
       autoinit.c.obj                68     0         0      
       u_divt2.asm.obj               64     0         0      
       boot_cortex_m.c.obj           56     0         0      
       _lock.c.obj                   2      0         16     
       copy_zero_init.c.obj          18     0         0      
       copy_decompress_none.c.obj    14     0         0      
       exit.c.obj                    4      0         0      
       pre_init.c.obj                4      0         0      
       div0.asm.obj                  2      0         0      
    +--+-----------------------------+------+---------+---------+
       Total:                        984    0         40     
                                                             
       Heap:                         0      0         2048   
       Stack:                        0      0         1024   
       Linker Generated:             0      63        0      
    +--+-----------------------------+------+---------+---------+
       Grand Total:                  5898   291       3156   


LINKER GENERATED COPY TABLES

__TI_cinit_table @ 00001828 records: 2, size/record: 8, table size: 16
	.data: load addr=000017f8, load size=0000001b bytes, run addr=20000400, run size=00000024 bytes, compression=lzss
	.bss: load addr=00001820, load size=00000008 bytes, run addr=20000424, run size=00000008 bytes, compression=zero_init


LINKER GENERATED HANDLER TABLE

__TI_handler_table @ 00001814 records: 3, size/record: 4, table size: 12
	index: 0, handler: __TI_decompress_lzss
	index: 1, handler: __TI_decompress_none
	index: 2, handler: __TI_zero_init


GLOBAL SYMBOLS: SORTED ALPHABETICALLY BY Name 

address   name                          
-------   ----                          
000017e9  ADC14_IRQHandler              
000017e9  AES256_IRQHandler             
000017e9  BusFault_Handler              
00001415  C$$EXIT                       
000017e9  COMP_E0_IRQHandler            
000017e9  COMP_E1_IRQHandler            
000017e9  CS_IRQHandler                 
000017e9  DMA_ERR_IRQHandler            
000017e9  DMA_INT0_IRQHandler           
000017e9  DMA_INT1_IRQHandler           
000017e9  DMA_INT2_IRQHandler           
000017e9  DMA_INT3_IRQHandler           
000017e9  DebugMon_Handler              
000017e9  Default_Handler               
00000719  EUSCIA0_IRQHandler            
00000719  EUSCIA0_IRQHandler            
000017e9  EUSCIA1_IRQHandler            
000017e9  EUSCIA2_IRQHandler            
000017e9  EUSCIA3_IRQHandler            
000017e9  EUSCIB0_IRQHandler            
000017e9  EUSCIB1_IRQHandler            
000017e9  EUSCIB2_IRQHandler            
000017e9  EUSCIB3_IRQHandler            
000017e9  FLCTL_IRQHandler              
000017e9  FPU_IRQHandler                
000017e9  HardFault_Handler             
000017e9  MemManage_Handler             
000017e9  NMI_Handler                   
000017e9  PCM_IRQHandler                
000017e9  PORT1_IRQHandler              
000017e9  PORT2_IRQHandler              
000017e9  PORT3_IRQHandler              
000017e9  PORT4_IRQHandler              
00000401  PORT5_IRQHandler              
00000401  PORT5_IRQHandler              
000017e9  PORT6_IRQHandler              
000017e9  PSS_IRQHandler                
000017e9  PendSV_Handler                
000010a1  RTC_C_IRQHandler              
000010a1  RTC_C_IRQHandler              
20000424  RXBuf                         
000017d9  Reset_Handler                 
000017e9  SVC_Handler                   
000017e9  SysTick_Handler               
20000420  SystemCoreClock               
00000801  SystemCoreClockUpdate         
00000781  SystemInit                    
000017e9  T32_INT1_IRQHandler           
000017e9  T32_INT2_IRQHandler           
000017e9  T32_INTC_IRQHandler           
00000f71  TA0_0_IRQHandler              
00000f71  TA0_0_IRQHandler              
000017e9  TA0_N_IRQHandler              
00000f11  TA1_0_IRQHandler              
00000f11  TA1_0_IRQHandler              
000017e9  TA1_N_IRQHandler              
000017e9  TA2_0_IRQHandler              
000017e9  TA2_N_IRQHandler              
000017e9  TA3_0_IRQHandler              
000017e9  TA3_N_IRQHandler              
20000428  TXBuf                         
000017e9  UsageFault_Handler            
4000480c  WDTCTL_SYM                    
000017e9  WDT_A_IRQHandler              
20010000  __STACK_END                   
00000200  __STACK_SIZE                  
00000400  __SYSMEM_SIZE                 
00001828  __TI_CINIT_Base               
00001838  __TI_CINIT_Limit              
00001814  __TI_Handler_Table_Base       
00001820  __TI_Handler_Table_Limit      
0000166d  __TI_auto_init_nobinit_nopinit
00001605  __TI_decompress_lzss          
000017eb  __TI_decompress_none          
ffffffff  __TI_pprof_out_hndl           
ffffffff  __TI_prof_data_size           
ffffffff  __TI_prof_data_start          
00000000  __TI_static_base__            
000017c5  __TI_zero_init_nomemset       
000011bf  __aeabi_idiv0                 
000011bf  __aeabi_ldiv0                 
000014ef  __aeabi_memcpy                
000014ef  __aeabi_memcpy4               
000014ef  __aeabi_memcpy8               
000016b1  __aeabi_uidiv                 
000016b1  __aeabi_uidivmod              
ffffffff  __binit__                     
ffffffff  __c_args__                    
UNDEFED   __mpu_init                    
2000fe00  __stack                       
0000172d  _c_int00_noargs               
20000418  _lock                         
00000b2f  _nop                          
20000000  _sys_memory                   
UNDEFED   _system_post_cinit            
0000077d  _system_pre_init              
2000041c  _unlock                       
00001415  abort                         
00001249  addItemCircBuf                
00000b71  assignPin                     
ffffffff  binit                         
20000411  buttonCount                   
000003c9  configure_SystemClock         
000002c9  configure_all_pins            
00000249  configure_buttons             
00000181  configure_leds                
00001029  configure_rtc                 
00000ec9  configure_setup_timer         
00000df9  configure_shift_pins          
00000e71  configure_temperature_timer   
000000e9  configure_uart                
00001301  createCircBuf                 
00000b31  decToSevSeg                   
000012e9  deleteCircBuf                 
00000dc1  disableOutput                 
20000410  doButtons                     
00000d89  enableOutput                  
0000133d  free                          
2000040d  hours                         
00000000  interruptVectors              
000012d9  isEmpty                       
00001231  isFullCircBuf                 
00001279  loadToBuf                     
00001419  main                          
0000158d  malloc                        
000014ef  memcpy                        
00001765  minit                         
2000040e  minutes                       
00000ba9  pulseClock                    
000011f1  removeItem                    
000011c1  resetCircBuf                  
2000040f  seconds                       
00000bc9  shiftOut                      
2000040c  switch_select                 
20000414  temperature_timer_count       
20000413  temperature_update_request    
00000d09  updateMinutes                 
00000cb9  updateSeconds                 
00000bf9  updateTime                    
20000412  update_request                


GLOBAL SYMBOLS: SORTED BY Symbol Address 

address   name                          
-------   ----                          
00000000  __TI_static_base__            
00000000  interruptVectors              
000000e9  configure_uart                
00000181  configure_leds                
00000200  __STACK_SIZE                  
00000249  configure_buttons             
000002c9  configure_all_pins            
000003c9  configure_SystemClock         
00000400  __SYSMEM_SIZE                 
00000401  PORT5_IRQHandler              
00000401  PORT5_IRQHandler              
00000719  EUSCIA0_IRQHandler            
00000719  EUSCIA0_IRQHandler            
0000077d  _system_pre_init              
00000781  SystemInit                    
00000801  SystemCoreClockUpdate         
00000b2f  _nop                          
00000b31  decToSevSeg                   
00000b71  assignPin                     
00000ba9  pulseClock                    
00000bc9  shiftOut                      
00000bf9  updateTime                    
00000cb9  updateSeconds                 
00000d09  updateMinutes                 
00000d89  enableOutput                  
00000dc1  disableOutput                 
00000df9  configure_shift_pins          
00000e71  configure_temperature_timer   
00000ec9  configure_setup_timer         
00000f11  TA1_0_IRQHandler              
00000f11  TA1_0_IRQHandler              
00000f71  TA0_0_IRQHandler              
00000f71  TA0_0_IRQHandler              
00001029  configure_rtc                 
000010a1  RTC_C_IRQHandler              
000010a1  RTC_C_IRQHandler              
000011bf  __aeabi_idiv0                 
000011bf  __aeabi_ldiv0                 
000011c1  resetCircBuf                  
000011f1  removeItem                    
00001231  isFullCircBuf                 
00001249  addItemCircBuf                
00001279  loadToBuf                     
000012d9  isEmpty                       
000012e9  deleteCircBuf                 
00001301  createCircBuf                 
0000133d  free                          
00001415  C$$EXIT                       
00001415  abort                         
00001419  main                          
000014ef  __aeabi_memcpy                
000014ef  __aeabi_memcpy4               
000014ef  __aeabi_memcpy8               
000014ef  memcpy                        
0000158d  malloc                        
00001605  __TI_decompress_lzss          
0000166d  __TI_auto_init_nobinit_nopinit
000016b1  __aeabi_uidiv                 
000016b1  __aeabi_uidivmod              
0000172d  _c_int00_noargs               
00001765  minit                         
000017c5  __TI_zero_init_nomemset       
000017d9  Reset_Handler                 
000017e9  ADC14_IRQHandler              
000017e9  AES256_IRQHandler             
000017e9  BusFault_Handler              
000017e9  COMP_E0_IRQHandler            
000017e9  COMP_E1_IRQHandler            
000017e9  CS_IRQHandler                 
000017e9  DMA_ERR_IRQHandler            
000017e9  DMA_INT0_IRQHandler           
000017e9  DMA_INT1_IRQHandler           
000017e9  DMA_INT2_IRQHandler           
000017e9  DMA_INT3_IRQHandler           
000017e9  DebugMon_Handler              
000017e9  Default_Handler               
000017e9  EUSCIA1_IRQHandler            
000017e9  EUSCIA2_IRQHandler            
000017e9  EUSCIA3_IRQHandler            
000017e9  EUSCIB0_IRQHandler            
000017e9  EUSCIB1_IRQHandler            
000017e9  EUSCIB2_IRQHandler            
000017e9  EUSCIB3_IRQHandler            
000017e9  FLCTL_IRQHandler              
000017e9  FPU_IRQHandler                
000017e9  HardFault_Handler             
000017e9  MemManage_Handler             
000017e9  NMI_Handler                   
000017e9  PCM_IRQHandler                
000017e9  PORT1_IRQHandler              
000017e9  PORT2_IRQHandler              
000017e9  PORT3_IRQHandler              
000017e9  PORT4_IRQHandler              
000017e9  PORT6_IRQHandler              
000017e9  PSS_IRQHandler                
000017e9  PendSV_Handler                
000017e9  SVC_Handler                   
000017e9  SysTick_Handler               
000017e9  T32_INT1_IRQHandler           
000017e9  T32_INT2_IRQHandler           
000017e9  T32_INTC_IRQHandler           
000017e9  TA0_N_IRQHandler              
000017e9  TA1_N_IRQHandler              
000017e9  TA2_0_IRQHandler              
000017e9  TA2_N_IRQHandler              
000017e9  TA3_0_IRQHandler              
000017e9  TA3_N_IRQHandler              
000017e9  UsageFault_Handler            
000017e9  WDT_A_IRQHandler              
000017eb  __TI_decompress_none          
00001814  __TI_Handler_Table_Base       
00001820  __TI_Handler_Table_Limit      
00001828  __TI_CINIT_Base               
00001838  __TI_CINIT_Limit              
20000000  _sys_memory                   
2000040c  switch_select                 
2000040d  hours                         
2000040e  minutes                       
2000040f  seconds                       
20000410  doButtons                     
20000411  buttonCount                   
20000412  update_request                
20000413  temperature_update_request    
20000414  temperature_timer_count       
20000418  _lock                         
2000041c  _unlock                       
20000420  SystemCoreClock               
20000424  RXBuf                         
20000428  TXBuf                         
2000fe00  __stack                       
20010000  __STACK_END                   
4000480c  WDTCTL_SYM                    
ffffffff  __TI_pprof_out_hndl           
ffffffff  __TI_prof_data_size           
ffffffff  __TI_prof_data_start          
ffffffff  __binit__                     
ffffffff  __c_args__                    
ffffffff  binit                         
UNDEFED   __mpu_init                    
UNDEFED   _system_post_cinit            

[140 symbols]
