******************************************************************************
                  TI ARM Linker Unix v18.1.2                   
******************************************************************************
>> Linked Sat Feb  9 14:07:05 2019

OUTPUT FILE NAME:   <VFD-Clock.out>
ENTRY POINT SYMBOL: "_c_int00_noargs"  address: 00001641


MEMORY CONFIGURATION

         name            origin    length      used     unused   attr    fill
----------------------  --------  ---------  --------  --------  ----  --------
  MAIN                  00000000   00040000  0000174c  0003e8b4  R  X
  INFO                  00200000   00004000  00000000  00004000  R  X
  SRAM_CODE             01000000   00010000  00000630  0000f9d0  RW X
  SRAM_DATA             20000000   00010000  00000630  0000f9d0  RW  


SEGMENT ALLOCATION MAP

run origin  load origin   length   init length attrs members
----------  ----------- ---------- ----------- ----- -------
00000000    00000000    00001750   00001750    r-x
  00000000    00000000    000000e4   000000e4    r-- .intvecs
  000000e8    000000e8    00001628   00001628    r-x .text
  00001710    00001710    00000040   00000040    r-- .cinit
20000000    20000000    00000430   00000000    rw-
  20000000    20000000    00000400   00000000    rw- .sysmem
  20000400    20000400    00000020   00000000    rw- .data
  20000420    20000420    00000010   00000000    rw- .bss
2000fe00    2000fe00    00000200   00000000    rw-
  2000fe00    2000fe00    00000200   00000000    rw- .stack


SECTION ALLOCATION MAP

 output                                  attributes/
section   page    origin      length       input sections
--------  ----  ----------  ----------   ----------------
.intvecs   0    00000000    000000e4     
                  00000000    000000e4     startup_msp432p401r_ccs.obj (.intvecs:retain)

.text      0    000000e8    00001628     
                  000000e8    0000044c     peripherals.obj (.text)
                  00000534    00000004     rtsv7M4_T_le_v4SPD16_eabi.lib : pre_init.c.obj (.text:_system_pre_init)
                  00000538    000003ae     system_msp432p401r.obj (.text)
                  000008e6    00000002     rtsv7M4_T_le_v4SPD16_eabi.lib : _lock.c.obj (.text:_nop)
                  000008e8    00000340     tubes.obj (.text)
                  00000c28    000002b0     i2c.obj (.text)
                  00000ed8    00000196     rtc.obj (.text)
                  0000106e    00000002     rtsv7M4_T_le_v4SPD16_eabi.lib : div0.asm.obj (.text)
                  00001070    0000017a     circbuf.obj (.text)
                  000011ea    00000002     --HOLE-- [fill = 0]
                  000011ec    000000d8     rtsv7M4_T_le_v4SPD16_eabi.lib : memory.c.obj (.text:free)
                  000012c4    00000004                                   : exit.c.obj (.text:abort:abort)
                  000012c8    000000a8     timer.obj (.text)
                  00001370    0000009c     rtsv7M4_T_le_v4SPD16_eabi.lib : memcpy_t2.asm.obj (.text)
                  0000140c    00000004     --HOLE-- [fill = 0]
                  00001410    00000090     main.obj (.text)
                  000014a0    00000078     rtsv7M4_T_le_v4SPD16_eabi.lib : memory.c.obj (.text:malloc)
                  00001518    00000068                                   : copy_decompress_lzss.c.obj (.text:decompress:lzss:__TI_decompress_lzss)
                  00001580    00000044                                   : autoinit.c.obj (.text:__TI_auto_init_nobinit_nopinit:__TI_auto_init_nobinit_nopinit)
                  000015c4    00000040                                   : u_divt2.asm.obj (.text)
                  00001604    0000003c                                   : memory.c.obj (.text:minsert)
                  00001640    00000038                                   : boot_cortex_m.c.obj (.text:_c_int00_noargs:_c_int00_noargs)
                  00001678    00000038                                   : memory.c.obj (.text:minit)
                  000016b0    00000028                                   : memory.c.obj (.text:mremove)
                  000016d8    00000012                                   : copy_zero_init.c.obj (.text:decompress:ZI:__TI_zero_init_nomemset:__TI_zero_init_nomemset)
                  000016ea    00000006     --HOLE-- [fill = 0]
                  000016f0    00000012     startup_msp432p401r_ccs.obj (.text)
                  00001702    0000000e     rtsv7M4_T_le_v4SPD16_eabi.lib : copy_decompress_none.c.obj (.text:decompress:none:__TI_decompress_none)

.cinit     0    00001710    00000040     
                  00001710    00000018     (.cinit..data.load) [load image, compression = lzss]
                  00001728    0000000c     (__TI_handler_table)
                  00001734    00000004     --HOLE-- [fill = 0]
                  00001738    00000008     (.cinit..bss.load) [load image, compression = zero_init]
                  00001740    00000010     (__TI_cinit_table)

.init_array 
*          0    00000000    00000000     UNINITIALIZED

.binit     0    00000000    00000000     

.sysmem    0    20000000    00000400     UNINITIALIZED
                  20000000    00000008     rtsv7M4_T_le_v4SPD16_eabi.lib : memory.c.obj (.sysmem)
                  20000008    000003f8     --HOLE--

.data      0    20000400    00000020     UNINITIALIZED
                  20000400    0000000c     rtsv7M4_T_le_v4SPD16_eabi.lib : memory.c.obj (.data:$O1$$)
                  2000040c    00000008                                   : _lock.c.obj (.data:$O1$$)
                  20000414    00000005     main.obj (.data)
                  20000419    00000001     i2c.obj (.data)
                  2000041a    00000002     --HOLE--
                  2000041c    00000004     system_msp432p401r.obj (.data)

.bss       0    20000420    00000010     UNINITIALIZED
                  20000420    00000004     (.common:RXBuf)
                  20000424    00000004     (.common:RXBuf_i2c)
                  20000428    00000004     (.common:TXBuf)
                  2000042c    00000004     (.common:TXBuf_i2c)

.stack     0    2000fe00    00000200     UNINITIALIZED
                  2000fe00    00000004     rtsv7M4_T_le_v4SPD16_eabi.lib : boot_cortex_m.c.obj (.stack)
                  2000fe04    000001fc     --HOLE--

MODULE SUMMARY

       Module                        code   ro data   rw data
       ------                        ----   -------   -------
    ./
       peripherals.obj               1100   0         0      
       system_msp432p401r.obj        942    0         8      
       tubes.obj                     832    0         0      
       i2c.obj                       688    0         2      
       rtc.obj                       406    0         0      
       circbuf.obj                   378    0         0      
       startup_msp432p401r_ccs.obj   18     228       0      
       main.obj                      144    0         42     
       timer.obj                     168    0         0      
    +--+-----------------------------+------+---------+---------+
       Total:                        4676   228       52     
                                                             
    /home/jack/ti/ccsv8/tools/compiler/ti-cgt-arm_18.1.2.LTS/lib/rtsv7M4_T_le_v4SPD16_eabi.lib
       memory.c.obj                  492    0         24     
       memcpy_t2.asm.obj             156    0         0      
       copy_decompress_lzss.c.obj    104    0         0      
       autoinit.c.obj                68     0         0      
       u_divt2.asm.obj               64     0         0      
       boot_cortex_m.c.obj           56     0         0      
       _lock.c.obj                   2      0         16     
       copy_zero_init.c.obj          18     0         0      
       copy_decompress_none.c.obj    14     0         0      
       exit.c.obj                    4      0         0      
       pre_init.c.obj                4      0         0      
       div0.asm.obj                  2      0         0      
    +--+-----------------------------+------+---------+---------+
       Total:                        984    0         40     
                                                             
       Heap:                         0      0         2048   
       Stack:                        0      0         1024   
       Linker Generated:             0      60        0      
    +--+-----------------------------+------+---------+---------+
       Grand Total:                  5660   288       3164   


LINKER GENERATED COPY TABLES

__TI_cinit_table @ 00001740 records: 2, size/record: 8, table size: 16
	.data: load addr=00001710, load size=00000018 bytes, run addr=20000400, run size=00000020 bytes, compression=lzss
	.bss: load addr=00001738, load size=00000008 bytes, run addr=20000420, run size=00000010 bytes, compression=zero_init


LINKER GENERATED HANDLER TABLE

__TI_handler_table @ 00001728 records: 3, size/record: 4, table size: 12
	index: 0, handler: __TI_decompress_lzss
	index: 1, handler: __TI_decompress_none
	index: 2, handler: __TI_zero_init


GLOBAL SYMBOLS: SORTED ALPHABETICALLY BY Name 

address   name                          
-------   ----                          
00001701  ADC14_IRQHandler              
00001701  AES256_IRQHandler             
00001701  BusFault_Handler              
000012c5  C$$EXIT                       
00001701  COMP_E0_IRQHandler            
00001701  COMP_E1_IRQHandler            
00001701  CS_IRQHandler                 
00001701  DMA_ERR_IRQHandler            
00001701  DMA_INT0_IRQHandler           
00001701  DMA_INT1_IRQHandler           
00001701  DMA_INT2_IRQHandler           
00001701  DMA_INT3_IRQHandler           
00001701  DebugMon_Handler              
00001701  Default_Handler               
000004d1  EUSCIA0_IRQHandler            
000004d1  EUSCIA0_IRQHandler            
00001701  EUSCIA1_IRQHandler            
00001701  EUSCIA2_IRQHandler            
00001701  EUSCIA3_IRQHandler            
00000e69  EUSCIB0_IRQHandler            
00000e69  EUSCIB0_IRQHandler            
00001701  EUSCIB1_IRQHandler            
00001701  EUSCIB2_IRQHandler            
00001701  EUSCIB3_IRQHandler            
00001701  FLCTL_IRQHandler              
00001701  FPU_IRQHandler                
00001701  HardFault_Handler             
00001701  MemManage_Handler             
00001701  NMI_Handler                   
00001701  PCM_IRQHandler                
00001701  PORT1_IRQHandler              
00001701  PORT2_IRQHandler              
00001701  PORT3_IRQHandler              
00001701  PORT4_IRQHandler              
000003d1  PORT5_IRQHandler              
000003d1  PORT5_IRQHandler              
00001701  PORT6_IRQHandler              
00001701  PSS_IRQHandler                
00001701  PendSV_Handler                
00000f51  RTC_C_IRQHandler              
00000f51  RTC_C_IRQHandler              
20000420  RXBuf                         
20000424  RXBuf_i2c                     
000016f1  Reset_Handler                 
00001701  SVC_Handler                   
00001301  SysTick_Handler               
00001301  SysTick_Handler               
2000041c  SystemCoreClock               
000005b9  SystemCoreClockUpdate         
00000539  SystemInit                    
00001701  T32_INT1_IRQHandler           
00001701  T32_INT2_IRQHandler           
00001701  T32_INTC_IRQHandler           
00001701  TA0_0_IRQHandler              
00001701  TA0_N_IRQHandler              
00001701  TA1_0_IRQHandler              
00001701  TA1_N_IRQHandler              
00001701  TA2_0_IRQHandler              
00001701  TA2_N_IRQHandler              
00001701  TA3_0_IRQHandler              
00001701  TA3_N_IRQHandler              
20000428  TXBuf                         
2000042c  TXBuf_i2c                     
00001701  UsageFault_Handler            
4000480c  WDTCTL_SYM                    
00001701  WDT_A_IRQHandler              
20010000  __STACK_END                   
00000200  __STACK_SIZE                  
00000400  __SYSMEM_SIZE                 
00001740  __TI_CINIT_Base               
00001750  __TI_CINIT_Limit              
00001728  __TI_Handler_Table_Base       
00001734  __TI_Handler_Table_Limit      
00001581  __TI_auto_init_nobinit_nopinit
00001519  __TI_decompress_lzss          
00001703  __TI_decompress_none          
ffffffff  __TI_pprof_out_hndl           
ffffffff  __TI_prof_data_size           
ffffffff  __TI_prof_data_start          
00000000  __TI_static_base__            
000016d9  __TI_zero_init_nomemset       
0000106f  __aeabi_idiv0                 
0000106f  __aeabi_ldiv0                 
00001371  __aeabi_memcpy                
00001371  __aeabi_memcpy4               
00001371  __aeabi_memcpy8               
000015c5  __aeabi_uidiv                 
000015c5  __aeabi_uidivmod              
ffffffff  __binit__                     
ffffffff  __c_args__                    
UNDEFED   __mpu_init                    
2000fe00  __stack                       
00001641  _c_int00_noargs               
2000040c  _lock                         
000008e7  _nop                          
20000000  _sys_memory                   
UNDEFED   _system_post_cinit            
00000535  _system_pre_init              
20000410  _unlock                       
000012c5  abort                         
000010f9  addItemCircBuf                
00000929  assignPin                     
ffffffff  binit                         
20000418  buttonCount                   
00000399  configure_SystemClock         
00000299  configure_all_pins            
00000219  configure_buttons             
00000dd9  configure_i2c                 
00000191  configure_leds                
00000ed9  configure_rtc                 
00000bb1  configure_shift_pins          
000000f9  configure_uart                
00000d71  convert_to_fahrenheit         
000011b1  createCircBuf                 
000008e9  decToSevSeg                   
00001199  deleteCircBuf                 
00000b79  disableOutput                 
000012e9  disableSystick                
20000417  doButtons                     
00000b41  enableOutput                  
000012c9  enableSystick                 
000011ed  free                          
20000414  hours                         
00000000  interruptVectors              
00001189  isEmpty                       
000010e1  isFullCircBuf                 
00001129  loadToBuf                     
00001411  main                          
000014a1  malloc                        
00001371  memcpy                        
00001679  minit                         
20000415  minutes                       
00000961  pulseClock                    
00000cb1  read_byte_i2c                 
00000d89  read_temp_c                   
00000da9  read_temp_f                   
000010a1  removeItem                    
00001071  resetCircBuf                  
20000416  seconds                       
000000e9  send_byte                     
00000d59  set_mode_active               
00000d41  set_mode_standby              
00000981  shiftOut                      
00000d19  trigger_sample_mpl            
20000419  tx_size                       
00000ac1  updateMinutes                 
00000a71  updateSeconds                 
000009b1  updateTime                    
00000c29  write_byte_i2c                


GLOBAL SYMBOLS: SORTED BY Symbol Address 

address   name                          
-------   ----                          
00000000  __TI_static_base__            
00000000  interruptVectors              
000000e9  send_byte                     
000000f9  configure_uart                
00000191  configure_leds                
00000200  __STACK_SIZE                  
00000219  configure_buttons             
00000299  configure_all_pins            
00000399  configure_SystemClock         
000003d1  PORT5_IRQHandler              
000003d1  PORT5_IRQHandler              
00000400  __SYSMEM_SIZE                 
000004d1  EUSCIA0_IRQHandler            
000004d1  EUSCIA0_IRQHandler            
00000535  _system_pre_init              
00000539  SystemInit                    
000005b9  SystemCoreClockUpdate         
000008e7  _nop                          
000008e9  decToSevSeg                   
00000929  assignPin                     
00000961  pulseClock                    
00000981  shiftOut                      
000009b1  updateTime                    
00000a71  updateSeconds                 
00000ac1  updateMinutes                 
00000b41  enableOutput                  
00000b79  disableOutput                 
00000bb1  configure_shift_pins          
00000c29  write_byte_i2c                
00000cb1  read_byte_i2c                 
00000d19  trigger_sample_mpl            
00000d41  set_mode_standby              
00000d59  set_mode_active               
00000d71  convert_to_fahrenheit         
00000d89  read_temp_c                   
00000da9  read_temp_f                   
00000dd9  configure_i2c                 
00000e69  EUSCIB0_IRQHandler            
00000e69  EUSCIB0_IRQHandler            
00000ed9  configure_rtc                 
00000f51  RTC_C_IRQHandler              
00000f51  RTC_C_IRQHandler              
0000106f  __aeabi_idiv0                 
0000106f  __aeabi_ldiv0                 
00001071  resetCircBuf                  
000010a1  removeItem                    
000010e1  isFullCircBuf                 
000010f9  addItemCircBuf                
00001129  loadToBuf                     
00001189  isEmpty                       
00001199  deleteCircBuf                 
000011b1  createCircBuf                 
000011ed  free                          
000012c5  C$$EXIT                       
000012c5  abort                         
000012c9  enableSystick                 
000012e9  disableSystick                
00001301  SysTick_Handler               
00001301  SysTick_Handler               
00001371  __aeabi_memcpy                
00001371  __aeabi_memcpy4               
00001371  __aeabi_memcpy8               
00001371  memcpy                        
00001411  main                          
000014a1  malloc                        
00001519  __TI_decompress_lzss          
00001581  __TI_auto_init_nobinit_nopinit
000015c5  __aeabi_uidiv                 
000015c5  __aeabi_uidivmod              
00001641  _c_int00_noargs               
00001679  minit                         
000016d9  __TI_zero_init_nomemset       
000016f1  Reset_Handler                 
00001701  ADC14_IRQHandler              
00001701  AES256_IRQHandler             
00001701  BusFault_Handler              
00001701  COMP_E0_IRQHandler            
00001701  COMP_E1_IRQHandler            
00001701  CS_IRQHandler                 
00001701  DMA_ERR_IRQHandler            
00001701  DMA_INT0_IRQHandler           
00001701  DMA_INT1_IRQHandler           
00001701  DMA_INT2_IRQHandler           
00001701  DMA_INT3_IRQHandler           
00001701  DebugMon_Handler              
00001701  Default_Handler               
00001701  EUSCIA1_IRQHandler            
00001701  EUSCIA2_IRQHandler            
00001701  EUSCIA3_IRQHandler            
00001701  EUSCIB1_IRQHandler            
00001701  EUSCIB2_IRQHandler            
00001701  EUSCIB3_IRQHandler            
00001701  FLCTL_IRQHandler              
00001701  FPU_IRQHandler                
00001701  HardFault_Handler             
00001701  MemManage_Handler             
00001701  NMI_Handler                   
00001701  PCM_IRQHandler                
00001701  PORT1_IRQHandler              
00001701  PORT2_IRQHandler              
00001701  PORT3_IRQHandler              
00001701  PORT4_IRQHandler              
00001701  PORT6_IRQHandler              
00001701  PSS_IRQHandler                
00001701  PendSV_Handler                
00001701  SVC_Handler                   
00001701  T32_INT1_IRQHandler           
00001701  T32_INT2_IRQHandler           
00001701  T32_INTC_IRQHandler           
00001701  TA0_0_IRQHandler              
00001701  TA0_N_IRQHandler              
00001701  TA1_0_IRQHandler              
00001701  TA1_N_IRQHandler              
00001701  TA2_0_IRQHandler              
00001701  TA2_N_IRQHandler              
00001701  TA3_0_IRQHandler              
00001701  TA3_N_IRQHandler              
00001701  UsageFault_Handler            
00001701  WDT_A_IRQHandler              
00001703  __TI_decompress_none          
00001728  __TI_Handler_Table_Base       
00001734  __TI_Handler_Table_Limit      
00001740  __TI_CINIT_Base               
00001750  __TI_CINIT_Limit              
20000000  _sys_memory                   
2000040c  _lock                         
20000410  _unlock                       
20000414  hours                         
20000415  minutes                       
20000416  seconds                       
20000417  doButtons                     
20000418  buttonCount                   
20000419  tx_size                       
2000041c  SystemCoreClock               
20000420  RXBuf                         
20000424  RXBuf_i2c                     
20000428  TXBuf                         
2000042c  TXBuf_i2c                     
2000fe00  __stack                       
20010000  __STACK_END                   
4000480c  WDTCTL_SYM                    
ffffffff  __TI_pprof_out_hndl           
ffffffff  __TI_prof_data_size           
ffffffff  __TI_prof_data_start          
ffffffff  __binit__                     
ffffffff  __c_args__                    
ffffffff  binit                         
UNDEFED   __mpu_init                    
UNDEFED   _system_post_cinit            

[149 symbols]
