******************************************************************************
                  TI ARM Linker Unix v18.1.2                   
******************************************************************************
>> Linked Fri Oct 26 12:48:41 2018

OUTPUT FILE NAME:   <VFD-Clock.out>
ENTRY POINT SYMBOL: "_c_int00_noargs"  address: 00000f9d


MEMORY CONFIGURATION

         name            origin    length      used     unused   attr    fill
----------------------  --------  ---------  --------  --------  ----  --------
  MAIN                  00000000   00040000  00001042  0003efbe  R  X
  INFO                  00200000   00004000  00000000  00004000  R  X
  SRAM_CODE             01000000   00010000  0000020d  0000fdf3  RW X
  SRAM_DATA             20000000   00010000  0000020d  0000fdf3  RW  


SEGMENT ALLOCATION MAP

run origin  load origin   length   init length attrs members
----------  ----------- ---------- ----------- ----- -------
00000000    00000000    00001048   00001048    r-x
  00000000    00000000    000000e4   000000e4    r-- .intvecs
  000000e4    000000e4    00000f26   00000f26    r-x .text
  00001010    00001010    00000038   00000038    r-- .cinit
20000000    20000000    0000000d   00000000    rw-
  20000000    20000000    0000000c   00000000    rw- .data
  2000000c    2000000c    00000001   00000000    rw- .bss
2000fe00    2000fe00    00000200   00000000    rw-
  2000fe00    2000fe00    00000200   00000000    rw- .stack


SECTION ALLOCATION MAP

 output                                  attributes/
section   page    origin      length       input sections
--------  ----  ----------  ----------   ----------------
.intvecs   0    00000000    000000e4     
                  00000000    000000e4     startup_msp432p401r_ccs.obj (.intvecs:retain)

.text      0    000000e4    00000f26     
                  000000e4    000004f8     tubes.obj (.text)
                  000005dc    00000334     system_msp432p401r.obj (.text)
                  00000910    0000029c     peripherals.obj (.text)
                  00000bac    000000f8     main.obj (.text)
                  00000ca4    000000dc     timer.obj (.text)
                  00000d80    000000d4     rtc.obj (.text)
                  00000e54    0000009c     rtsv7M4_T_le_v4SPD16_eabi.lib : memcpy_t2.asm.obj (.text)
                  00000ef0    00000068                                   : copy_decompress_lzss.c.obj (.text:decompress:lzss:__TI_decompress_lzss)
                  00000f58    00000044                                   : autoinit.c.obj (.text:__TI_auto_init_nobinit_nopinit:__TI_auto_init_nobinit_nopinit)
                  00000f9c    00000038                                   : boot_cortex_m.c.obj (.text:_c_int00_noargs:_c_int00_noargs)
                  00000fd4    00000012                                   : copy_zero_init.c.obj (.text:decompress:ZI:__TI_zero_init_nomemset:__TI_zero_init_nomemset)
                  00000fe6    0000000e                                   : copy_decompress_none.c.obj (.text:decompress:none:__TI_decompress_none)
                  00000ff4    0000000e     startup_msp432p401r_ccs.obj (.text)
                  00001002    00000004     rtsv7M4_T_le_v4SPD16_eabi.lib : pre_init.c.obj (.text:_system_pre_init)
                  00001006    00000004                                   : exit.c.obj (.text:abort:abort)

.cinit     0    00001010    00000038     
                  00001010    00000010     (.cinit..data.load) [load image, compression = lzss]
                  00001020    0000000c     (__TI_handler_table)
                  0000102c    00000004     --HOLE-- [fill = 0]
                  00001030    00000008     (.cinit..bss.load) [load image, compression = zero_init]
                  00001038    00000010     (__TI_cinit_table)

.init_array 
*          0    00000000    00000000     UNINITIALIZED

.binit     0    00000000    00000000     

.data      0    20000000    0000000c     UNINITIALIZED
                  20000000    00000005     main.obj (.data)
                  20000005    00000003     --HOLE--
                  20000008    00000004     system_msp432p401r.obj (.data)

.bss       0    2000000c    00000001     UNINITIALIZED
                  2000000c    00000001     (.common:timeChanged)

.stack     0    2000fe00    00000200     UNINITIALIZED
                  2000fe00    00000004     rtsv7M4_T_le_v4SPD16_eabi.lib : boot_cortex_m.c.obj (.stack)
                  2000fe04    000001fc     --HOLE--

MODULE SUMMARY

       Module                        code   ro data   rw data
       ------                        ----   -------   -------
    ./
       tubes.obj                     1272   0         0      
       system_msp432p401r.obj        820    0         8      
       peripherals.obj               668    0         0      
       main.obj                      248    0         12     
       startup_msp432p401r_ccs.obj   14     228       0      
       timer.obj                     220    0         0      
       rtc.obj                       212    0         0      
    +--+-----------------------------+------+---------+---------+
       Total:                        3454   228       20     
                                                             
    /home/jack/ti/ccsv8/tools/compiler/ti-cgt-arm_18.1.2.LTS/lib/rtsv7M4_T_le_v4SPD16_eabi.lib
       memcpy_t2.asm.obj             156    0         0      
       copy_decompress_lzss.c.obj    104    0         0      
       autoinit.c.obj                68     0         0      
       boot_cortex_m.c.obj           56     0         0      
       copy_zero_init.c.obj          18     0         0      
       copy_decompress_none.c.obj    14     0         0      
       exit.c.obj                    4      0         0      
       pre_init.c.obj                4      0         0      
    +--+-----------------------------+------+---------+---------+
       Total:                        424    0         0      
                                                             
       Stack:                        0      0         1024   
       Linker Generated:             0      52        0      
    +--+-----------------------------+------+---------+---------+
       Grand Total:                  3878   280       1044   


LINKER GENERATED COPY TABLES

__TI_cinit_table @ 00001038 records: 2, size/record: 8, table size: 16
	.data: load addr=00001010, load size=00000010 bytes, run addr=20000000, run size=0000000c bytes, compression=lzss
	.bss: load addr=00001030, load size=00000008 bytes, run addr=2000000c, run size=00000001 bytes, compression=zero_init


LINKER GENERATED HANDLER TABLE

__TI_handler_table @ 00001020 records: 3, size/record: 4, table size: 12
	index: 0, handler: __TI_decompress_lzss
	index: 1, handler: __TI_decompress_none
	index: 2, handler: __TI_zero_init


GLOBAL SYMBOLS: SORTED ALPHABETICALLY BY Name 

address   name                          
-------   ----                          
00001001  ADC14_IRQHandler              
00001001  AES256_IRQHandler             
00001001  BusFault_Handler              
00001007  C$$EXIT                       
00001001  COMP_E0_IRQHandler            
00001001  COMP_E1_IRQHandler            
00001001  CS_IRQHandler                 
00001001  DMA_ERR_IRQHandler            
00001001  DMA_INT0_IRQHandler           
00001001  DMA_INT1_IRQHandler           
00001001  DMA_INT2_IRQHandler           
00001001  DMA_INT3_IRQHandler           
00001001  DebugMon_Handler              
00001001  Default_Handler               
00001001  EUSCIA0_IRQHandler            
00001001  EUSCIA1_IRQHandler            
00001001  EUSCIA2_IRQHandler            
00001001  EUSCIA3_IRQHandler            
00001001  EUSCIB0_IRQHandler            
00001001  EUSCIB1_IRQHandler            
00001001  EUSCIB2_IRQHandler            
00001001  EUSCIB3_IRQHandler            
00001001  FLCTL_IRQHandler              
00001001  FPU_IRQHandler                
00001001  HardFault_Handler             
00001001  MemManage_Handler             
00001001  NMI_Handler                   
00001001  PCM_IRQHandler                
00001001  PORT1_IRQHandler              
00001001  PORT2_IRQHandler              
00001001  PORT3_IRQHandler              
00001001  PORT4_IRQHandler              
00000acb  PORT5_IRQHandler              
00000acb  PORT5_IRQHandler              
00001001  PORT6_IRQHandler              
00001001  PSS_IRQHandler                
00001001  PendSV_Handler                
00000deb  RTC_C_IRQHandler              
00000deb  RTC_C_IRQHandler              
00000ff5  Reset_Handler                 
00001001  SVC_Handler                   
0000010f  SysTick_Handler               
0000010f  SysTick_Handler               
20000008  SystemCoreClock               
000005dd  SystemCoreClockUpdate         
00000855  SystemInit                    
00001001  T32_INT1_IRQHandler           
00001001  T32_INT2_IRQHandler           
00001001  T32_INTC_IRQHandler           
00000cd1  TA0_0_IRQHandler              
00000cd1  TA0_0_IRQHandler              
00001001  TA0_N_IRQHandler              
00001001  TA1_0_IRQHandler              
00001001  TA1_N_IRQHandler              
00001001  TA2_0_IRQHandler              
00001001  TA2_N_IRQHandler              
00001001  TA3_0_IRQHandler              
00001001  TA3_N_IRQHandler              
00001001  UsageFault_Handler            
4000480c  WDTCTL_SYM                    
00001001  WDT_A_IRQHandler              
20010000  __STACK_END                   
00000200  __STACK_SIZE                  
00001038  __TI_CINIT_Base               
00001048  __TI_CINIT_Limit              
00001020  __TI_Handler_Table_Base       
0000102c  __TI_Handler_Table_Limit      
00000f59  __TI_auto_init_nobinit_nopinit
00000ef1  __TI_decompress_lzss          
00000fe7  __TI_decompress_none          
ffffffff  __TI_pprof_out_hndl           
ffffffff  __TI_prof_data_size           
ffffffff  __TI_prof_data_start          
00000000  __TI_static_base__            
00000fd5  __TI_zero_init_nomemset       
00000e55  __aeabi_memcpy                
00000e55  __aeabi_memcpy4               
00000e55  __aeabi_memcpy8               
ffffffff  __binit__                     
ffffffff  __c_args__                    
UNDEFED   __mpu_init                    
2000fe00  __stack                       
00000f9d  _c_int00_noargs               
UNDEFED   _system_post_cinit            
00001003  _system_pre_init              
00001007  abort                         
00000259  assignPin                     
ffffffff  binit                         
00000a01  configure_all_pins            
0000099d  configure_buttons             
00000dad  configure_rtc                 
00000cf5  configure_setup_timer         
00000195  configure_shift_pins          
0000093d  configure_uart                
000001e7  decToSevSeg                   
0000011b  disableOutput                 
00000103  disableSystick                
0000014d  enableOutput                  
000000e5  enableSystick                 
20000000  hours                         
00000000  interruptVectors              
00000bad  main                          
00000e55  memcpy                        
20000001  minutes                       
20000003  onOff                         
0000017f  pulseClock                    
20000002  seconds                       
20000004  setupChanged                  
0000058d  shiftOut                      
00000d21  showTimeSetUp                 
2000000c  timeChanged                   
000003d3  updateHours                   
00000335  updateMinutes                 
00000297  updateSeconds                 
00000495  updateTime                    


GLOBAL SYMBOLS: SORTED BY Symbol Address 

address   name                          
-------   ----                          
00000000  __TI_static_base__            
00000000  interruptVectors              
000000e5  enableSystick                 
00000103  disableSystick                
0000010f  SysTick_Handler               
0000010f  SysTick_Handler               
0000011b  disableOutput                 
0000014d  enableOutput                  
0000017f  pulseClock                    
00000195  configure_shift_pins          
000001e7  decToSevSeg                   
00000200  __STACK_SIZE                  
00000259  assignPin                     
00000297  updateSeconds                 
00000335  updateMinutes                 
000003d3  updateHours                   
00000495  updateTime                    
0000058d  shiftOut                      
000005dd  SystemCoreClockUpdate         
00000855  SystemInit                    
0000093d  configure_uart                
0000099d  configure_buttons             
00000a01  configure_all_pins            
00000acb  PORT5_IRQHandler              
00000acb  PORT5_IRQHandler              
00000bad  main                          
00000cd1  TA0_0_IRQHandler              
00000cd1  TA0_0_IRQHandler              
00000cf5  configure_setup_timer         
00000d21  showTimeSetUp                 
00000dad  configure_rtc                 
00000deb  RTC_C_IRQHandler              
00000deb  RTC_C_IRQHandler              
00000e55  __aeabi_memcpy                
00000e55  __aeabi_memcpy4               
00000e55  __aeabi_memcpy8               
00000e55  memcpy                        
00000ef1  __TI_decompress_lzss          
00000f59  __TI_auto_init_nobinit_nopinit
00000f9d  _c_int00_noargs               
00000fd5  __TI_zero_init_nomemset       
00000fe7  __TI_decompress_none          
00000ff5  Reset_Handler                 
00001001  ADC14_IRQHandler              
00001001  AES256_IRQHandler             
00001001  BusFault_Handler              
00001001  COMP_E0_IRQHandler            
00001001  COMP_E1_IRQHandler            
00001001  CS_IRQHandler                 
00001001  DMA_ERR_IRQHandler            
00001001  DMA_INT0_IRQHandler           
00001001  DMA_INT1_IRQHandler           
00001001  DMA_INT2_IRQHandler           
00001001  DMA_INT3_IRQHandler           
00001001  DebugMon_Handler              
00001001  Default_Handler               
00001001  EUSCIA0_IRQHandler            
00001001  EUSCIA1_IRQHandler            
00001001  EUSCIA2_IRQHandler            
00001001  EUSCIA3_IRQHandler            
00001001  EUSCIB0_IRQHandler            
00001001  EUSCIB1_IRQHandler            
00001001  EUSCIB2_IRQHandler            
00001001  EUSCIB3_IRQHandler            
00001001  FLCTL_IRQHandler              
00001001  FPU_IRQHandler                
00001001  HardFault_Handler             
00001001  MemManage_Handler             
00001001  NMI_Handler                   
00001001  PCM_IRQHandler                
00001001  PORT1_IRQHandler              
00001001  PORT2_IRQHandler              
00001001  PORT3_IRQHandler              
00001001  PORT4_IRQHandler              
00001001  PORT6_IRQHandler              
00001001  PSS_IRQHandler                
00001001  PendSV_Handler                
00001001  SVC_Handler                   
00001001  T32_INT1_IRQHandler           
00001001  T32_INT2_IRQHandler           
00001001  T32_INTC_IRQHandler           
00001001  TA0_N_IRQHandler              
00001001  TA1_0_IRQHandler              
00001001  TA1_N_IRQHandler              
00001001  TA2_0_IRQHandler              
00001001  TA2_N_IRQHandler              
00001001  TA3_0_IRQHandler              
00001001  TA3_N_IRQHandler              
00001001  UsageFault_Handler            
00001001  WDT_A_IRQHandler              
00001003  _system_pre_init              
00001007  C$$EXIT                       
00001007  abort                         
00001020  __TI_Handler_Table_Base       
0000102c  __TI_Handler_Table_Limit      
00001038  __TI_CINIT_Base               
00001048  __TI_CINIT_Limit              
20000000  hours                         
20000001  minutes                       
20000002  seconds                       
20000003  onOff                         
20000004  setupChanged                  
20000008  SystemCoreClock               
2000000c  timeChanged                   
2000fe00  __stack                       
20010000  __STACK_END                   
4000480c  WDTCTL_SYM                    
ffffffff  __TI_pprof_out_hndl           
ffffffff  __TI_prof_data_size           
ffffffff  __TI_prof_data_start          
ffffffff  __binit__                     
ffffffff  __c_args__                    
ffffffff  binit                         
UNDEFED   __mpu_init                    
UNDEFED   _system_post_cinit            

[115 symbols]
