******************************************************************************
                  TI ARM Linker Unix v18.1.2                   
******************************************************************************
>> Linked Tue Jan 29 22:13:28 2019

OUTPUT FILE NAME:   <VFD-Clock.out>
ENTRY POINT SYMBOL: "_c_int00_noargs"  address: 000013b1


MEMORY CONFIGURATION

         name            origin    length      used     unused   attr    fill
----------------------  --------  ---------  --------  --------  ----  --------
  MAIN                  00000000   00040000  000014bc  0003eb44  R  X
  INFO                  00200000   00004000  00000000  00004000  R  X
  SRAM_CODE             01000000   00010000  00000628  0000f9d8  RW X
  SRAM_DATA             20000000   00010000  00000628  0000f9d8  RW  


SEGMENT ALLOCATION MAP

run origin  load origin   length   init length attrs members
----------  ----------- ---------- ----------- ----- -------
00000000    00000000    000014c0   000014c0    r-x
  00000000    00000000    000000e4   000000e4    r-- .intvecs
  000000e8    000000e8    00001398   00001398    r-x .text
  00001480    00001480    00000040   00000040    r-- .cinit
20000000    20000000    00000428   00000000    rw-
  20000000    20000000    00000400   00000000    rw- .sysmem
  20000400    20000400    00000020   00000000    rw- .data
  20000420    20000420    00000008   00000000    rw- .bss
2000fe00    2000fe00    00000200   00000000    rw-
  2000fe00    2000fe00    00000200   00000000    rw- .stack


SECTION ALLOCATION MAP

 output                                  attributes/
section   page    origin      length       input sections
--------  ----  ----------  ----------   ----------------
.intvecs   0    00000000    000000e4     
                  00000000    000000e4     startup_msp432p401r_ccs.obj (.intvecs:retain)

.text      0    000000e8    00001398     
                  000000e8    00000474     peripherals.obj (.text)
                  0000055c    00000004     rtsv7M4_T_le_v4SPD16_eabi.lib : pre_init.c.obj (.text:_system_pre_init)
                  00000560    000003ae     system_msp432p401r.obj (.text)
                  0000090e    00000002     rtsv7M4_T_le_v4SPD16_eabi.lib : _lock.c.obj (.text:_nop)
                  00000910    00000340     tubes.obj (.text)
                  00000c50    00000196     rtc.obj (.text)
                  00000de6    00000002     rtsv7M4_T_le_v4SPD16_eabi.lib : div0.asm.obj (.text)
                  00000de8    0000017a     circbuf.obj (.text)
                  00000f62    00000002     --HOLE-- [fill = 0]
                  00000f64    000000d8     rtsv7M4_T_le_v4SPD16_eabi.lib : memory.c.obj (.text:free)
                  0000103c    00000004                                   : exit.c.obj (.text:abort:abort)
                  00001040    000000a8     timer.obj (.text)
                  000010e8    0000009c     rtsv7M4_T_le_v4SPD16_eabi.lib : memcpy_t2.asm.obj (.text)
                  00001184    00000004     --HOLE-- [fill = 0]
                  00001188    00000086     main.obj (.text)
                  0000120e    00000002     --HOLE-- [fill = 0]
                  00001210    00000078     rtsv7M4_T_le_v4SPD16_eabi.lib : memory.c.obj (.text:malloc)
                  00001288    00000068                                   : copy_decompress_lzss.c.obj (.text:decompress:lzss:__TI_decompress_lzss)
                  000012f0    00000044                                   : autoinit.c.obj (.text:__TI_auto_init_nobinit_nopinit:__TI_auto_init_nobinit_nopinit)
                  00001334    00000040                                   : u_divt2.asm.obj (.text)
                  00001374    0000003c                                   : memory.c.obj (.text:minsert)
                  000013b0    00000038                                   : boot_cortex_m.c.obj (.text:_c_int00_noargs:_c_int00_noargs)
                  000013e8    00000038                                   : memory.c.obj (.text:minit)
                  00001420    00000028                                   : memory.c.obj (.text:mremove)
                  00001448    00000012                                   : copy_zero_init.c.obj (.text:decompress:ZI:__TI_zero_init_nomemset:__TI_zero_init_nomemset)
                  0000145a    00000006     --HOLE-- [fill = 0]
                  00001460    00000012     startup_msp432p401r_ccs.obj (.text)
                  00001472    0000000e     rtsv7M4_T_le_v4SPD16_eabi.lib : copy_decompress_none.c.obj (.text:decompress:none:__TI_decompress_none)

.cinit     0    00001480    00000040     
                  00001480    00000018     (.cinit..data.load) [load image, compression = lzss]
                  00001498    0000000c     (__TI_handler_table)
                  000014a4    00000004     --HOLE-- [fill = 0]
                  000014a8    00000008     (.cinit..bss.load) [load image, compression = zero_init]
                  000014b0    00000010     (__TI_cinit_table)

.init_array 
*          0    00000000    00000000     UNINITIALIZED

.binit     0    00000000    00000000     

.sysmem    0    20000000    00000400     UNINITIALIZED
                  20000000    00000008     rtsv7M4_T_le_v4SPD16_eabi.lib : memory.c.obj (.sysmem)
                  20000008    000003f8     --HOLE--

.data      0    20000400    00000020     UNINITIALIZED
                  20000400    0000000c     rtsv7M4_T_le_v4SPD16_eabi.lib : memory.c.obj (.data:$O1$$)
                  2000040c    00000008                                   : _lock.c.obj (.data:$O1$$)
                  20000414    00000006     main.obj (.data)
                  2000041a    00000002     --HOLE--
                  2000041c    00000004     system_msp432p401r.obj (.data)

.bss       0    20000420    00000008     UNINITIALIZED
                  20000420    00000004     (.common:RXBuf)
                  20000424    00000004     (.common:TXBuf)

.stack     0    2000fe00    00000200     UNINITIALIZED
                  2000fe00    00000004     rtsv7M4_T_le_v4SPD16_eabi.lib : boot_cortex_m.c.obj (.stack)
                  2000fe04    000001fc     --HOLE--

MODULE SUMMARY

       Module                        code   ro data   rw data
       ------                        ----   -------   -------
    ./
       peripherals.obj               1140   0         0      
       system_msp432p401r.obj        942    0         8      
       tubes.obj                     832    0         0      
       rtc.obj                       406    0         0      
       circbuf.obj                   378    0         0      
       startup_msp432p401r_ccs.obj   18     228       0      
       timer.obj                     168    0         0      
       main.obj                      134    0         28     
    +--+-----------------------------+------+---------+---------+
       Total:                        4018   228       36     
                                                             
    /home/jack/ti/ccsv8/tools/compiler/ti-cgt-arm_18.1.2.LTS/lib/rtsv7M4_T_le_v4SPD16_eabi.lib
       memory.c.obj                  492    0         24     
       memcpy_t2.asm.obj             156    0         0      
       copy_decompress_lzss.c.obj    104    0         0      
       autoinit.c.obj                68     0         0      
       u_divt2.asm.obj               64     0         0      
       boot_cortex_m.c.obj           56     0         0      
       _lock.c.obj                   2      0         16     
       copy_zero_init.c.obj          18     0         0      
       copy_decompress_none.c.obj    14     0         0      
       exit.c.obj                    4      0         0      
       pre_init.c.obj                4      0         0      
       div0.asm.obj                  2      0         0      
    +--+-----------------------------+------+---------+---------+
       Total:                        984    0         40     
                                                             
       Heap:                         0      0         2048   
       Stack:                        0      0         1024   
       Linker Generated:             0      60        0      
    +--+-----------------------------+------+---------+---------+
       Grand Total:                  5002   288       3148   


LINKER GENERATED COPY TABLES

__TI_cinit_table @ 000014b0 records: 2, size/record: 8, table size: 16
	.data: load addr=00001480, load size=00000018 bytes, run addr=20000400, run size=00000020 bytes, compression=lzss
	.bss: load addr=000014a8, load size=00000008 bytes, run addr=20000420, run size=00000008 bytes, compression=zero_init


LINKER GENERATED HANDLER TABLE

__TI_handler_table @ 00001498 records: 3, size/record: 4, table size: 12
	index: 0, handler: __TI_decompress_lzss
	index: 1, handler: __TI_decompress_none
	index: 2, handler: __TI_zero_init


GLOBAL SYMBOLS: SORTED ALPHABETICALLY BY Name 

address   name                          
-------   ----                          
00001471  ADC14_IRQHandler              
00001471  AES256_IRQHandler             
00001471  BusFault_Handler              
0000103d  C$$EXIT                       
00001471  COMP_E0_IRQHandler            
00001471  COMP_E1_IRQHandler            
00001471  CS_IRQHandler                 
00001471  DMA_ERR_IRQHandler            
00001471  DMA_INT0_IRQHandler           
00001471  DMA_INT1_IRQHandler           
00001471  DMA_INT2_IRQHandler           
00001471  DMA_INT3_IRQHandler           
00001471  DebugMon_Handler              
00001471  Default_Handler               
000004f9  EUSCIA0_IRQHandler            
000004f9  EUSCIA0_IRQHandler            
00001471  EUSCIA1_IRQHandler            
00001471  EUSCIA2_IRQHandler            
00001471  EUSCIA3_IRQHandler            
00001471  EUSCIB0_IRQHandler            
00001471  EUSCIB1_IRQHandler            
00001471  EUSCIB2_IRQHandler            
00001471  EUSCIB3_IRQHandler            
00001471  FLCTL_IRQHandler              
00001471  FPU_IRQHandler                
00001471  HardFault_Handler             
00001471  MemManage_Handler             
00001471  NMI_Handler                   
00001471  PCM_IRQHandler                
00001471  PORT1_IRQHandler              
00001471  PORT2_IRQHandler              
00001471  PORT3_IRQHandler              
00001471  PORT4_IRQHandler              
000003c1  PORT5_IRQHandler              
000003c1  PORT5_IRQHandler              
00001471  PORT6_IRQHandler              
00001471  PSS_IRQHandler                
00001471  PendSV_Handler                
00000cc9  RTC_C_IRQHandler              
00000cc9  RTC_C_IRQHandler              
20000420  RXBuf                         
00001461  Reset_Handler                 
00001471  SVC_Handler                   
00001079  SysTick_Handler               
00001079  SysTick_Handler               
2000041c  SystemCoreClock               
000005e1  SystemCoreClockUpdate         
00000561  SystemInit                    
00001471  T32_INT1_IRQHandler           
00001471  T32_INT2_IRQHandler           
00001471  T32_INTC_IRQHandler           
00001471  TA0_0_IRQHandler              
00001471  TA0_N_IRQHandler              
00001471  TA1_0_IRQHandler              
00001471  TA1_N_IRQHandler              
00001471  TA2_0_IRQHandler              
00001471  TA2_N_IRQHandler              
00001471  TA3_0_IRQHandler              
00001471  TA3_N_IRQHandler              
20000424  TXBuf                         
00001471  UsageFault_Handler            
4000480c  WDTCTL_SYM                    
00001471  WDT_A_IRQHandler              
20010000  __STACK_END                   
00000200  __STACK_SIZE                  
00000400  __SYSMEM_SIZE                 
000014b0  __TI_CINIT_Base               
000014c0  __TI_CINIT_Limit              
00001498  __TI_Handler_Table_Base       
000014a4  __TI_Handler_Table_Limit      
000012f1  __TI_auto_init_nobinit_nopinit
00001289  __TI_decompress_lzss          
00001473  __TI_decompress_none          
ffffffff  __TI_pprof_out_hndl           
ffffffff  __TI_prof_data_size           
ffffffff  __TI_prof_data_start          
00000000  __TI_static_base__            
00001449  __TI_zero_init_nomemset       
00000de7  __aeabi_idiv0                 
00000de7  __aeabi_ldiv0                 
000010e9  __aeabi_memcpy                
000010e9  __aeabi_memcpy4               
000010e9  __aeabi_memcpy8               
00001335  __aeabi_uidiv                 
00001335  __aeabi_uidivmod              
ffffffff  __binit__                     
ffffffff  __c_args__                    
UNDEFED   __mpu_init                    
2000fe00  __stack                       
000013b1  _c_int00_noargs               
2000040c  _lock                         
0000090f  _nop                          
20000000  _sys_memory                   
UNDEFED   _system_post_cinit            
0000055d  _system_pre_init              
20000410  _unlock                       
0000103d  abort                         
00000e71  addItemCircBuf                
00000951  assignPin                     
ffffffff  binit                         
20000419  buttonCount                   
00000389  configure_SystemClock         
00000289  configure_all_pins            
00000209  configure_buttons             
00000181  configure_leds                
00000c51  configure_rtc                 
00000bd9  configure_shift_pins          
000000e9  configure_uart                
00000f29  createCircBuf                 
00000911  decToSevSeg                   
00000f11  deleteCircBuf                 
00000ba1  disableOutput                 
00001061  disableSystick                
20000418  doButtons                     
00000b69  enableOutput                  
00001041  enableSystick                 
00000f65  free                          
20000415  hours                         
00000000  interruptVectors              
00000f01  isEmpty                       
00000e59  isFullCircBuf                 
00000ea1  loadToBuf                     
00001189  main                          
00001211  malloc                        
000010e9  memcpy                        
000013e9  minit                         
20000416  minutes                       
00000989  pulseClock                    
00000e19  removeItem                    
00000de9  resetCircBuf                  
20000417  seconds                       
000009a9  shiftOut                      
20000414  switch_select                 
00000ae9  updateMinutes                 
00000a99  updateSeconds                 
000009d9  updateTime                    


GLOBAL SYMBOLS: SORTED BY Symbol Address 

address   name                          
-------   ----                          
00000000  __TI_static_base__            
00000000  interruptVectors              
000000e9  configure_uart                
00000181  configure_leds                
00000200  __STACK_SIZE                  
00000209  configure_buttons             
00000289  configure_all_pins            
00000389  configure_SystemClock         
000003c1  PORT5_IRQHandler              
000003c1  PORT5_IRQHandler              
00000400  __SYSMEM_SIZE                 
000004f9  EUSCIA0_IRQHandler            
000004f9  EUSCIA0_IRQHandler            
0000055d  _system_pre_init              
00000561  SystemInit                    
000005e1  SystemCoreClockUpdate         
0000090f  _nop                          
00000911  decToSevSeg                   
00000951  assignPin                     
00000989  pulseClock                    
000009a9  shiftOut                      
000009d9  updateTime                    
00000a99  updateSeconds                 
00000ae9  updateMinutes                 
00000b69  enableOutput                  
00000ba1  disableOutput                 
00000bd9  configure_shift_pins          
00000c51  configure_rtc                 
00000cc9  RTC_C_IRQHandler              
00000cc9  RTC_C_IRQHandler              
00000de7  __aeabi_idiv0                 
00000de7  __aeabi_ldiv0                 
00000de9  resetCircBuf                  
00000e19  removeItem                    
00000e59  isFullCircBuf                 
00000e71  addItemCircBuf                
00000ea1  loadToBuf                     
00000f01  isEmpty                       
00000f11  deleteCircBuf                 
00000f29  createCircBuf                 
00000f65  free                          
0000103d  C$$EXIT                       
0000103d  abort                         
00001041  enableSystick                 
00001061  disableSystick                
00001079  SysTick_Handler               
00001079  SysTick_Handler               
000010e9  __aeabi_memcpy                
000010e9  __aeabi_memcpy4               
000010e9  __aeabi_memcpy8               
000010e9  memcpy                        
00001189  main                          
00001211  malloc                        
00001289  __TI_decompress_lzss          
000012f1  __TI_auto_init_nobinit_nopinit
00001335  __aeabi_uidiv                 
00001335  __aeabi_uidivmod              
000013b1  _c_int00_noargs               
000013e9  minit                         
00001449  __TI_zero_init_nomemset       
00001461  Reset_Handler                 
00001471  ADC14_IRQHandler              
00001471  AES256_IRQHandler             
00001471  BusFault_Handler              
00001471  COMP_E0_IRQHandler            
00001471  COMP_E1_IRQHandler            
00001471  CS_IRQHandler                 
00001471  DMA_ERR_IRQHandler            
00001471  DMA_INT0_IRQHandler           
00001471  DMA_INT1_IRQHandler           
00001471  DMA_INT2_IRQHandler           
00001471  DMA_INT3_IRQHandler           
00001471  DebugMon_Handler              
00001471  Default_Handler               
00001471  EUSCIA1_IRQHandler            
00001471  EUSCIA2_IRQHandler            
00001471  EUSCIA3_IRQHandler            
00001471  EUSCIB0_IRQHandler            
00001471  EUSCIB1_IRQHandler            
00001471  EUSCIB2_IRQHandler            
00001471  EUSCIB3_IRQHandler            
00001471  FLCTL_IRQHandler              
00001471  FPU_IRQHandler                
00001471  HardFault_Handler             
00001471  MemManage_Handler             
00001471  NMI_Handler                   
00001471  PCM_IRQHandler                
00001471  PORT1_IRQHandler              
00001471  PORT2_IRQHandler              
00001471  PORT3_IRQHandler              
00001471  PORT4_IRQHandler              
00001471  PORT6_IRQHandler              
00001471  PSS_IRQHandler                
00001471  PendSV_Handler                
00001471  SVC_Handler                   
00001471  T32_INT1_IRQHandler           
00001471  T32_INT2_IRQHandler           
00001471  T32_INTC_IRQHandler           
00001471  TA0_0_IRQHandler              
00001471  TA0_N_IRQHandler              
00001471  TA1_0_IRQHandler              
00001471  TA1_N_IRQHandler              
00001471  TA2_0_IRQHandler              
00001471  TA2_N_IRQHandler              
00001471  TA3_0_IRQHandler              
00001471  TA3_N_IRQHandler              
00001471  UsageFault_Handler            
00001471  WDT_A_IRQHandler              
00001473  __TI_decompress_none          
00001498  __TI_Handler_Table_Base       
000014a4  __TI_Handler_Table_Limit      
000014b0  __TI_CINIT_Base               
000014c0  __TI_CINIT_Limit              
20000000  _sys_memory                   
2000040c  _lock                         
20000410  _unlock                       
20000414  switch_select                 
20000415  hours                         
20000416  minutes                       
20000417  seconds                       
20000418  doButtons                     
20000419  buttonCount                   
2000041c  SystemCoreClock               
20000420  RXBuf                         
20000424  TXBuf                         
2000fe00  __stack                       
20010000  __STACK_END                   
4000480c  WDTCTL_SYM                    
ffffffff  __TI_pprof_out_hndl           
ffffffff  __TI_prof_data_size           
ffffffff  __TI_prof_data_start          
ffffffff  __binit__                     
ffffffff  __c_args__                    
ffffffff  binit                         
UNDEFED   __mpu_init                    
UNDEFED   _system_post_cinit            

[136 symbols]
