******************************************************************************
                  TI ARM Linker Unix v18.1.2                   
******************************************************************************
>> Linked Mon Oct 22 10:49:14 2018

OUTPUT FILE NAME:   <VFD-Clock.out>
ENTRY POINT SYMBOL: "_c_int00_noargs"  address: 00000f75


MEMORY CONFIGURATION

         name            origin    length      used     unused   attr    fill
----------------------  --------  ---------  --------  --------  ----  --------
  MAIN                  00000000   00040000  00000ff0  0003f010  R  X
  INFO                  00200000   00004000  00000000  00004000  R  X
  SRAM_CODE             01000000   00010000  0000020c  0000fdf4  RW X
  SRAM_DATA             20000000   00010000  0000020c  0000fdf4  RW  


SEGMENT ALLOCATION MAP

run origin  load origin   length   init length attrs members
----------  ----------- ---------- ----------- ----- -------
00000000    00000000    00000ff0   00000ff0    r-x
  00000000    00000000    000000e4   000000e4    r-- .intvecs
  000000e4    000000e4    00000eec   00000eec    r-x .text
  00000fd0    00000fd0    00000020   00000020    r-- .cinit
20000000    20000000    0000000c   00000000    rw-
  20000000    20000000    0000000c   00000000    rw- .data
2000fe00    2000fe00    00000200   00000000    rw-
  2000fe00    2000fe00    00000200   00000000    rw- .stack


SECTION ALLOCATION MAP

 output                                  attributes/
section   page    origin      length       input sections
--------  ----  ----------  ----------   ----------------
.intvecs   0    00000000    000000e4     
                  00000000    000000e4     startup_msp432p401r_ccs.obj (.intvecs:retain)

.text      0    000000e4    00000eec     
                  000000e4    00000528     tubes.obj (.text)
                  0000060c    00000334     system_msp432p401r.obj (.text)
                  00000940    00000294     peripherals.obj (.text)
                  00000bd4    00000138     main.obj (.text)
                  00000d0c    000000e4     timer.obj (.text)
                  00000df0    0000009c     rtsv7M4_T_le_v4SPD16_eabi.lib : memcpy_t2.asm.obj (.text)
                  00000e8c    00000068                                   : copy_decompress_lzss.c.obj (.text:decompress:lzss:__TI_decompress_lzss)
                  00000ef4    00000044                                   : autoinit.c.obj (.text:__TI_auto_init_nobinit_nopinit:__TI_auto_init_nobinit_nopinit)
                  00000f38    0000003c     rtc.obj (.text)
                  00000f74    00000038     rtsv7M4_T_le_v4SPD16_eabi.lib : boot_cortex_m.c.obj (.text:_c_int00_noargs:_c_int00_noargs)
                  00000fac    0000000e                                   : copy_decompress_none.c.obj (.text:decompress:none:__TI_decompress_none)
                  00000fba    0000000e     startup_msp432p401r_ccs.obj (.text)
                  00000fc8    00000004     rtsv7M4_T_le_v4SPD16_eabi.lib : pre_init.c.obj (.text:_system_pre_init)
                  00000fcc    00000004                                   : exit.c.obj (.text:abort:abort)

.cinit     0    00000fd0    00000020     
                  00000fd0    00000010     (.cinit..data.load) [load image, compression = lzss]
                  00000fe0    00000008     (__TI_handler_table)
                  00000fe8    00000008     (__TI_cinit_table)

.init_array 
*          0    00000000    00000000     UNINITIALIZED

.binit     0    00000000    00000000     

.data      0    20000000    0000000c     UNINITIALIZED
                  20000000    00000005     main.obj (.data)
                  20000005    00000003     --HOLE--
                  20000008    00000004     system_msp432p401r.obj (.data)

.stack     0    2000fe00    00000200     UNINITIALIZED
                  2000fe00    00000004     rtsv7M4_T_le_v4SPD16_eabi.lib : boot_cortex_m.c.obj (.stack)
                  2000fe04    000001fc     --HOLE--

MODULE SUMMARY

       Module                        code   ro data   rw data
       ------                        ----   -------   -------
    ./
       tubes.obj                     1320   0         0      
       system_msp432p401r.obj        820    0         8      
       peripherals.obj               660    0         0      
       main.obj                      312    0         10     
       startup_msp432p401r_ccs.obj   14     228       0      
       timer.obj                     228    0         0      
       rtc.obj                       60     0         0      
    +--+-----------------------------+------+---------+---------+
       Total:                        3414   228       18     
                                                             
    /home/jack/ti/ccsv8/tools/compiler/ti-cgt-arm_18.1.2.LTS/lib/rtsv7M4_T_le_v4SPD16_eabi.lib
       memcpy_t2.asm.obj             156    0         0      
       copy_decompress_lzss.c.obj    104    0         0      
       autoinit.c.obj                68     0         0      
       boot_cortex_m.c.obj           56     0         0      
       copy_decompress_none.c.obj    14     0         0      
       exit.c.obj                    4      0         0      
       pre_init.c.obj                4      0         0      
    +--+-----------------------------+------+---------+---------+
       Total:                        406    0         0      
                                                             
       Stack:                        0      0         1024   
       Linker Generated:             0      32        0      
    +--+-----------------------------+------+---------+---------+
       Grand Total:                  3820   260       1042   


LINKER GENERATED COPY TABLES

__TI_cinit_table @ 00000fe8 records: 1, size/record: 8, table size: 8
	.data: load addr=00000fd0, load size=00000010 bytes, run addr=20000000, run size=0000000c bytes, compression=lzss


LINKER GENERATED HANDLER TABLE

__TI_handler_table @ 00000fe0 records: 2, size/record: 4, table size: 8
	index: 0, handler: __TI_decompress_lzss
	index: 1, handler: __TI_decompress_none


GLOBAL SYMBOLS: SORTED ALPHABETICALLY BY Name 

address   name                          
-------   ----                          
00000fc7  ADC14_IRQHandler              
00000fc7  AES256_IRQHandler             
00000fc7  BusFault_Handler              
00000fcd  C$$EXIT                       
00000fc7  COMP_E0_IRQHandler            
00000fc7  COMP_E1_IRQHandler            
00000fc7  CS_IRQHandler                 
00000fc7  DMA_ERR_IRQHandler            
00000fc7  DMA_INT0_IRQHandler           
00000fc7  DMA_INT1_IRQHandler           
00000fc7  DMA_INT2_IRQHandler           
00000fc7  DMA_INT3_IRQHandler           
00000fc7  DebugMon_Handler              
00000fc7  Default_Handler               
00000fc7  EUSCIA0_IRQHandler            
00000fc7  EUSCIA1_IRQHandler            
00000fc7  EUSCIA2_IRQHandler            
00000fc7  EUSCIA3_IRQHandler            
00000fc7  EUSCIB0_IRQHandler            
00000fc7  EUSCIB1_IRQHandler            
00000fc7  EUSCIB2_IRQHandler            
00000fc7  EUSCIB3_IRQHandler            
00000fc7  FLCTL_IRQHandler              
00000fc7  FPU_IRQHandler                
00000fc7  HardFault_Handler             
00000fc7  MemManage_Handler             
00000fc7  NMI_Handler                   
00000fc7  PCM_IRQHandler                
00000fc7  PORT1_IRQHandler              
00000fc7  PORT2_IRQHandler              
00000fc7  PORT3_IRQHandler              
00000fc7  PORT4_IRQHandler              
00000af3  PORT5_IRQHandler              
00000af3  PORT5_IRQHandler              
00000fc7  PORT6_IRQHandler              
00000fc7  PSS_IRQHandler                
00000fc7  PendSV_Handler                
00000fc7  RTC_C_IRQHandler              
00000fbb  Reset_Handler                 
00000fc7  SVC_Handler                   
0000010f  SysTick_Handler               
0000010f  SysTick_Handler               
20000008  SystemCoreClock               
0000060d  SystemCoreClockUpdate         
00000885  SystemInit                    
00000fc7  T32_INT1_IRQHandler           
00000fc7  T32_INT2_IRQHandler           
00000fc7  T32_INTC_IRQHandler           
00000d39  TA0_0_IRQHandler              
00000d39  TA0_0_IRQHandler              
00000fc7  TA0_N_IRQHandler              
00000fc7  TA1_0_IRQHandler              
00000fc7  TA1_N_IRQHandler              
00000fc7  TA2_0_IRQHandler              
00000fc7  TA2_N_IRQHandler              
00000fc7  TA3_0_IRQHandler              
00000fc7  TA3_N_IRQHandler              
00000fc7  UsageFault_Handler            
4000480c  WDTCTL_SYM                    
00000fc7  WDT_A_IRQHandler              
20010000  __STACK_END                   
00000200  __STACK_SIZE                  
00000fe8  __TI_CINIT_Base               
00000ff0  __TI_CINIT_Limit              
00000fe0  __TI_Handler_Table_Base       
00000fe8  __TI_Handler_Table_Limit      
00000ef5  __TI_auto_init_nobinit_nopinit
00000e8d  __TI_decompress_lzss          
00000fad  __TI_decompress_none          
ffffffff  __TI_pprof_out_hndl           
ffffffff  __TI_prof_data_size           
ffffffff  __TI_prof_data_start          
00000000  __TI_static_base__            
00000df1  __aeabi_memcpy                
00000df1  __aeabi_memcpy4               
00000df1  __aeabi_memcpy8               
ffffffff  __binit__                     
ffffffff  __c_args__                    
UNDEFED   __mpu_init                    
2000fe00  __stack                       
00000f75  _c_int00_noargs               
UNDEFED   _system_post_cinit            
00000fc9  _system_pre_init              
00000fcd  abort                         
00000259  assignPin                     
ffffffff  binit                         
00000195  configureShiftPins            
00000a29  configure_all_pins            
000009cd  configure_buttons             
00000f39  configure_rtc                 
0000096d  configure_uart                
000001e7  decToSevSeg                   
0000011b  disableOutput                 
00000103  disableSystick                
0000014d  enableOutput                  
000000e5  enableSystick                 
20000000  hours                         
00000000  interruptVectors              
00000bd5  main                          
00000df1  memcpy                        
20000001  minutes                       
20000003  onOff                         
0000017f  pulseClock                    
20000002  seconds                       
20000004  setupChanged                  
0000058d  shiftOut                      
00000d9b  showTimeSetUp                 
00000d6f  timer_a0_config               
000003d3  updateHours                   
00000335  updateMinutes                 
00000297  updateSeconds                 
00000495  updateTime                    


GLOBAL SYMBOLS: SORTED BY Symbol Address 

address   name                          
-------   ----                          
00000000  __TI_static_base__            
00000000  interruptVectors              
000000e5  enableSystick                 
00000103  disableSystick                
0000010f  SysTick_Handler               
0000010f  SysTick_Handler               
0000011b  disableOutput                 
0000014d  enableOutput                  
0000017f  pulseClock                    
00000195  configureShiftPins            
000001e7  decToSevSeg                   
00000200  __STACK_SIZE                  
00000259  assignPin                     
00000297  updateSeconds                 
00000335  updateMinutes                 
000003d3  updateHours                   
00000495  updateTime                    
0000058d  shiftOut                      
0000060d  SystemCoreClockUpdate         
00000885  SystemInit                    
0000096d  configure_uart                
000009cd  configure_buttons             
00000a29  configure_all_pins            
00000af3  PORT5_IRQHandler              
00000af3  PORT5_IRQHandler              
00000bd5  main                          
00000d39  TA0_0_IRQHandler              
00000d39  TA0_0_IRQHandler              
00000d6f  timer_a0_config               
00000d9b  showTimeSetUp                 
00000df1  __aeabi_memcpy                
00000df1  __aeabi_memcpy4               
00000df1  __aeabi_memcpy8               
00000df1  memcpy                        
00000e8d  __TI_decompress_lzss          
00000ef5  __TI_auto_init_nobinit_nopinit
00000f39  configure_rtc                 
00000f75  _c_int00_noargs               
00000fad  __TI_decompress_none          
00000fbb  Reset_Handler                 
00000fc7  ADC14_IRQHandler              
00000fc7  AES256_IRQHandler             
00000fc7  BusFault_Handler              
00000fc7  COMP_E0_IRQHandler            
00000fc7  COMP_E1_IRQHandler            
00000fc7  CS_IRQHandler                 
00000fc7  DMA_ERR_IRQHandler            
00000fc7  DMA_INT0_IRQHandler           
00000fc7  DMA_INT1_IRQHandler           
00000fc7  DMA_INT2_IRQHandler           
00000fc7  DMA_INT3_IRQHandler           
00000fc7  DebugMon_Handler              
00000fc7  Default_Handler               
00000fc7  EUSCIA0_IRQHandler            
00000fc7  EUSCIA1_IRQHandler            
00000fc7  EUSCIA2_IRQHandler            
00000fc7  EUSCIA3_IRQHandler            
00000fc7  EUSCIB0_IRQHandler            
00000fc7  EUSCIB1_IRQHandler            
00000fc7  EUSCIB2_IRQHandler            
00000fc7  EUSCIB3_IRQHandler            
00000fc7  FLCTL_IRQHandler              
00000fc7  FPU_IRQHandler                
00000fc7  HardFault_Handler             
00000fc7  MemManage_Handler             
00000fc7  NMI_Handler                   
00000fc7  PCM_IRQHandler                
00000fc7  PORT1_IRQHandler              
00000fc7  PORT2_IRQHandler              
00000fc7  PORT3_IRQHandler              
00000fc7  PORT4_IRQHandler              
00000fc7  PORT6_IRQHandler              
00000fc7  PSS_IRQHandler                
00000fc7  PendSV_Handler                
00000fc7  RTC_C_IRQHandler              
00000fc7  SVC_Handler                   
00000fc7  T32_INT1_IRQHandler           
00000fc7  T32_INT2_IRQHandler           
00000fc7  T32_INTC_IRQHandler           
00000fc7  TA0_N_IRQHandler              
00000fc7  TA1_0_IRQHandler              
00000fc7  TA1_N_IRQHandler              
00000fc7  TA2_0_IRQHandler              
00000fc7  TA2_N_IRQHandler              
00000fc7  TA3_0_IRQHandler              
00000fc7  TA3_N_IRQHandler              
00000fc7  UsageFault_Handler            
00000fc7  WDT_A_IRQHandler              
00000fc9  _system_pre_init              
00000fcd  C$$EXIT                       
00000fcd  abort                         
00000fe0  __TI_Handler_Table_Base       
00000fe8  __TI_CINIT_Base               
00000fe8  __TI_Handler_Table_Limit      
00000ff0  __TI_CINIT_Limit              
20000000  hours                         
20000001  minutes                       
20000002  seconds                       
20000003  onOff                         
20000004  setupChanged                  
20000008  SystemCoreClock               
2000fe00  __stack                       
20010000  __STACK_END                   
4000480c  WDTCTL_SYM                    
ffffffff  __TI_pprof_out_hndl           
ffffffff  __TI_prof_data_size           
ffffffff  __TI_prof_data_start          
ffffffff  __binit__                     
ffffffff  __c_args__                    
ffffffff  binit                         
UNDEFED   __mpu_init                    
UNDEFED   _system_post_cinit            

[112 symbols]
