******************************************************************************
                  TI ARM Linker Unix v18.1.2                   
******************************************************************************
>> Linked Sun Nov 25 20:16:24 2018

OUTPUT FILE NAME:   <VFD-Clock.out>
ENTRY POINT SYMBOL: "_c_int00_noargs"  address: 00000fe9


MEMORY CONFIGURATION

         name            origin    length      used     unused   attr    fill
----------------------  --------  ---------  --------  --------  ----  --------
  MAIN                  00000000   00040000  00001064  0003ef9c  R  X
  INFO                  00200000   00004000  00000000  00004000  R  X
  SRAM_CODE             01000000   00010000  0000020c  0000fdf4  RW X
  SRAM_DATA             20000000   00010000  0000020c  0000fdf4  RW  


SEGMENT ALLOCATION MAP

run origin  load origin   length   init length attrs members
----------  ----------- ---------- ----------- ----- -------
00000000    00000000    00001068   00001068    r-x
  00000000    00000000    000000e4   000000e4    r-- .intvecs
  000000e4    000000e4    00000f60   00000f60    r-x .text
  00001048    00001048    00000020   00000020    r-- .cinit
20000000    20000000    0000000c   00000000    rw-
  20000000    20000000    0000000c   00000000    rw- .data
2000fe00    2000fe00    00000200   00000000    rw-
  2000fe00    2000fe00    00000200   00000000    rw- .stack


SECTION ALLOCATION MAP

 output                                  attributes/
section   page    origin      length       input sections
--------  ----  ----------  ----------   ----------------
.intvecs   0    00000000    000000e4     
                  00000000    000000e4     startup_msp432p401r_ccs.obj (.intvecs:retain)

.text      0    000000e4    00000f60     
                  000000e4    000003d4     tubes.obj (.text)
                  000004b8    00000334     system_msp432p401r.obj (.text)
                  000007ec    0000031c     peripherals.obj (.text)
                  00000b08    0000018c     main.obj (.text)
                  00000c94    0000013c     rtc.obj (.text)
                  00000dd0    000000d0     timer.obj (.text)
                  00000ea0    0000009c     rtsv7M4_T_le_v4SPD16_eabi.lib : memcpy_t2.asm.obj (.text)
                  00000f3c    00000068                                   : copy_decompress_lzss.c.obj (.text:decompress:lzss:__TI_decompress_lzss)
                  00000fa4    00000044                                   : autoinit.c.obj (.text:__TI_auto_init_nobinit_nopinit:__TI_auto_init_nobinit_nopinit)
                  00000fe8    00000038                                   : boot_cortex_m.c.obj (.text:_c_int00_noargs:_c_int00_noargs)
                  00001020    0000000e                                   : copy_decompress_none.c.obj (.text:decompress:none:__TI_decompress_none)
                  0000102e    0000000e     startup_msp432p401r_ccs.obj (.text)
                  0000103c    00000004     rtsv7M4_T_le_v4SPD16_eabi.lib : pre_init.c.obj (.text:_system_pre_init)
                  00001040    00000004                                   : exit.c.obj (.text:abort:abort)

.cinit     0    00001048    00000020     
                  00001048    00000010     (.cinit..data.load) [load image, compression = lzss]
                  00001058    00000008     (__TI_handler_table)
                  00001060    00000008     (__TI_cinit_table)

.init_array 
*          0    00000000    00000000     UNINITIALIZED

.binit     0    00000000    00000000     

.data      0    20000000    0000000c     UNINITIALIZED
                  20000000    00000007     main.obj (.data)
                  20000007    00000001     --HOLE--
                  20000008    00000004     system_msp432p401r.obj (.data)

.stack     0    2000fe00    00000200     UNINITIALIZED
                  2000fe00    00000004     rtsv7M4_T_le_v4SPD16_eabi.lib : boot_cortex_m.c.obj (.stack)
                  2000fe04    000001fc     --HOLE--

MODULE SUMMARY

       Module                        code   ro data   rw data
       ------                        ----   -------   -------
    ./
       tubes.obj                     980    0         0      
       system_msp432p401r.obj        820    0         8      
       peripherals.obj               796    0         0      
       main.obj                      396    0         14     
       rtc.obj                       316    0         0      
       startup_msp432p401r_ccs.obj   14     228       0      
       timer.obj                     208    0         0      
    +--+-----------------------------+------+---------+---------+
       Total:                        3530   228       22     
                                                             
    /home/jack/ti/ccsv8/tools/compiler/ti-cgt-arm_18.1.2.LTS/lib/rtsv7M4_T_le_v4SPD16_eabi.lib
       memcpy_t2.asm.obj             156    0         0      
       copy_decompress_lzss.c.obj    104    0         0      
       autoinit.c.obj                68     0         0      
       boot_cortex_m.c.obj           56     0         0      
       copy_decompress_none.c.obj    14     0         0      
       exit.c.obj                    4      0         0      
       pre_init.c.obj                4      0         0      
    +--+-----------------------------+------+---------+---------+
       Total:                        406    0         0      
                                                             
       Stack:                        0      0         1024   
       Linker Generated:             0      32        0      
    +--+-----------------------------+------+---------+---------+
       Grand Total:                  3936   260       1046   


LINKER GENERATED COPY TABLES

__TI_cinit_table @ 00001060 records: 1, size/record: 8, table size: 8
	.data: load addr=00001048, load size=00000010 bytes, run addr=20000000, run size=0000000c bytes, compression=lzss


LINKER GENERATED HANDLER TABLE

__TI_handler_table @ 00001058 records: 2, size/record: 4, table size: 8
	index: 0, handler: __TI_decompress_lzss
	index: 1, handler: __TI_decompress_none


GLOBAL SYMBOLS: SORTED ALPHABETICALLY BY Name 

address   name                          
-------   ----                          
0000103b  ADC14_IRQHandler              
0000103b  AES256_IRQHandler             
0000103b  BusFault_Handler              
00001041  C$$EXIT                       
0000103b  COMP_E0_IRQHandler            
0000103b  COMP_E1_IRQHandler            
0000103b  CS_IRQHandler                 
0000103b  DMA_ERR_IRQHandler            
0000103b  DMA_INT0_IRQHandler           
0000103b  DMA_INT1_IRQHandler           
0000103b  DMA_INT2_IRQHandler           
0000103b  DMA_INT3_IRQHandler           
0000103b  DebugMon_Handler              
0000103b  Default_Handler               
0000103b  EUSCIA0_IRQHandler            
0000103b  EUSCIA1_IRQHandler            
0000103b  EUSCIA2_IRQHandler            
0000103b  EUSCIA3_IRQHandler            
0000103b  EUSCIB0_IRQHandler            
0000103b  EUSCIB1_IRQHandler            
0000103b  EUSCIB2_IRQHandler            
0000103b  EUSCIB3_IRQHandler            
0000103b  FLCTL_IRQHandler              
0000103b  FPU_IRQHandler                
0000103b  HardFault_Handler             
0000103b  MemManage_Handler             
0000103b  NMI_Handler                   
0000103b  PCM_IRQHandler                
0000103b  PORT1_IRQHandler              
0000103b  PORT2_IRQHandler              
0000103b  PORT3_IRQHandler              
0000103b  PORT4_IRQHandler              
000009b1  PORT5_IRQHandler              
000009b1  PORT5_IRQHandler              
0000103b  PORT6_IRQHandler              
0000103b  PSS_IRQHandler                
0000103b  PendSV_Handler                
00000d09  RTC_C_IRQHandler              
00000d09  RTC_C_IRQHandler              
0000102f  Reset_Handler                 
0000103b  SVC_Handler                   
00000dfb  SysTick_Handler               
00000dfb  SysTick_Handler               
20000008  SystemCoreClock               
000004b9  SystemCoreClockUpdate         
00000731  SystemInit                    
0000103b  T32_INT1_IRQHandler           
0000103b  T32_INT2_IRQHandler           
0000103b  T32_INTC_IRQHandler           
0000103b  TA0_0_IRQHandler              
0000103b  TA0_N_IRQHandler              
0000103b  TA1_0_IRQHandler              
0000103b  TA1_N_IRQHandler              
0000103b  TA2_0_IRQHandler              
0000103b  TA2_N_IRQHandler              
0000103b  TA3_0_IRQHandler              
0000103b  TA3_N_IRQHandler              
0000103b  UsageFault_Handler            
4000480c  WDTCTL_SYM                    
0000103b  WDT_A_IRQHandler              
20010000  __STACK_END                   
00000200  __STACK_SIZE                  
00001060  __TI_CINIT_Base               
00001068  __TI_CINIT_Limit              
00001058  __TI_Handler_Table_Base       
00001060  __TI_Handler_Table_Limit      
00000fa5  __TI_auto_init_nobinit_nopinit
00000f3d  __TI_decompress_lzss          
00001021  __TI_decompress_none          
ffffffff  __TI_pprof_out_hndl           
ffffffff  __TI_prof_data_size           
ffffffff  __TI_prof_data_start          
00000000  __TI_static_base__            
00000ea1  __aeabi_memcpy                
00000ea1  __aeabi_memcpy4               
00000ea1  __aeabi_memcpy8               
ffffffff  __binit__                     
ffffffff  __c_args__                    
UNDEFED   __mpu_init                    
2000fe00  __stack                       
00000fe9  _c_int00_noargs               
UNDEFED   _system_post_cinit            
0000103d  _system_pre_init              
00001041  abort                         
00000225  assignPin                     
ffffffff  binit                         
20000006  buttonCount                   
000008e7  configure_all_pins            
00000879  configure_buttons             
00000cc1  configure_rtc                 
0000015f  configure_shift_pins          
00000819  configure_uart                
000001b1  decToSevSeg                   
000000e5  disableOutput                 
00000def  disableSystick                
20000005  doButtons                     
00000117  enableOutput                  
00000dd1  enableSystick                 
20000000  hours                         
00000000  interruptVectors              
00000b69  main                          
00000ea1  memcpy                        
20000001  minutes                       
20000003  onOff                         
00000149  pulseClock                    
20000002  seconds                       
20000004  setupChanged                  
00000451  shiftOut                      
00000e4b  showTimeSetUp                 
000002bf  updateMinutes                 
00000263  updateSeconds                 
0000035f  updateTime                    


GLOBAL SYMBOLS: SORTED BY Symbol Address 

address   name                          
-------   ----                          
00000000  __TI_static_base__            
00000000  interruptVectors              
000000e5  disableOutput                 
00000117  enableOutput                  
00000149  pulseClock                    
0000015f  configure_shift_pins          
000001b1  decToSevSeg                   
00000200  __STACK_SIZE                  
00000225  assignPin                     
00000263  updateSeconds                 
000002bf  updateMinutes                 
0000035f  updateTime                    
00000451  shiftOut                      
000004b9  SystemCoreClockUpdate         
00000731  SystemInit                    
00000819  configure_uart                
00000879  configure_buttons             
000008e7  configure_all_pins            
000009b1  PORT5_IRQHandler              
000009b1  PORT5_IRQHandler              
00000b69  main                          
00000cc1  configure_rtc                 
00000d09  RTC_C_IRQHandler              
00000d09  RTC_C_IRQHandler              
00000dd1  enableSystick                 
00000def  disableSystick                
00000dfb  SysTick_Handler               
00000dfb  SysTick_Handler               
00000e4b  showTimeSetUp                 
00000ea1  __aeabi_memcpy                
00000ea1  __aeabi_memcpy4               
00000ea1  __aeabi_memcpy8               
00000ea1  memcpy                        
00000f3d  __TI_decompress_lzss          
00000fa5  __TI_auto_init_nobinit_nopinit
00000fe9  _c_int00_noargs               
00001021  __TI_decompress_none          
0000102f  Reset_Handler                 
0000103b  ADC14_IRQHandler              
0000103b  AES256_IRQHandler             
0000103b  BusFault_Handler              
0000103b  COMP_E0_IRQHandler            
0000103b  COMP_E1_IRQHandler            
0000103b  CS_IRQHandler                 
0000103b  DMA_ERR_IRQHandler            
0000103b  DMA_INT0_IRQHandler           
0000103b  DMA_INT1_IRQHandler           
0000103b  DMA_INT2_IRQHandler           
0000103b  DMA_INT3_IRQHandler           
0000103b  DebugMon_Handler              
0000103b  Default_Handler               
0000103b  EUSCIA0_IRQHandler            
0000103b  EUSCIA1_IRQHandler            
0000103b  EUSCIA2_IRQHandler            
0000103b  EUSCIA3_IRQHandler            
0000103b  EUSCIB0_IRQHandler            
0000103b  EUSCIB1_IRQHandler            
0000103b  EUSCIB2_IRQHandler            
0000103b  EUSCIB3_IRQHandler            
0000103b  FLCTL_IRQHandler              
0000103b  FPU_IRQHandler                
0000103b  HardFault_Handler             
0000103b  MemManage_Handler             
0000103b  NMI_Handler                   
0000103b  PCM_IRQHandler                
0000103b  PORT1_IRQHandler              
0000103b  PORT2_IRQHandler              
0000103b  PORT3_IRQHandler              
0000103b  PORT4_IRQHandler              
0000103b  PORT6_IRQHandler              
0000103b  PSS_IRQHandler                
0000103b  PendSV_Handler                
0000103b  SVC_Handler                   
0000103b  T32_INT1_IRQHandler           
0000103b  T32_INT2_IRQHandler           
0000103b  T32_INTC_IRQHandler           
0000103b  TA0_0_IRQHandler              
0000103b  TA0_N_IRQHandler              
0000103b  TA1_0_IRQHandler              
0000103b  TA1_N_IRQHandler              
0000103b  TA2_0_IRQHandler              
0000103b  TA2_N_IRQHandler              
0000103b  TA3_0_IRQHandler              
0000103b  TA3_N_IRQHandler              
0000103b  UsageFault_Handler            
0000103b  WDT_A_IRQHandler              
0000103d  _system_pre_init              
00001041  C$$EXIT                       
00001041  abort                         
00001058  __TI_Handler_Table_Base       
00001060  __TI_CINIT_Base               
00001060  __TI_Handler_Table_Limit      
00001068  __TI_CINIT_Limit              
20000000  hours                         
20000001  minutes                       
20000002  seconds                       
20000003  onOff                         
20000004  setupChanged                  
20000005  doButtons                     
20000006  buttonCount                   
20000008  SystemCoreClock               
2000fe00  __stack                       
20010000  __STACK_END                   
4000480c  WDTCTL_SYM                    
ffffffff  __TI_pprof_out_hndl           
ffffffff  __TI_prof_data_size           
ffffffff  __TI_prof_data_start          
ffffffff  __binit__                     
ffffffff  __c_args__                    
ffffffff  binit                         
UNDEFED   __mpu_init                    
UNDEFED   _system_post_cinit            

[112 symbols]
