******************************************************************************
                  TI ARM Linker Unix v18.1.2                   
******************************************************************************
>> Linked Tue Dec 25 18:49:54 2018

OUTPUT FILE NAME:   <VFD-Clock.out>
ENTRY POINT SYMBOL: "_c_int00_noargs"  address: 00001501


MEMORY CONFIGURATION

         name            origin    length      used     unused   attr    fill
----------------------  --------  ---------  --------  --------  ----  --------
  MAIN                  00000000   00040000  00001612  0003e9ee  R  X
  INFO                  00200000   00004000  00000000  00004000  R  X
  SRAM_CODE             01000000   00010000  00000628  0000f9d8  RW X
  SRAM_DATA             20000000   00010000  00000628  0000f9d8  RW  


SEGMENT ALLOCATION MAP

run origin  load origin   length   init length attrs members
----------  ----------- ---------- ----------- ----- -------
00000000    00000000    00001618   00001618    r-x
  00000000    00000000    000000e4   000000e4    r-- .intvecs
  000000e4    000000e4    000014ee   000014ee    r-x .text
  000015d8    000015d8    00000040   00000040    r-- .cinit
20000000    20000000    00000428   00000000    rw-
  20000000    20000000    00000400   00000000    rw- .sysmem
  20000400    20000400    00000020   00000000    rw- .data
  20000420    20000420    00000008   00000000    rw- .bss
2000fe00    2000fe00    00000200   00000000    rw-
  2000fe00    2000fe00    00000200   00000000    rw- .stack


SECTION ALLOCATION MAP

 output                                  attributes/
section   page    origin      length       input sections
--------  ----  ----------  ----------   ----------------
.intvecs   0    00000000    000000e4     
                  00000000    000000e4     startup_msp432p401r_ccs.obj (.intvecs:retain)

.text      0    000000e4    000014ee     
                  000000e4    000003d4     peripherals.obj (.text)
                  000004b8    000003d4     tubes.obj (.text)
                  0000088c    00000334     system_msp432p401r.obj (.text)
                  00000bc0    0000029c     main.obj (.text)
                  00000e5c    000001c0     circbuf.obj (.text)
                  0000101c    0000013c     rtc.obj (.text)
                  00001158    000000d8     rtsv7M4_T_le_v4SPD16_eabi.lib : memory.c.obj (.text:free)
                  00001230    0000009c                                   : memcpy_t2.asm.obj (.text)
                  000012cc    00000094     timer.obj (.text)
                  00001360    00000078     rtsv7M4_T_le_v4SPD16_eabi.lib : memory.c.obj (.text:malloc)
                  000013d8    00000068                                   : copy_decompress_lzss.c.obj (.text:decompress:lzss:__TI_decompress_lzss)
                  00001440    00000044                                   : autoinit.c.obj (.text:__TI_auto_init_nobinit_nopinit:__TI_auto_init_nobinit_nopinit)
                  00001484    00000040                                   : u_divt2.asm.obj (.text)
                  000014c4    0000003c                                   : memory.c.obj (.text:minsert)
                  00001500    00000038                                   : boot_cortex_m.c.obj (.text:_c_int00_noargs:_c_int00_noargs)
                  00001538    00000038                                   : memory.c.obj (.text:minit)
                  00001570    00000028                                   : memory.c.obj (.text:mremove)
                  00001598    00000012                                   : copy_zero_init.c.obj (.text:decompress:ZI:__TI_zero_init_nomemset:__TI_zero_init_nomemset)
                  000015aa    0000000e                                   : copy_decompress_none.c.obj (.text:decompress:none:__TI_decompress_none)
                  000015b8    0000000e     startup_msp432p401r_ccs.obj (.text)
                  000015c6    00000004     rtsv7M4_T_le_v4SPD16_eabi.lib : pre_init.c.obj (.text:_system_pre_init)
                  000015ca    00000004                                   : exit.c.obj (.text:abort:abort)
                  000015ce    00000002                                   : _lock.c.obj (.text:_nop)
                  000015d0    00000002                                   : div0.asm.obj (.text)

.cinit     0    000015d8    00000040     
                  000015d8    00000018     (.cinit..data.load) [load image, compression = lzss]
                  000015f0    0000000c     (__TI_handler_table)
                  000015fc    00000004     --HOLE-- [fill = 0]
                  00001600    00000008     (.cinit..bss.load) [load image, compression = zero_init]
                  00001608    00000010     (__TI_cinit_table)

.init_array 
*          0    00000000    00000000     UNINITIALIZED

.binit     0    00000000    00000000     

.sysmem    0    20000000    00000400     UNINITIALIZED
                  20000000    00000008     rtsv7M4_T_le_v4SPD16_eabi.lib : memory.c.obj (.sysmem)
                  20000008    000003f8     --HOLE--

.data      0    20000400    00000020     UNINITIALIZED
                  20000400    0000000c     rtsv7M4_T_le_v4SPD16_eabi.lib : memory.c.obj (.data:$O1$$)
                  2000040c    00000008                                   : _lock.c.obj (.data:$O1$$)
                  20000414    00000005     main.obj (.data)
                  20000419    00000003     --HOLE--
                  2000041c    00000004     system_msp432p401r.obj (.data)

.bss       0    20000420    00000008     UNINITIALIZED
                  20000420    00000004     (.common:RXBuf)
                  20000424    00000004     (.common:TXBuf)

.stack     0    2000fe00    00000200     UNINITIALIZED
                  2000fe00    00000004     rtsv7M4_T_le_v4SPD16_eabi.lib : boot_cortex_m.c.obj (.stack)
                  2000fe04    000001fc     --HOLE--

MODULE SUMMARY

       Module                        code   ro data   rw data
       ------                        ----   -------   -------
    ./
       peripherals.obj               980    0         0      
       tubes.obj                     980    0         0      
       system_msp432p401r.obj        820    0         8      
       main.obj                      668    0         26     
       circbuf.obj                   448    0         0      
       rtc.obj                       316    0         0      
       startup_msp432p401r_ccs.obj   14     228       0      
       timer.obj                     148    0         0      
    +--+-----------------------------+------+---------+---------+
       Total:                        4374   228       34     
                                                             
    /home/jack/ti/ccsv8/tools/compiler/ti-cgt-arm_18.1.2.LTS/lib/rtsv7M4_T_le_v4SPD16_eabi.lib
       memory.c.obj                  492    0         24     
       memcpy_t2.asm.obj             156    0         0      
       copy_decompress_lzss.c.obj    104    0         0      
       autoinit.c.obj                68     0         0      
       u_divt2.asm.obj               64     0         0      
       boot_cortex_m.c.obj           56     0         0      
       _lock.c.obj                   2      0         16     
       copy_zero_init.c.obj          18     0         0      
       copy_decompress_none.c.obj    14     0         0      
       exit.c.obj                    4      0         0      
       pre_init.c.obj                4      0         0      
       div0.asm.obj                  2      0         0      
    +--+-----------------------------+------+---------+---------+
       Total:                        984    0         40     
                                                             
       Heap:                         0      0         2048   
       Stack:                        0      0         1024   
       Linker Generated:             0      60        0      
    +--+-----------------------------+------+---------+---------+
       Grand Total:                  5358   288       3146   


LINKER GENERATED COPY TABLES

__TI_cinit_table @ 00001608 records: 2, size/record: 8, table size: 16
	.data: load addr=000015d8, load size=00000018 bytes, run addr=20000400, run size=00000020 bytes, compression=lzss
	.bss: load addr=00001600, load size=00000008 bytes, run addr=20000420, run size=00000008 bytes, compression=zero_init


LINKER GENERATED HANDLER TABLE

__TI_handler_table @ 000015f0 records: 3, size/record: 4, table size: 12
	index: 0, handler: __TI_decompress_lzss
	index: 1, handler: __TI_decompress_none
	index: 2, handler: __TI_zero_init


GLOBAL SYMBOLS: SORTED ALPHABETICALLY BY Name 

address   name                          
-------   ----                          
000015c5  ADC14_IRQHandler              
000015c5  AES256_IRQHandler             
000015c5  BusFault_Handler              
000015cb  C$$EXIT                       
000015c5  COMP_E0_IRQHandler            
000015c5  COMP_E1_IRQHandler            
000015c5  CS_IRQHandler                 
000015c5  DMA_ERR_IRQHandler            
000015c5  DMA_INT0_IRQHandler           
000015c5  DMA_INT1_IRQHandler           
000015c5  DMA_INT2_IRQHandler           
000015c5  DMA_INT3_IRQHandler           
000015c5  DebugMon_Handler              
000015c5  Default_Handler               
000003b7  EUSCIA0_IRQHandler            
000003b7  EUSCIA0_IRQHandler            
000015c5  EUSCIA1_IRQHandler            
000015c5  EUSCIA2_IRQHandler            
000015c5  EUSCIA3_IRQHandler            
000015c5  EUSCIB0_IRQHandler            
000015c5  EUSCIB1_IRQHandler            
000015c5  EUSCIB2_IRQHandler            
000015c5  EUSCIB3_IRQHandler            
000015c5  FLCTL_IRQHandler              
000015c5  FPU_IRQHandler                
000015c5  HardFault_Handler             
000015c5  MemManage_Handler             
000015c5  NMI_Handler                   
000015c5  PCM_IRQHandler                
000015c5  PORT1_IRQHandler              
000015c5  PORT2_IRQHandler              
000015c5  PORT3_IRQHandler              
000015c5  PORT4_IRQHandler              
000002f9  PORT5_IRQHandler              
000002f9  PORT5_IRQHandler              
000015c5  PORT6_IRQHandler              
000015c5  PSS_IRQHandler                
000015c5  PendSV_Handler                
00001091  RTC_C_IRQHandler              
00001091  RTC_C_IRQHandler              
20000420  RXBuf                         
000015b9  Reset_Handler                 
000015c5  SVC_Handler                   
000012f7  SysTick_Handler               
000012f7  SysTick_Handler               
2000041c  SystemCoreClock               
0000088d  SystemCoreClockUpdate         
00000b05  SystemInit                    
000015c5  T32_INT1_IRQHandler           
000015c5  T32_INT2_IRQHandler           
000015c5  T32_INTC_IRQHandler           
000015c5  TA0_0_IRQHandler              
000015c5  TA0_N_IRQHandler              
000015c5  TA1_0_IRQHandler              
000015c5  TA1_N_IRQHandler              
000015c5  TA2_0_IRQHandler              
000015c5  TA2_N_IRQHandler              
000015c5  TA3_0_IRQHandler              
000015c5  TA3_N_IRQHandler              
20000424  TXBuf                         
000015c5  UsageFault_Handler            
4000480c  WDTCTL_SYM                    
000015c5  WDT_A_IRQHandler              
20010000  __STACK_END                   
00000200  __STACK_SIZE                  
00000400  __SYSMEM_SIZE                 
00001608  __TI_CINIT_Base               
00001618  __TI_CINIT_Limit              
000015f0  __TI_Handler_Table_Base       
000015fc  __TI_Handler_Table_Limit      
00001441  __TI_auto_init_nobinit_nopinit
000013d9  __TI_decompress_lzss          
000015ab  __TI_decompress_none          
ffffffff  __TI_pprof_out_hndl           
ffffffff  __TI_prof_data_size           
ffffffff  __TI_prof_data_start          
00000000  __TI_static_base__            
00001599  __TI_zero_init_nomemset       
000015d1  __aeabi_idiv0                 
000015d1  __aeabi_ldiv0                 
00001231  __aeabi_memcpy                
00001231  __aeabi_memcpy4               
00001231  __aeabi_memcpy8               
00001485  __aeabi_uidiv                 
00001485  __aeabi_uidivmod              
ffffffff  __binit__                     
ffffffff  __c_args__                    
UNDEFED   __mpu_init                    
2000fe00  __stack                       
00001501  _c_int00_noargs               
2000040c  _lock                         
000015cf  _nop                          
20000000  _sys_memory                   
UNDEFED   _system_post_cinit            
000015c7  _system_pre_init              
20000410  _unlock                       
000015cb  abort                         
00000f21  addItemCircBuf                
000005f9  assignPin                     
ffffffff  binit                         
20000418  buttonCount                   
00000111  configure_SystemClock         
0000022f  configure_all_pins            
00000197  configure_buttons             
000001dd  configure_leds                
00001049  configure_rtc                 
00000533  configure_shift_pins          
00000137  configure_uart                
00000e5d  createCircBuf                 
00000585  decToSevSeg                   
00000e9d  deleteCircBuf                 
000004b9  disableOutput                 
000012eb  disableSystick                
20000417  doButtons                     
000004eb  enableOutput                  
000012cd  enableSystick                 
00001159  free                          
20000414  hours                         
00000000  interruptVectors              
00000f69  isEmpty                       
00000efd  isFullCircBuf                 
00000f87  loadToBuf                     
00000c21  main                          
00001361  malloc                        
00001231  memcpy                        
00001539  minit                         
20000415  minutes                       
0000051d  pulseClock                    
00000fd1  removeItem                    
00000eb5  resetCircBuf                  
20000416  seconds                       
00000825  shiftOut                      
00000693  updateMinutes                 
00000637  updateSeconds                 
00000733  updateTime                    


GLOBAL SYMBOLS: SORTED BY Symbol Address 

address   name                          
-------   ----                          
00000000  __TI_static_base__            
00000000  interruptVectors              
00000111  configure_SystemClock         
00000137  configure_uart                
00000197  configure_buttons             
000001dd  configure_leds                
00000200  __STACK_SIZE                  
0000022f  configure_all_pins            
000002f9  PORT5_IRQHandler              
000002f9  PORT5_IRQHandler              
000003b7  EUSCIA0_IRQHandler            
000003b7  EUSCIA0_IRQHandler            
00000400  __SYSMEM_SIZE                 
000004b9  disableOutput                 
000004eb  enableOutput                  
0000051d  pulseClock                    
00000533  configure_shift_pins          
00000585  decToSevSeg                   
000005f9  assignPin                     
00000637  updateSeconds                 
00000693  updateMinutes                 
00000733  updateTime                    
00000825  shiftOut                      
0000088d  SystemCoreClockUpdate         
00000b05  SystemInit                    
00000c21  main                          
00000e5d  createCircBuf                 
00000e9d  deleteCircBuf                 
00000eb5  resetCircBuf                  
00000efd  isFullCircBuf                 
00000f21  addItemCircBuf                
00000f69  isEmpty                       
00000f87  loadToBuf                     
00000fd1  removeItem                    
00001049  configure_rtc                 
00001091  RTC_C_IRQHandler              
00001091  RTC_C_IRQHandler              
00001159  free                          
00001231  __aeabi_memcpy                
00001231  __aeabi_memcpy4               
00001231  __aeabi_memcpy8               
00001231  memcpy                        
000012cd  enableSystick                 
000012eb  disableSystick                
000012f7  SysTick_Handler               
000012f7  SysTick_Handler               
00001361  malloc                        
000013d9  __TI_decompress_lzss          
00001441  __TI_auto_init_nobinit_nopinit
00001485  __aeabi_uidiv                 
00001485  __aeabi_uidivmod              
00001501  _c_int00_noargs               
00001539  minit                         
00001599  __TI_zero_init_nomemset       
000015ab  __TI_decompress_none          
000015b9  Reset_Handler                 
000015c5  ADC14_IRQHandler              
000015c5  AES256_IRQHandler             
000015c5  BusFault_Handler              
000015c5  COMP_E0_IRQHandler            
000015c5  COMP_E1_IRQHandler            
000015c5  CS_IRQHandler                 
000015c5  DMA_ERR_IRQHandler            
000015c5  DMA_INT0_IRQHandler           
000015c5  DMA_INT1_IRQHandler           
000015c5  DMA_INT2_IRQHandler           
000015c5  DMA_INT3_IRQHandler           
000015c5  DebugMon_Handler              
000015c5  Default_Handler               
000015c5  EUSCIA1_IRQHandler            
000015c5  EUSCIA2_IRQHandler            
000015c5  EUSCIA3_IRQHandler            
000015c5  EUSCIB0_IRQHandler            
000015c5  EUSCIB1_IRQHandler            
000015c5  EUSCIB2_IRQHandler            
000015c5  EUSCIB3_IRQHandler            
000015c5  FLCTL_IRQHandler              
000015c5  FPU_IRQHandler                
000015c5  HardFault_Handler             
000015c5  MemManage_Handler             
000015c5  NMI_Handler                   
000015c5  PCM_IRQHandler                
000015c5  PORT1_IRQHandler              
000015c5  PORT2_IRQHandler              
000015c5  PORT3_IRQHandler              
000015c5  PORT4_IRQHandler              
000015c5  PORT6_IRQHandler              
000015c5  PSS_IRQHandler                
000015c5  PendSV_Handler                
000015c5  SVC_Handler                   
000015c5  T32_INT1_IRQHandler           
000015c5  T32_INT2_IRQHandler           
000015c5  T32_INTC_IRQHandler           
000015c5  TA0_0_IRQHandler              
000015c5  TA0_N_IRQHandler              
000015c5  TA1_0_IRQHandler              
000015c5  TA1_N_IRQHandler              
000015c5  TA2_0_IRQHandler              
000015c5  TA2_N_IRQHandler              
000015c5  TA3_0_IRQHandler              
000015c5  TA3_N_IRQHandler              
000015c5  UsageFault_Handler            
000015c5  WDT_A_IRQHandler              
000015c7  _system_pre_init              
000015cb  C$$EXIT                       
000015cb  abort                         
000015cf  _nop                          
000015d1  __aeabi_idiv0                 
000015d1  __aeabi_ldiv0                 
000015f0  __TI_Handler_Table_Base       
000015fc  __TI_Handler_Table_Limit      
00001608  __TI_CINIT_Base               
00001618  __TI_CINIT_Limit              
20000000  _sys_memory                   
2000040c  _lock                         
20000410  _unlock                       
20000414  hours                         
20000415  minutes                       
20000416  seconds                       
20000417  doButtons                     
20000418  buttonCount                   
2000041c  SystemCoreClock               
20000420  RXBuf                         
20000424  TXBuf                         
2000fe00  __stack                       
20010000  __STACK_END                   
4000480c  WDTCTL_SYM                    
ffffffff  __TI_pprof_out_hndl           
ffffffff  __TI_prof_data_size           
ffffffff  __TI_prof_data_start          
ffffffff  __binit__                     
ffffffff  __c_args__                    
ffffffff  binit                         
UNDEFED   __mpu_init                    
UNDEFED   _system_post_cinit            

[135 symbols]
