******************************************************************************
                  TI ARM Linker Unix v18.1.2                   
******************************************************************************
>> Linked Sat Feb  9 19:29:37 2019

OUTPUT FILE NAME:   <VFD-Clock.out>
ENTRY POINT SYMBOL: "_c_int00_noargs"  address: 00001619


MEMORY CONFIGURATION

         name            origin    length      used     unused   attr    fill
----------------------  --------  ---------  --------  --------  ----  --------
  MAIN                  00000000   00040000  00001724  0003e8dc  R  X
  INFO                  00200000   00004000  00000000  00004000  R  X
  SRAM_CODE             01000000   00010000  0000062d  0000f9d3  RW X
  SRAM_DATA             20000000   00010000  0000062d  0000f9d3  RW  


SEGMENT ALLOCATION MAP

run origin  load origin   length   init length attrs members
----------  ----------- ---------- ----------- ----- -------
00000000    00000000    00001728   00001728    r-x
  00000000    00000000    000000e4   000000e4    r-- .intvecs
  000000e8    000000e8    00001600   00001600    r-x .text
  000016e8    000016e8    00000040   00000040    r-- .cinit
20000000    20000000    0000042d   00000000    rw-
  20000000    20000000    00000400   00000000    rw- .sysmem
  20000400    20000400    00000024   00000000    rw- .data
  20000424    20000424    00000009   00000000    rw- .bss
2000fe00    2000fe00    00000200   00000000    rw-
  2000fe00    2000fe00    00000200   00000000    rw- .stack


SECTION ALLOCATION MAP

 output                                  attributes/
section   page    origin      length       input sections
--------  ----  ----------  ----------   ----------------
.intvecs   0    00000000    000000e4     
                  00000000    000000e4     startup_msp432p401r_ccs.obj (.intvecs:retain)

.text      0    000000e8    00001600     
                  000000e8    000004c4     peripherals.obj (.text)
                  000005ac    00000004     rtsv7M4_T_le_v4SPD16_eabi.lib : pre_init.c.obj (.text:_system_pre_init)
                  000005b0    000003ae     system_msp432p401r.obj (.text)
                  0000095e    00000002     rtsv7M4_T_le_v4SPD16_eabi.lib : _lock.c.obj (.text:_nop)
                  00000960    00000340     tubes.obj (.text)
                  00000ca0    00000196     rtc.obj (.text)
                  00000e36    00000002     rtsv7M4_T_le_v4SPD16_eabi.lib : div0.asm.obj (.text)
                  00000e38    0000017a     circbuf.obj (.text)
                  00000fb2    00000004     rtsv7M4_T_le_v4SPD16_eabi.lib : exit.c.obj (.text:abort:abort)
                  00000fb6    00000002     --HOLE-- [fill = 0]
                  00000fb8    00000176     timer.obj (.text)
                  0000112e    00000002     --HOLE-- [fill = 0]
                  00001130    00000122     main.obj (.text)
                  00001252    00000002     --HOLE-- [fill = 0]
                  00001254    000000d8     rtsv7M4_T_le_v4SPD16_eabi.lib : memory.c.obj (.text:free)
                  0000132c    00000004     --HOLE-- [fill = 0]
                  00001330    000000ac     power_modes.obj (.text)
                  000013dc    0000009c     rtsv7M4_T_le_v4SPD16_eabi.lib : memcpy_t2.asm.obj (.text)
                  00001478    00000078                                   : memory.c.obj (.text:malloc)
                  000014f0    00000068                                   : copy_decompress_lzss.c.obj (.text:decompress:lzss:__TI_decompress_lzss)
                  00001558    00000044                                   : autoinit.c.obj (.text:__TI_auto_init_nobinit_nopinit:__TI_auto_init_nobinit_nopinit)
                  0000159c    00000040                                   : u_divt2.asm.obj (.text)
                  000015dc    0000003c                                   : memory.c.obj (.text:minsert)
                  00001618    00000038                                   : boot_cortex_m.c.obj (.text:_c_int00_noargs:_c_int00_noargs)
                  00001650    00000038                                   : memory.c.obj (.text:minit)
                  00001688    00000028                                   : memory.c.obj (.text:mremove)
                  000016b0    00000012                                   : copy_zero_init.c.obj (.text:decompress:ZI:__TI_zero_init_nomemset:__TI_zero_init_nomemset)
                  000016c2    00000006     --HOLE-- [fill = 0]
                  000016c8    00000012     startup_msp432p401r_ccs.obj (.text)
                  000016da    0000000e     rtsv7M4_T_le_v4SPD16_eabi.lib : copy_decompress_none.c.obj (.text:decompress:none:__TI_decompress_none)

.cinit     0    000016e8    00000040     
                  000016e8    0000001c     (.cinit..data.load) [load image, compression = lzss]
                  00001704    0000000c     (__TI_handler_table)
                  00001710    00000008     (.cinit..bss.load) [load image, compression = zero_init]
                  00001718    00000010     (__TI_cinit_table)

.init_array 
*          0    00000000    00000000     UNINITIALIZED

.binit     0    00000000    00000000     

.sysmem    0    20000000    00000400     UNINITIALIZED
                  20000000    00000008     rtsv7M4_T_le_v4SPD16_eabi.lib : memory.c.obj (.sysmem)
                  20000008    000003f8     --HOLE--

.data      0    20000400    00000024     UNINITIALIZED
                  20000400    0000000c     rtsv7M4_T_le_v4SPD16_eabi.lib : memory.c.obj (.data:$O1$$)
                  2000040c    0000000a     main.obj (.data)
                  20000416    00000002     --HOLE--
                  20000418    00000008     rtsv7M4_T_le_v4SPD16_eabi.lib : _lock.c.obj (.data:$O1$$)
                  20000420    00000004     system_msp432p401r.obj (.data)

.bss       0    20000424    00000009     UNINITIALIZED
                  20000424    00000004     (.common:RXBuf)
                  20000428    00000004     (.common:TXBuf)
                  2000042c    00000001     (.common:update_request)

.stack     0    2000fe00    00000200     UNINITIALIZED
                  2000fe00    00000004     rtsv7M4_T_le_v4SPD16_eabi.lib : boot_cortex_m.c.obj (.stack)
                  2000fe04    000001fc     --HOLE--

MODULE SUMMARY

       Module                        code   ro data   rw data
       ------                        ----   -------   -------
    ./
       peripherals.obj               1220   0         0      
       system_msp432p401r.obj        942    0         8      
       tubes.obj                     832    0         0      
       rtc.obj                       406    0         0      
       circbuf.obj                   378    0         0      
       timer.obj                     374    0         0      
       main.obj                      290    0         38     
       startup_msp432p401r_ccs.obj   18     228       0      
       power_modes.obj               172    0         0      
    +--+-----------------------------+------+---------+---------+
       Total:                        4632   228       46     
                                                             
    /home/jack/ti/ccsv8/tools/compiler/ti-cgt-arm_18.1.2.LTS/lib/rtsv7M4_T_le_v4SPD16_eabi.lib
       memory.c.obj                  492    0         24     
       memcpy_t2.asm.obj             156    0         0      
       copy_decompress_lzss.c.obj    104    0         0      
       autoinit.c.obj                68     0         0      
       u_divt2.asm.obj               64     0         0      
       boot_cortex_m.c.obj           56     0         0      
       _lock.c.obj                   2      0         16     
       copy_zero_init.c.obj          18     0         0      
       copy_decompress_none.c.obj    14     0         0      
       exit.c.obj                    4      0         0      
       pre_init.c.obj                4      0         0      
       div0.asm.obj                  2      0         0      
    +--+-----------------------------+------+---------+---------+
       Total:                        984    0         40     
                                                             
       Heap:                         0      0         2048   
       Stack:                        0      0         1024   
       Linker Generated:             0      64        0      
    +--+-----------------------------+------+---------+---------+
       Grand Total:                  5616   292       3158   


LINKER GENERATED COPY TABLES

__TI_cinit_table @ 00001718 records: 2, size/record: 8, table size: 16
	.data: load addr=000016e8, load size=0000001c bytes, run addr=20000400, run size=00000024 bytes, compression=lzss
	.bss: load addr=00001710, load size=00000008 bytes, run addr=20000424, run size=00000009 bytes, compression=zero_init


LINKER GENERATED HANDLER TABLE

__TI_handler_table @ 00001704 records: 3, size/record: 4, table size: 12
	index: 0, handler: __TI_decompress_lzss
	index: 1, handler: __TI_decompress_none
	index: 2, handler: __TI_zero_init


GLOBAL SYMBOLS: SORTED ALPHABETICALLY BY Name 

address   name                          
-------   ----                          
000016d9  ADC14_IRQHandler              
000016d9  AES256_IRQHandler             
000016d9  BusFault_Handler              
00000fb3  C$$EXIT                       
000016d9  COMP_E0_IRQHandler            
000016d9  COMP_E1_IRQHandler            
000016d9  CS_IRQHandler                 
000016d9  DMA_ERR_IRQHandler            
000016d9  DMA_INT0_IRQHandler           
000016d9  DMA_INT1_IRQHandler           
000016d9  DMA_INT2_IRQHandler           
000016d9  DMA_INT3_IRQHandler           
000016d9  DebugMon_Handler              
000016d9  Default_Handler               
00000549  EUSCIA0_IRQHandler            
00000549  EUSCIA0_IRQHandler            
000016d9  EUSCIA1_IRQHandler            
000016d9  EUSCIA2_IRQHandler            
000016d9  EUSCIA3_IRQHandler            
000016d9  EUSCIB0_IRQHandler            
000016d9  EUSCIB1_IRQHandler            
000016d9  EUSCIB2_IRQHandler            
000016d9  EUSCIB3_IRQHandler            
000016d9  FLCTL_IRQHandler              
000016d9  FPU_IRQHandler                
000016d9  HardFault_Handler             
000016d9  MemManage_Handler             
000016d9  NMI_Handler                   
000016d9  PCM_IRQHandler                
000016d9  PORT1_IRQHandler              
000016d9  PORT2_IRQHandler              
000016d9  PORT3_IRQHandler              
000016d9  PORT4_IRQHandler              
000003c1  PORT5_IRQHandler              
000003c1  PORT5_IRQHandler              
000016d9  PORT6_IRQHandler              
000016d9  PSS_IRQHandler                
000016d9  PendSV_Handler                
00000d19  RTC_C_IRQHandler              
00000d19  RTC_C_IRQHandler              
20000424  RXBuf                         
000016c9  Reset_Handler                 
000016d9  SVC_Handler                   
000016d9  SysTick_Handler               
20000420  SystemCoreClock               
00000631  SystemCoreClockUpdate         
000005b1  SystemInit                    
000016d9  T32_INT1_IRQHandler           
000016d9  T32_INT2_IRQHandler           
000016d9  T32_INTC_IRQHandler           
00001099  TA0_0_IRQHandler              
00001099  TA0_0_IRQHandler              
000016d9  TA0_N_IRQHandler              
00001059  TA1_0_IRQHandler              
00001059  TA1_0_IRQHandler              
000016d9  TA1_N_IRQHandler              
000016d9  TA2_0_IRQHandler              
000016d9  TA2_N_IRQHandler              
000016d9  TA3_0_IRQHandler              
000016d9  TA3_N_IRQHandler              
20000428  TXBuf                         
000016d9  UsageFault_Handler            
4000480c  WDTCTL_SYM                    
000016d9  WDT_A_IRQHandler              
20010000  __STACK_END                   
00000200  __STACK_SIZE                  
00000400  __SYSMEM_SIZE                 
00001718  __TI_CINIT_Base               
00001728  __TI_CINIT_Limit              
00001704  __TI_Handler_Table_Base       
00001710  __TI_Handler_Table_Limit      
00001559  __TI_auto_init_nobinit_nopinit
000014f1  __TI_decompress_lzss          
000016db  __TI_decompress_none          
ffffffff  __TI_pprof_out_hndl           
ffffffff  __TI_prof_data_size           
ffffffff  __TI_prof_data_start          
00000000  __TI_static_base__            
000016b1  __TI_zero_init_nomemset       
00000e37  __aeabi_idiv0                 
00000e37  __aeabi_ldiv0                 
000013dd  __aeabi_memcpy                
000013dd  __aeabi_memcpy4               
000013dd  __aeabi_memcpy8               
0000159d  __aeabi_uidiv                 
0000159d  __aeabi_uidivmod              
ffffffff  __binit__                     
ffffffff  __c_args__                    
UNDEFED   __mpu_init                    
2000fe00  __stack                       
00001619  _c_int00_noargs               
20000418  _lock                         
0000095f  _nop                          
20000000  _sys_memory                   
UNDEFED   _system_post_cinit            
000005ad  _system_pre_init              
2000041c  _unlock                       
00000fb3  abort                         
00000ec1  addItemCircBuf                
000009a1  assignPin                     
ffffffff  binit                         
20000411  buttonCount                   
00000389  configure_SystemClock         
00000289  configure_all_pins            
00000209  configure_buttons             
00000181  configure_leds                
00001399  configure_low_power_modes     
00000ca1  configure_rtc                 
00001011  configure_setup_timer         
00000c29  configure_shift_pins          
00000fb9  configure_temperature_timer   
000000e9  configure_uart                
00000f79  createCircBuf                 
00000961  decToSevSeg                   
00000f61  deleteCircBuf                 
00000bf1  disableOutput                 
20000410  doButtons                     
00000bb9  enableOutput                  
00001331  enable_low_power_mode         
00001255  free                          
2000040d  hours                         
00000000  interruptVectors              
00000f51  isEmpty                       
00000ea9  isFullCircBuf                 
00000ef1  loadToBuf                     
00001131  main                          
00001479  malloc                        
000013dd  memcpy                        
00001651  minit                         
2000040e  minutes                       
000009d9  pulseClock                    
00000e69  removeItem                    
00000e39  resetCircBuf                  
2000040f  seconds                       
000009f9  shiftOut                      
2000040c  switch_select                 
20000414  temperature_timer_count       
20000412  temperature_update_request    
00000b39  updateMinutes                 
00000ae9  updateSeconds                 
00000a29  updateTime                    
2000042c  update_request                


GLOBAL SYMBOLS: SORTED BY Symbol Address 

address   name                          
-------   ----                          
00000000  __TI_static_base__            
00000000  interruptVectors              
000000e9  configure_uart                
00000181  configure_leds                
00000200  __STACK_SIZE                  
00000209  configure_buttons             
00000289  configure_all_pins            
00000389  configure_SystemClock         
000003c1  PORT5_IRQHandler              
000003c1  PORT5_IRQHandler              
00000400  __SYSMEM_SIZE                 
00000549  EUSCIA0_IRQHandler            
00000549  EUSCIA0_IRQHandler            
000005ad  _system_pre_init              
000005b1  SystemInit                    
00000631  SystemCoreClockUpdate         
0000095f  _nop                          
00000961  decToSevSeg                   
000009a1  assignPin                     
000009d9  pulseClock                    
000009f9  shiftOut                      
00000a29  updateTime                    
00000ae9  updateSeconds                 
00000b39  updateMinutes                 
00000bb9  enableOutput                  
00000bf1  disableOutput                 
00000c29  configure_shift_pins          
00000ca1  configure_rtc                 
00000d19  RTC_C_IRQHandler              
00000d19  RTC_C_IRQHandler              
00000e37  __aeabi_idiv0                 
00000e37  __aeabi_ldiv0                 
00000e39  resetCircBuf                  
00000e69  removeItem                    
00000ea9  isFullCircBuf                 
00000ec1  addItemCircBuf                
00000ef1  loadToBuf                     
00000f51  isEmpty                       
00000f61  deleteCircBuf                 
00000f79  createCircBuf                 
00000fb3  C$$EXIT                       
00000fb3  abort                         
00000fb9  configure_temperature_timer   
00001011  configure_setup_timer         
00001059  TA1_0_IRQHandler              
00001059  TA1_0_IRQHandler              
00001099  TA0_0_IRQHandler              
00001099  TA0_0_IRQHandler              
00001131  main                          
00001255  free                          
00001331  enable_low_power_mode         
00001399  configure_low_power_modes     
000013dd  __aeabi_memcpy                
000013dd  __aeabi_memcpy4               
000013dd  __aeabi_memcpy8               
000013dd  memcpy                        
00001479  malloc                        
000014f1  __TI_decompress_lzss          
00001559  __TI_auto_init_nobinit_nopinit
0000159d  __aeabi_uidiv                 
0000159d  __aeabi_uidivmod              
00001619  _c_int00_noargs               
00001651  minit                         
000016b1  __TI_zero_init_nomemset       
000016c9  Reset_Handler                 
000016d9  ADC14_IRQHandler              
000016d9  AES256_IRQHandler             
000016d9  BusFault_Handler              
000016d9  COMP_E0_IRQHandler            
000016d9  COMP_E1_IRQHandler            
000016d9  CS_IRQHandler                 
000016d9  DMA_ERR_IRQHandler            
000016d9  DMA_INT0_IRQHandler           
000016d9  DMA_INT1_IRQHandler           
000016d9  DMA_INT2_IRQHandler           
000016d9  DMA_INT3_IRQHandler           
000016d9  DebugMon_Handler              
000016d9  Default_Handler               
000016d9  EUSCIA1_IRQHandler            
000016d9  EUSCIA2_IRQHandler            
000016d9  EUSCIA3_IRQHandler            
000016d9  EUSCIB0_IRQHandler            
000016d9  EUSCIB1_IRQHandler            
000016d9  EUSCIB2_IRQHandler            
000016d9  EUSCIB3_IRQHandler            
000016d9  FLCTL_IRQHandler              
000016d9  FPU_IRQHandler                
000016d9  HardFault_Handler             
000016d9  MemManage_Handler             
000016d9  NMI_Handler                   
000016d9  PCM_IRQHandler                
000016d9  PORT1_IRQHandler              
000016d9  PORT2_IRQHandler              
000016d9  PORT3_IRQHandler              
000016d9  PORT4_IRQHandler              
000016d9  PORT6_IRQHandler              
000016d9  PSS_IRQHandler                
000016d9  PendSV_Handler                
000016d9  SVC_Handler                   
000016d9  SysTick_Handler               
000016d9  T32_INT1_IRQHandler           
000016d9  T32_INT2_IRQHandler           
000016d9  T32_INTC_IRQHandler           
000016d9  TA0_N_IRQHandler              
000016d9  TA1_N_IRQHandler              
000016d9  TA2_0_IRQHandler              
000016d9  TA2_N_IRQHandler              
000016d9  TA3_0_IRQHandler              
000016d9  TA3_N_IRQHandler              
000016d9  UsageFault_Handler            
000016d9  WDT_A_IRQHandler              
000016db  __TI_decompress_none          
00001704  __TI_Handler_Table_Base       
00001710  __TI_Handler_Table_Limit      
00001718  __TI_CINIT_Base               
00001728  __TI_CINIT_Limit              
20000000  _sys_memory                   
2000040c  switch_select                 
2000040d  hours                         
2000040e  minutes                       
2000040f  seconds                       
20000410  doButtons                     
20000411  buttonCount                   
20000412  temperature_update_request    
20000414  temperature_timer_count       
20000418  _lock                         
2000041c  _unlock                       
20000420  SystemCoreClock               
20000424  RXBuf                         
20000428  TXBuf                         
2000042c  update_request                
2000fe00  __stack                       
20010000  __STACK_END                   
4000480c  WDTCTL_SYM                    
ffffffff  __TI_pprof_out_hndl           
ffffffff  __TI_prof_data_size           
ffffffff  __TI_prof_data_start          
ffffffff  __binit__                     
ffffffff  __c_args__                    
ffffffff  binit                         
UNDEFED   __mpu_init                    
UNDEFED   _system_post_cinit            

[142 symbols]
