******************************************************************************
                  TI ARM Linker Unix v18.1.2                   
******************************************************************************
>> Linked Sun Jan 27 14:54:14 2019

OUTPUT FILE NAME:   <VFD-Clock.out>
ENTRY POINT SYMBOL: "_c_int00_noargs"  address: 0000153d


MEMORY CONFIGURATION

         name            origin    length      used     unused   attr    fill
----------------------  --------  ---------  --------  --------  ----  --------
  MAIN                  00000000   00040000  0000164e  0003e9b2  R  X
  INFO                  00200000   00004000  00000000  00004000  R  X
  SRAM_CODE             01000000   00010000  00000628  0000f9d8  RW X
  SRAM_DATA             20000000   00010000  00000628  0000f9d8  RW  


SEGMENT ALLOCATION MAP

run origin  load origin   length   init length attrs members
----------  ----------- ---------- ----------- ----- -------
00000000    00000000    00001650   00001650    r-x
  00000000    00000000    000000e4   000000e4    r-- .intvecs
  000000e4    000000e4    0000152a   0000152a    r-x .text
  00001610    00001610    00000040   00000040    r-- .cinit
20000000    20000000    00000428   00000000    rw-
  20000000    20000000    00000400   00000000    rw- .sysmem
  20000400    20000400    00000020   00000000    rw- .data
  20000420    20000420    00000008   00000000    rw- .bss
2000fe00    2000fe00    00000200   00000000    rw-
  2000fe00    2000fe00    00000200   00000000    rw- .stack


SECTION ALLOCATION MAP

 output                                  attributes/
section   page    origin      length       input sections
--------  ----  ----------  ----------   ----------------
.intvecs   0    00000000    000000e4     
                  00000000    000000e4     startup_msp432p401r_ccs.obj (.intvecs:retain)

.text      0    000000e4    0000152a     
                  000000e4    000003d4     peripherals.obj (.text)
                  000004b8    000003d4     tubes.obj (.text)
                  0000088c    00000334     system_msp432p401r.obj (.text)
                  00000bc0    000002d8     main.obj (.text)
                  00000e98    000001c0     circbuf.obj (.text)
                  00001058    0000013c     rtc.obj (.text)
                  00001194    000000d8     rtsv7M4_T_le_v4SPD16_eabi.lib : memory.c.obj (.text:free)
                  0000126c    0000009c                                   : memcpy_t2.asm.obj (.text)
                  00001308    00000094     timer.obj (.text)
                  0000139c    00000078     rtsv7M4_T_le_v4SPD16_eabi.lib : memory.c.obj (.text:malloc)
                  00001414    00000068                                   : copy_decompress_lzss.c.obj (.text:decompress:lzss:__TI_decompress_lzss)
                  0000147c    00000044                                   : autoinit.c.obj (.text:__TI_auto_init_nobinit_nopinit:__TI_auto_init_nobinit_nopinit)
                  000014c0    00000040                                   : u_divt2.asm.obj (.text)
                  00001500    0000003c                                   : memory.c.obj (.text:minsert)
                  0000153c    00000038                                   : boot_cortex_m.c.obj (.text:_c_int00_noargs:_c_int00_noargs)
                  00001574    00000038                                   : memory.c.obj (.text:minit)
                  000015ac    00000028                                   : memory.c.obj (.text:mremove)
                  000015d4    00000012                                   : copy_zero_init.c.obj (.text:decompress:ZI:__TI_zero_init_nomemset:__TI_zero_init_nomemset)
                  000015e6    0000000e                                   : copy_decompress_none.c.obj (.text:decompress:none:__TI_decompress_none)
                  000015f4    0000000e     startup_msp432p401r_ccs.obj (.text)
                  00001602    00000004     rtsv7M4_T_le_v4SPD16_eabi.lib : pre_init.c.obj (.text:_system_pre_init)
                  00001606    00000004                                   : exit.c.obj (.text:abort:abort)
                  0000160a    00000002                                   : _lock.c.obj (.text:_nop)
                  0000160c    00000002                                   : div0.asm.obj (.text)

.cinit     0    00001610    00000040     
                  00001610    00000018     (.cinit..data.load) [load image, compression = lzss]
                  00001628    0000000c     (__TI_handler_table)
                  00001634    00000004     --HOLE-- [fill = 0]
                  00001638    00000008     (.cinit..bss.load) [load image, compression = zero_init]
                  00001640    00000010     (__TI_cinit_table)

.init_array 
*          0    00000000    00000000     UNINITIALIZED

.binit     0    00000000    00000000     

.sysmem    0    20000000    00000400     UNINITIALIZED
                  20000000    00000008     rtsv7M4_T_le_v4SPD16_eabi.lib : memory.c.obj (.sysmem)
                  20000008    000003f8     --HOLE--

.data      0    20000400    00000020     UNINITIALIZED
                  20000400    0000000c     rtsv7M4_T_le_v4SPD16_eabi.lib : memory.c.obj (.data:$O1$$)
                  2000040c    00000008                                   : _lock.c.obj (.data:$O1$$)
                  20000414    00000005     main.obj (.data)
                  20000419    00000003     --HOLE--
                  2000041c    00000004     system_msp432p401r.obj (.data)

.bss       0    20000420    00000008     UNINITIALIZED
                  20000420    00000004     (.common:RXBuf)
                  20000424    00000004     (.common:TXBuf)

.stack     0    2000fe00    00000200     UNINITIALIZED
                  2000fe00    00000004     rtsv7M4_T_le_v4SPD16_eabi.lib : boot_cortex_m.c.obj (.stack)
                  2000fe04    000001fc     --HOLE--

MODULE SUMMARY

       Module                        code   ro data   rw data
       ------                        ----   -------   -------
    ./
       peripherals.obj               980    0         0      
       tubes.obj                     980    0         0      
       system_msp432p401r.obj        820    0         8      
       main.obj                      728    0         26     
       circbuf.obj                   448    0         0      
       rtc.obj                       316    0         0      
       startup_msp432p401r_ccs.obj   14     228       0      
       timer.obj                     148    0         0      
    +--+-----------------------------+------+---------+---------+
       Total:                        4434   228       34     
                                                             
    /home/jack/ti/ccsv8/tools/compiler/ti-cgt-arm_18.1.2.LTS/lib/rtsv7M4_T_le_v4SPD16_eabi.lib
       memory.c.obj                  492    0         24     
       memcpy_t2.asm.obj             156    0         0      
       copy_decompress_lzss.c.obj    104    0         0      
       autoinit.c.obj                68     0         0      
       u_divt2.asm.obj               64     0         0      
       boot_cortex_m.c.obj           56     0         0      
       _lock.c.obj                   2      0         16     
       copy_zero_init.c.obj          18     0         0      
       copy_decompress_none.c.obj    14     0         0      
       exit.c.obj                    4      0         0      
       pre_init.c.obj                4      0         0      
       div0.asm.obj                  2      0         0      
    +--+-----------------------------+------+---------+---------+
       Total:                        984    0         40     
                                                             
       Heap:                         0      0         2048   
       Stack:                        0      0         1024   
       Linker Generated:             0      60        0      
    +--+-----------------------------+------+---------+---------+
       Grand Total:                  5418   288       3146   


LINKER GENERATED COPY TABLES

__TI_cinit_table @ 00001640 records: 2, size/record: 8, table size: 16
	.data: load addr=00001610, load size=00000018 bytes, run addr=20000400, run size=00000020 bytes, compression=lzss
	.bss: load addr=00001638, load size=00000008 bytes, run addr=20000420, run size=00000008 bytes, compression=zero_init


LINKER GENERATED HANDLER TABLE

__TI_handler_table @ 00001628 records: 3, size/record: 4, table size: 12
	index: 0, handler: __TI_decompress_lzss
	index: 1, handler: __TI_decompress_none
	index: 2, handler: __TI_zero_init


GLOBAL SYMBOLS: SORTED ALPHABETICALLY BY Name 

address   name                          
-------   ----                          
00001601  ADC14_IRQHandler              
00001601  AES256_IRQHandler             
00001601  BusFault_Handler              
00001607  C$$EXIT                       
00001601  COMP_E0_IRQHandler            
00001601  COMP_E1_IRQHandler            
00001601  CS_IRQHandler                 
00001601  DMA_ERR_IRQHandler            
00001601  DMA_INT0_IRQHandler           
00001601  DMA_INT1_IRQHandler           
00001601  DMA_INT2_IRQHandler           
00001601  DMA_INT3_IRQHandler           
00001601  DebugMon_Handler              
00001601  Default_Handler               
000003b7  EUSCIA0_IRQHandler            
000003b7  EUSCIA0_IRQHandler            
00001601  EUSCIA1_IRQHandler            
00001601  EUSCIA2_IRQHandler            
00001601  EUSCIA3_IRQHandler            
00001601  EUSCIB0_IRQHandler            
00001601  EUSCIB1_IRQHandler            
00001601  EUSCIB2_IRQHandler            
00001601  EUSCIB3_IRQHandler            
00001601  FLCTL_IRQHandler              
00001601  FPU_IRQHandler                
00001601  HardFault_Handler             
00001601  MemManage_Handler             
00001601  NMI_Handler                   
00001601  PCM_IRQHandler                
00001601  PORT1_IRQHandler              
00001601  PORT2_IRQHandler              
00001601  PORT3_IRQHandler              
00001601  PORT4_IRQHandler              
000002f9  PORT5_IRQHandler              
000002f9  PORT5_IRQHandler              
00001601  PORT6_IRQHandler              
00001601  PSS_IRQHandler                
00001601  PendSV_Handler                
000010cd  RTC_C_IRQHandler              
000010cd  RTC_C_IRQHandler              
20000420  RXBuf                         
000015f5  Reset_Handler                 
00001601  SVC_Handler                   
00001333  SysTick_Handler               
00001333  SysTick_Handler               
2000041c  SystemCoreClock               
0000088d  SystemCoreClockUpdate         
00000b05  SystemInit                    
00001601  T32_INT1_IRQHandler           
00001601  T32_INT2_IRQHandler           
00001601  T32_INTC_IRQHandler           
00001601  TA0_0_IRQHandler              
00001601  TA0_N_IRQHandler              
00001601  TA1_0_IRQHandler              
00001601  TA1_N_IRQHandler              
00001601  TA2_0_IRQHandler              
00001601  TA2_N_IRQHandler              
00001601  TA3_0_IRQHandler              
00001601  TA3_N_IRQHandler              
20000424  TXBuf                         
00001601  UsageFault_Handler            
4000480c  WDTCTL_SYM                    
00001601  WDT_A_IRQHandler              
20010000  __STACK_END                   
00000200  __STACK_SIZE                  
00000400  __SYSMEM_SIZE                 
00001640  __TI_CINIT_Base               
00001650  __TI_CINIT_Limit              
00001628  __TI_Handler_Table_Base       
00001634  __TI_Handler_Table_Limit      
0000147d  __TI_auto_init_nobinit_nopinit
00001415  __TI_decompress_lzss          
000015e7  __TI_decompress_none          
ffffffff  __TI_pprof_out_hndl           
ffffffff  __TI_prof_data_size           
ffffffff  __TI_prof_data_start          
00000000  __TI_static_base__            
000015d5  __TI_zero_init_nomemset       
0000160d  __aeabi_idiv0                 
0000160d  __aeabi_ldiv0                 
0000126d  __aeabi_memcpy                
0000126d  __aeabi_memcpy4               
0000126d  __aeabi_memcpy8               
000014c1  __aeabi_uidiv                 
000014c1  __aeabi_uidivmod              
ffffffff  __binit__                     
ffffffff  __c_args__                    
UNDEFED   __mpu_init                    
2000fe00  __stack                       
0000153d  _c_int00_noargs               
2000040c  _lock                         
0000160b  _nop                          
20000000  _sys_memory                   
UNDEFED   _system_post_cinit            
00001603  _system_pre_init              
20000410  _unlock                       
00001607  abort                         
00000f5d  addItemCircBuf                
000005f9  assignPin                     
ffffffff  binit                         
20000418  buttonCount                   
00000111  configure_SystemClock         
0000022f  configure_all_pins            
00000197  configure_buttons             
000001dd  configure_leds                
00001085  configure_rtc                 
00000533  configure_shift_pins          
00000137  configure_uart                
00000e99  createCircBuf                 
00000585  decToSevSeg                   
00000ed9  deleteCircBuf                 
000004b9  disableOutput                 
00001327  disableSystick                
20000417  doButtons                     
000004eb  enableOutput                  
00001309  enableSystick                 
00001195  free                          
20000414  hours                         
00000000  interruptVectors              
00000fa5  isEmpty                       
00000f39  isFullCircBuf                 
00000fc3  loadToBuf                     
00000c21  main                          
0000139d  malloc                        
0000126d  memcpy                        
00001575  minit                         
20000415  minutes                       
0000051d  pulseClock                    
0000100d  removeItem                    
00000ef1  resetCircBuf                  
20000416  seconds                       
00000825  shiftOut                      
00000693  updateMinutes                 
00000637  updateSeconds                 
00000733  updateTime                    


GLOBAL SYMBOLS: SORTED BY Symbol Address 

address   name                          
-------   ----                          
00000000  __TI_static_base__            
00000000  interruptVectors              
00000111  configure_SystemClock         
00000137  configure_uart                
00000197  configure_buttons             
000001dd  configure_leds                
00000200  __STACK_SIZE                  
0000022f  configure_all_pins            
000002f9  PORT5_IRQHandler              
000002f9  PORT5_IRQHandler              
000003b7  EUSCIA0_IRQHandler            
000003b7  EUSCIA0_IRQHandler            
00000400  __SYSMEM_SIZE                 
000004b9  disableOutput                 
000004eb  enableOutput                  
0000051d  pulseClock                    
00000533  configure_shift_pins          
00000585  decToSevSeg                   
000005f9  assignPin                     
00000637  updateSeconds                 
00000693  updateMinutes                 
00000733  updateTime                    
00000825  shiftOut                      
0000088d  SystemCoreClockUpdate         
00000b05  SystemInit                    
00000c21  main                          
00000e99  createCircBuf                 
00000ed9  deleteCircBuf                 
00000ef1  resetCircBuf                  
00000f39  isFullCircBuf                 
00000f5d  addItemCircBuf                
00000fa5  isEmpty                       
00000fc3  loadToBuf                     
0000100d  removeItem                    
00001085  configure_rtc                 
000010cd  RTC_C_IRQHandler              
000010cd  RTC_C_IRQHandler              
00001195  free                          
0000126d  __aeabi_memcpy                
0000126d  __aeabi_memcpy4               
0000126d  __aeabi_memcpy8               
0000126d  memcpy                        
00001309  enableSystick                 
00001327  disableSystick                
00001333  SysTick_Handler               
00001333  SysTick_Handler               
0000139d  malloc                        
00001415  __TI_decompress_lzss          
0000147d  __TI_auto_init_nobinit_nopinit
000014c1  __aeabi_uidiv                 
000014c1  __aeabi_uidivmod              
0000153d  _c_int00_noargs               
00001575  minit                         
000015d5  __TI_zero_init_nomemset       
000015e7  __TI_decompress_none          
000015f5  Reset_Handler                 
00001601  ADC14_IRQHandler              
00001601  AES256_IRQHandler             
00001601  BusFault_Handler              
00001601  COMP_E0_IRQHandler            
00001601  COMP_E1_IRQHandler            
00001601  CS_IRQHandler                 
00001601  DMA_ERR_IRQHandler            
00001601  DMA_INT0_IRQHandler           
00001601  DMA_INT1_IRQHandler           
00001601  DMA_INT2_IRQHandler           
00001601  DMA_INT3_IRQHandler           
00001601  DebugMon_Handler              
00001601  Default_Handler               
00001601  EUSCIA1_IRQHandler            
00001601  EUSCIA2_IRQHandler            
00001601  EUSCIA3_IRQHandler            
00001601  EUSCIB0_IRQHandler            
00001601  EUSCIB1_IRQHandler            
00001601  EUSCIB2_IRQHandler            
00001601  EUSCIB3_IRQHandler            
00001601  FLCTL_IRQHandler              
00001601  FPU_IRQHandler                
00001601  HardFault_Handler             
00001601  MemManage_Handler             
00001601  NMI_Handler                   
00001601  PCM_IRQHandler                
00001601  PORT1_IRQHandler              
00001601  PORT2_IRQHandler              
00001601  PORT3_IRQHandler              
00001601  PORT4_IRQHandler              
00001601  PORT6_IRQHandler              
00001601  PSS_IRQHandler                
00001601  PendSV_Handler                
00001601  SVC_Handler                   
00001601  T32_INT1_IRQHandler           
00001601  T32_INT2_IRQHandler           
00001601  T32_INTC_IRQHandler           
00001601  TA0_0_IRQHandler              
00001601  TA0_N_IRQHandler              
00001601  TA1_0_IRQHandler              
00001601  TA1_N_IRQHandler              
00001601  TA2_0_IRQHandler              
00001601  TA2_N_IRQHandler              
00001601  TA3_0_IRQHandler              
00001601  TA3_N_IRQHandler              
00001601  UsageFault_Handler            
00001601  WDT_A_IRQHandler              
00001603  _system_pre_init              
00001607  C$$EXIT                       
00001607  abort                         
0000160b  _nop                          
0000160d  __aeabi_idiv0                 
0000160d  __aeabi_ldiv0                 
00001628  __TI_Handler_Table_Base       
00001634  __TI_Handler_Table_Limit      
00001640  __TI_CINIT_Base               
00001650  __TI_CINIT_Limit              
20000000  _sys_memory                   
2000040c  _lock                         
20000410  _unlock                       
20000414  hours                         
20000415  minutes                       
20000416  seconds                       
20000417  doButtons                     
20000418  buttonCount                   
2000041c  SystemCoreClock               
20000420  RXBuf                         
20000424  TXBuf                         
2000fe00  __stack                       
20010000  __STACK_END                   
4000480c  WDTCTL_SYM                    
ffffffff  __TI_pprof_out_hndl           
ffffffff  __TI_prof_data_size           
ffffffff  __TI_prof_data_start          
ffffffff  __binit__                     
ffffffff  __c_args__                    
ffffffff  binit                         
UNDEFED   __mpu_init                    
UNDEFED   _system_post_cinit            

[135 symbols]
