******************************************************************************
                  TI ARM Linker Unix v18.1.2                   
******************************************************************************
>> Linked Sun Jan 27 14:54:15 2019

OUTPUT FILE NAME:   <VFD-Clock.out>
ENTRY POINT SYMBOL: "_c_int00_noargs"  address: 000010f1


MEMORY CONFIGURATION

         name            origin    length      used     unused   attr    fill
----------------------  --------  ---------  --------  --------  ----  --------
  MAIN                  00000000   00040000  00001200  0003ee00  R  X
  INFO                  00200000   00004000  00000000  00004000  R  X
  SRAM_CODE             01000000   00010000  00000628  0000f9d8  RW X
  SRAM_DATA             20000000   00010000  00000628  0000f9d8  RW  


SEGMENT ALLOCATION MAP

run origin  load origin   length   init length attrs members
----------  ----------- ---------- ----------- ----- -------
00000000    00000000    00001200   00001200    r-x
  00000000    00000000    000000e4   000000e4    r-- .intvecs
  000000e4    000000e4    000010dc   000010dc    r-x .text
  000011c0    000011c0    00000040   00000040    r-- .cinit
20000000    20000000    00000428   00000000    rw-
  20000000    20000000    00000400   00000000    rw- .sysmem
  20000400    20000400    00000020   00000000    rw- .data
  20000420    20000420    00000008   00000000    rw- .bss
2000fe00    2000fe00    00000200   00000000    rw-
  2000fe00    2000fe00    00000200   00000000    rw- .stack


SECTION ALLOCATION MAP

 output                                  attributes/
section   page    origin      length       input sections
--------  ----  ----------  ----------   ----------------
.intvecs   0    00000000    000000e4     
                  00000000    000000e4     startup_msp432p401r_ccs.obj (.intvecs:retain)

.text      0    000000e4    000010dc     
                  000000e4    00000318     peripherals.obj (.text)
                  000003fc    00000284     system_msp432p401r.obj (.text)
                  00000680    00000280     tubes.obj (.text)
                  00000900    00000258     main.obj (.text)
                  00000b58    0000012e     circbuf.obj (.text)
                  00000c86    00000002     rtsv7M4_T_le_v4SPD16_eabi.lib : _lock.c.obj (.text:_nop)
                  00000c88    000000dc     rtc.obj (.text)
                  00000d64    000000d8     rtsv7M4_T_le_v4SPD16_eabi.lib : memory.c.obj (.text:free)
                  00000e3c    0000009c                                   : memcpy_t2.asm.obj (.text)
                  00000ed8    00000078                                   : memory.c.obj (.text:malloc)
                  00000f50    00000078     timer.obj (.text)
                  00000fc8    00000068     rtsv7M4_T_le_v4SPD16_eabi.lib : copy_decompress_lzss.c.obj (.text:decompress:lzss:__TI_decompress_lzss)
                  00001030    00000044                                   : autoinit.c.obj (.text:__TI_auto_init_nobinit_nopinit:__TI_auto_init_nobinit_nopinit)
                  00001074    00000040                                   : u_divt2.asm.obj (.text)
                  000010b4    0000003c                                   : memory.c.obj (.text:minsert)
                  000010f0    00000038                                   : boot_cortex_m.c.obj (.text:_c_int00_noargs:_c_int00_noargs)
                  00001128    00000038                                   : memory.c.obj (.text:minit)
                  00001160    00000028                                   : memory.c.obj (.text:mremove)
                  00001188    00000012                                   : copy_zero_init.c.obj (.text:decompress:ZI:__TI_zero_init_nomemset:__TI_zero_init_nomemset)
                  0000119a    0000000e                                   : copy_decompress_none.c.obj (.text:decompress:none:__TI_decompress_none)
                  000011a8    0000000e     startup_msp432p401r_ccs.obj (.text)
                  000011b6    00000004     rtsv7M4_T_le_v4SPD16_eabi.lib : pre_init.c.obj (.text:_system_pre_init)
                  000011ba    00000004                                   : exit.c.obj (.text:abort:abort)
                  000011be    00000002                                   : div0.asm.obj (.text)

.cinit     0    000011c0    00000040     
                  000011c0    00000018     (.cinit..data.load) [load image, compression = lzss]
                  000011d8    0000000c     (__TI_handler_table)
                  000011e4    00000004     --HOLE-- [fill = 0]
                  000011e8    00000008     (.cinit..bss.load) [load image, compression = zero_init]
                  000011f0    00000010     (__TI_cinit_table)

.init_array 
*          0    00000000    00000000     UNINITIALIZED

.binit     0    00000000    00000000     

.sysmem    0    20000000    00000400     UNINITIALIZED
                  20000000    00000008     rtsv7M4_T_le_v4SPD16_eabi.lib : memory.c.obj (.sysmem)
                  20000008    000003f8     --HOLE--

.data      0    20000400    00000020     UNINITIALIZED
                  20000400    0000000c     rtsv7M4_T_le_v4SPD16_eabi.lib : memory.c.obj (.data:$O1$$)
                  2000040c    00000008                                   : _lock.c.obj (.data:$O1$$)
                  20000414    00000005     main.obj (.data)
                  20000419    00000003     --HOLE--
                  2000041c    00000004     system_msp432p401r.obj (.data)

.bss       0    20000420    00000008     UNINITIALIZED
                  20000420    00000004     (.common:RXBuf)
                  20000424    00000004     (.common:TXBuf)

.stack     0    2000fe00    00000200     UNINITIALIZED
                  2000fe00    00000004     rtsv7M4_T_le_v4SPD16_eabi.lib : boot_cortex_m.c.obj (.stack)
                  2000fe04    000001fc     --HOLE--

MODULE SUMMARY

       Module                        code   ro data   rw data
       ------                        ----   -------   -------
    ./
       peripherals.obj               792    0         0      
       system_msp432p401r.obj        644    0         8      
       tubes.obj                     640    0         0      
       main.obj                      600    0         26     
       circbuf.obj                   302    0         0      
       startup_msp432p401r_ccs.obj   14     228       0      
       rtc.obj                       220    0         0      
       timer.obj                     120    0         0      
    +--+-----------------------------+------+---------+---------+
       Total:                        3332   228       34     
                                                             
    /home/jack/ti/ccsv8/tools/compiler/ti-cgt-arm_18.1.2.LTS/lib/rtsv7M4_T_le_v4SPD16_eabi.lib
       memory.c.obj                  492    0         24     
       memcpy_t2.asm.obj             156    0         0      
       copy_decompress_lzss.c.obj    104    0         0      
       autoinit.c.obj                68     0         0      
       u_divt2.asm.obj               64     0         0      
       boot_cortex_m.c.obj           56     0         0      
       _lock.c.obj                   2      0         16     
       copy_zero_init.c.obj          18     0         0      
       copy_decompress_none.c.obj    14     0         0      
       exit.c.obj                    4      0         0      
       pre_init.c.obj                4      0         0      
       div0.asm.obj                  2      0         0      
    +--+-----------------------------+------+---------+---------+
       Total:                        984    0         40     
                                                             
       Heap:                         0      0         2048   
       Stack:                        0      0         1024   
       Linker Generated:             0      60        0      
    +--+-----------------------------+------+---------+---------+
       Grand Total:                  4316   288       3146   


LINKER GENERATED COPY TABLES

__TI_cinit_table @ 000011f0 records: 2, size/record: 8, table size: 16
	.data: load addr=000011c0, load size=00000018 bytes, run addr=20000400, run size=00000020 bytes, compression=lzss
	.bss: load addr=000011e8, load size=00000008 bytes, run addr=20000420, run size=00000008 bytes, compression=zero_init


LINKER GENERATED HANDLER TABLE

__TI_handler_table @ 000011d8 records: 3, size/record: 4, table size: 12
	index: 0, handler: __TI_decompress_lzss
	index: 1, handler: __TI_decompress_none
	index: 2, handler: __TI_zero_init


GLOBAL SYMBOLS: SORTED ALPHABETICALLY BY Name 

address   name                          
-------   ----                          
000011b5  ADC14_IRQHandler              
000011b5  AES256_IRQHandler             
000011b5  BusFault_Handler              
000011bb  C$$EXIT                       
000011b5  COMP_E0_IRQHandler            
000011b5  COMP_E1_IRQHandler            
000011b5  CS_IRQHandler                 
000011b5  DMA_ERR_IRQHandler            
000011b5  DMA_INT0_IRQHandler           
000011b5  DMA_INT1_IRQHandler           
000011b5  DMA_INT2_IRQHandler           
000011b5  DMA_INT3_IRQHandler           
000011b5  DebugMon_Handler              
000011b5  Default_Handler               
0000037b  EUSCIA0_IRQHandler            
0000037b  EUSCIA0_IRQHandler            
000011b5  EUSCIA1_IRQHandler            
000011b5  EUSCIA2_IRQHandler            
000011b5  EUSCIA3_IRQHandler            
000011b5  EUSCIB0_IRQHandler            
000011b5  EUSCIB1_IRQHandler            
000011b5  EUSCIB2_IRQHandler            
000011b5  EUSCIB3_IRQHandler            
000011b5  FLCTL_IRQHandler              
000011b5  FPU_IRQHandler                
000011b5  HardFault_Handler             
000011b5  MemManage_Handler             
000011b5  NMI_Handler                   
000011b5  PCM_IRQHandler                
000011b5  PORT1_IRQHandler              
000011b5  PORT2_IRQHandler              
000011b5  PORT3_IRQHandler              
000011b5  PORT4_IRQHandler              
000002c7  PORT5_IRQHandler              
000002c7  PORT5_IRQHandler              
000011b5  PORT6_IRQHandler              
000011b5  PSS_IRQHandler                
000011b5  PendSV_Handler                
00000cdd  RTC_C_IRQHandler              
00000cdd  RTC_C_IRQHandler              
20000420  RXBuf                         
000011a9  Reset_Handler                 
000011b5  SVC_Handler                   
00000f6d  SysTick_Handler               
00000f6d  SysTick_Handler               
2000041c  SystemCoreClock               
0000044d  SystemCoreClockUpdate         
000003fd  SystemInit                    
000011b5  T32_INT1_IRQHandler           
000011b5  T32_INT2_IRQHandler           
000011b5  T32_INTC_IRQHandler           
000011b5  TA0_0_IRQHandler              
000011b5  TA0_N_IRQHandler              
000011b5  TA1_0_IRQHandler              
000011b5  TA1_N_IRQHandler              
000011b5  TA2_0_IRQHandler              
000011b5  TA2_N_IRQHandler              
000011b5  TA3_0_IRQHandler              
000011b5  TA3_N_IRQHandler              
20000424  TXBuf                         
000011b5  UsageFault_Handler            
4000480c  WDTCTL_SYM                    
000011b5  WDT_A_IRQHandler              
20010000  __STACK_END                   
00000200  __STACK_SIZE                  
00000400  __SYSMEM_SIZE                 
000011f0  __TI_CINIT_Base               
00001200  __TI_CINIT_Limit              
000011d8  __TI_Handler_Table_Base       
000011e4  __TI_Handler_Table_Limit      
00001031  __TI_auto_init_nobinit_nopinit
00000fc9  __TI_decompress_lzss          
0000119b  __TI_decompress_none          
ffffffff  __TI_pprof_out_hndl           
ffffffff  __TI_prof_data_size           
ffffffff  __TI_prof_data_start          
00000000  __TI_static_base__            
00001189  __TI_zero_init_nomemset       
000011bf  __aeabi_idiv0                 
000011bf  __aeabi_ldiv0                 
00000e3d  __aeabi_memcpy                
00000e3d  __aeabi_memcpy4               
00000e3d  __aeabi_memcpy8               
00001075  __aeabi_uidiv                 
00001075  __aeabi_uidivmod              
ffffffff  __binit__                     
ffffffff  __c_args__                    
UNDEFED   __mpu_init                    
2000fe00  __stack                       
000010f1  _c_int00_noargs               
2000040c  _lock                         
00000c87  _nop                          
20000000  _sys_memory                   
UNDEFED   _system_post_cinit            
000011b7  _system_pre_init              
20000410  _unlock                       
000011bb  abort                         
00000bc3  addItemCircBuf                
000006bf  assignPin                     
ffffffff  binit                         
20000418  buttonCount                   
000002a5  configure_SystemClock         
00000203  configure_all_pins            
000001a7  configure_buttons             
00000151  configure_leds                
00000c89  configure_rtc                 
000008a9  configure_shift_pins          
000000e5  configure_uart                
00000c55  createCircBuf                 
00000681  decToSevSeg                   
00000c41  deleteCircBuf                 
00000889  disableOutput                 
00000f61  disableSystick                
20000417  doButtons                     
00000869  enableOutput                  
00000f51  enableSystick                 
00000d65  free                          
20000414  hours                         
00000000  interruptVectors              
00000c2f  isEmpty                       
00000bad  isFullCircBuf                 
00000bf1  loadToBuf                     
00000901  main                          
00000ed9  malloc                        
00000e3d  memcpy                        
00001129  minit                         
20000415  minutes                       
000006e3  pulseClock                    
00000b79  removeItem                    
00000b59  resetCircBuf                  
20000416  seconds                       
000006f7  shiftOut                      
000007ff  updateMinutes                 
000007bf  updateSeconds                 
00000721  updateTime                    


GLOBAL SYMBOLS: SORTED BY Symbol Address 

address   name                          
-------   ----                          
00000000  __TI_static_base__            
00000000  interruptVectors              
000000e5  configure_uart                
00000151  configure_leds                
000001a7  configure_buttons             
00000200  __STACK_SIZE                  
00000203  configure_all_pins            
000002a5  configure_SystemClock         
000002c7  PORT5_IRQHandler              
000002c7  PORT5_IRQHandler              
0000037b  EUSCIA0_IRQHandler            
0000037b  EUSCIA0_IRQHandler            
000003fd  SystemInit                    
00000400  __SYSMEM_SIZE                 
0000044d  SystemCoreClockUpdate         
00000681  decToSevSeg                   
000006bf  assignPin                     
000006e3  pulseClock                    
000006f7  shiftOut                      
00000721  updateTime                    
000007bf  updateSeconds                 
000007ff  updateMinutes                 
00000869  enableOutput                  
00000889  disableOutput                 
000008a9  configure_shift_pins          
00000901  main                          
00000b59  resetCircBuf                  
00000b79  removeItem                    
00000bad  isFullCircBuf                 
00000bc3  addItemCircBuf                
00000bf1  loadToBuf                     
00000c2f  isEmpty                       
00000c41  deleteCircBuf                 
00000c55  createCircBuf                 
00000c87  _nop                          
00000c89  configure_rtc                 
00000cdd  RTC_C_IRQHandler              
00000cdd  RTC_C_IRQHandler              
00000d65  free                          
00000e3d  __aeabi_memcpy                
00000e3d  __aeabi_memcpy4               
00000e3d  __aeabi_memcpy8               
00000e3d  memcpy                        
00000ed9  malloc                        
00000f51  enableSystick                 
00000f61  disableSystick                
00000f6d  SysTick_Handler               
00000f6d  SysTick_Handler               
00000fc9  __TI_decompress_lzss          
00001031  __TI_auto_init_nobinit_nopinit
00001075  __aeabi_uidiv                 
00001075  __aeabi_uidivmod              
000010f1  _c_int00_noargs               
00001129  minit                         
00001189  __TI_zero_init_nomemset       
0000119b  __TI_decompress_none          
000011a9  Reset_Handler                 
000011b5  ADC14_IRQHandler              
000011b5  AES256_IRQHandler             
000011b5  BusFault_Handler              
000011b5  COMP_E0_IRQHandler            
000011b5  COMP_E1_IRQHandler            
000011b5  CS_IRQHandler                 
000011b5  DMA_ERR_IRQHandler            
000011b5  DMA_INT0_IRQHandler           
000011b5  DMA_INT1_IRQHandler           
000011b5  DMA_INT2_IRQHandler           
000011b5  DMA_INT3_IRQHandler           
000011b5  DebugMon_Handler              
000011b5  Default_Handler               
000011b5  EUSCIA1_IRQHandler            
000011b5  EUSCIA2_IRQHandler            
000011b5  EUSCIA3_IRQHandler            
000011b5  EUSCIB0_IRQHandler            
000011b5  EUSCIB1_IRQHandler            
000011b5  EUSCIB2_IRQHandler            
000011b5  EUSCIB3_IRQHandler            
000011b5  FLCTL_IRQHandler              
000011b5  FPU_IRQHandler                
000011b5  HardFault_Handler             
000011b5  MemManage_Handler             
000011b5  NMI_Handler                   
000011b5  PCM_IRQHandler                
000011b5  PORT1_IRQHandler              
000011b5  PORT2_IRQHandler              
000011b5  PORT3_IRQHandler              
000011b5  PORT4_IRQHandler              
000011b5  PORT6_IRQHandler              
000011b5  PSS_IRQHandler                
000011b5  PendSV_Handler                
000011b5  SVC_Handler                   
000011b5  T32_INT1_IRQHandler           
000011b5  T32_INT2_IRQHandler           
000011b5  T32_INTC_IRQHandler           
000011b5  TA0_0_IRQHandler              
000011b5  TA0_N_IRQHandler              
000011b5  TA1_0_IRQHandler              
000011b5  TA1_N_IRQHandler              
000011b5  TA2_0_IRQHandler              
000011b5  TA2_N_IRQHandler              
000011b5  TA3_0_IRQHandler              
000011b5  TA3_N_IRQHandler              
000011b5  UsageFault_Handler            
000011b5  WDT_A_IRQHandler              
000011b7  _system_pre_init              
000011bb  C$$EXIT                       
000011bb  abort                         
000011bf  __aeabi_idiv0                 
000011bf  __aeabi_ldiv0                 
000011d8  __TI_Handler_Table_Base       
000011e4  __TI_Handler_Table_Limit      
000011f0  __TI_CINIT_Base               
00001200  __TI_CINIT_Limit              
20000000  _sys_memory                   
2000040c  _lock                         
20000410  _unlock                       
20000414  hours                         
20000415  minutes                       
20000416  seconds                       
20000417  doButtons                     
20000418  buttonCount                   
2000041c  SystemCoreClock               
20000420  RXBuf                         
20000424  TXBuf                         
2000fe00  __stack                       
20010000  __STACK_END                   
4000480c  WDTCTL_SYM                    
ffffffff  __TI_pprof_out_hndl           
ffffffff  __TI_prof_data_size           
ffffffff  __TI_prof_data_start          
ffffffff  __binit__                     
ffffffff  __c_args__                    
ffffffff  binit                         
UNDEFED   __mpu_init                    
UNDEFED   _system_post_cinit            

[135 symbols]
