******************************************************************************
                  TI ARM Linker Unix v18.1.2                   
******************************************************************************
>> Linked Sun Jan 27 14:48:56 2019

OUTPUT FILE NAME:   <VFD-Clock.out>
ENTRY POINT SYMBOL: "_c_int00_noargs"  address: 00001639


MEMORY CONFIGURATION

         name            origin    length      used     unused   attr    fill
----------------------  --------  ---------  --------  --------  ----  --------
  MAIN                  00000000   00040000  00001744  0003e8bc  R  X
  INFO                  00200000   00004000  00000000  00004000  R  X
  SRAM_CODE             01000000   00010000  00000628  0000f9d8  RW X
  SRAM_DATA             20000000   00010000  00000628  0000f9d8  RW  


SEGMENT ALLOCATION MAP

run origin  load origin   length   init length attrs members
----------  ----------- ---------- ----------- ----- -------
00000000    00000000    00001748   00001748    r-x
  00000000    00000000    000000e4   000000e4    r-- .intvecs
  000000e8    000000e8    00001620   00001620    r-x .text
  00001708    00001708    00000040   00000040    r-- .cinit
20000000    20000000    00000428   00000000    rw-
  20000000    20000000    00000400   00000000    rw- .sysmem
  20000400    20000400    00000020   00000000    rw- .data
  20000420    20000420    00000008   00000000    rw- .bss
2000fe00    2000fe00    00000200   00000000    rw-
  2000fe00    2000fe00    00000200   00000000    rw- .stack


SECTION ALLOCATION MAP

 output                                  attributes/
section   page    origin      length       input sections
--------  ----  ----------  ----------   ----------------
.intvecs   0    00000000    000000e4     
                  00000000    000000e4     startup_msp432p401r_ccs.obj (.intvecs:retain)

.text      0    000000e8    00001620     
                  000000e8    000003fc     peripherals.obj (.text)
                  000004e4    00000004     rtsv7M4_T_le_v4SPD16_eabi.lib : pre_init.c.obj (.text:_system_pre_init)
                  000004e8    000003f8     tubes.obj (.text)
                  000008e0    00000368     system_msp432p401r.obj (.text)
                  00000c48    000002ec     main.obj (.text)
                  00000f34    00000004     rtsv7M4_T_le_v4SPD16_eabi.lib : exit.c.obj (.text:abort:abort)
                  00000f38    000001ee     circbuf.obj (.text)
                  00001126    00000002     rtsv7M4_T_le_v4SPD16_eabi.lib : _lock.c.obj (.text:_nop)
                  00001128    0000014c     rtc.obj (.text)
                  00001274    000000d8     rtsv7M4_T_le_v4SPD16_eabi.lib : memory.c.obj (.text:free)
                  0000134c    00000002                                   : div0.asm.obj (.text)
                  0000134e    00000002     --HOLE-- [fill = 0]
                  00001350    000000ac     timer.obj (.text)
                  000013fc    0000009c     rtsv7M4_T_le_v4SPD16_eabi.lib : memcpy_t2.asm.obj (.text)
                  00001498    00000078                                   : memory.c.obj (.text:malloc)
                  00001510    00000068                                   : copy_decompress_lzss.c.obj (.text:decompress:lzss:__TI_decompress_lzss)
                  00001578    00000044                                   : autoinit.c.obj (.text:__TI_auto_init_nobinit_nopinit:__TI_auto_init_nobinit_nopinit)
                  000015bc    00000040                                   : u_divt2.asm.obj (.text)
                  000015fc    0000003c                                   : memory.c.obj (.text:minsert)
                  00001638    00000038                                   : boot_cortex_m.c.obj (.text:_c_int00_noargs:_c_int00_noargs)
                  00001670    00000038                                   : memory.c.obj (.text:minit)
                  000016a8    00000028                                   : memory.c.obj (.text:mremove)
                  000016d0    00000012                                   : copy_zero_init.c.obj (.text:decompress:ZI:__TI_zero_init_nomemset:__TI_zero_init_nomemset)
                  000016e2    00000006     --HOLE-- [fill = 0]
                  000016e8    00000012     startup_msp432p401r_ccs.obj (.text)
                  000016fa    0000000e     rtsv7M4_T_le_v4SPD16_eabi.lib : copy_decompress_none.c.obj (.text:decompress:none:__TI_decompress_none)

.cinit     0    00001708    00000040     
                  00001708    00000018     (.cinit..data.load) [load image, compression = lzss]
                  00001720    0000000c     (__TI_handler_table)
                  0000172c    00000004     --HOLE-- [fill = 0]
                  00001730    00000008     (.cinit..bss.load) [load image, compression = zero_init]
                  00001738    00000010     (__TI_cinit_table)

.init_array 
*          0    00000000    00000000     UNINITIALIZED

.binit     0    00000000    00000000     

.sysmem    0    20000000    00000400     UNINITIALIZED
                  20000000    00000008     rtsv7M4_T_le_v4SPD16_eabi.lib : memory.c.obj (.sysmem)
                  20000008    000003f8     --HOLE--

.data      0    20000400    00000020     UNINITIALIZED
                  20000400    0000000c     rtsv7M4_T_le_v4SPD16_eabi.lib : memory.c.obj (.data:$O1$$)
                  2000040c    00000008                                   : _lock.c.obj (.data:$O1$$)
                  20000414    00000005     main.obj (.data)
                  20000419    00000003     --HOLE--
                  2000041c    00000004     system_msp432p401r.obj (.data)

.bss       0    20000420    00000008     UNINITIALIZED
                  20000420    00000004     (.common:RXBuf)
                  20000424    00000004     (.common:TXBuf)

.stack     0    2000fe00    00000200     UNINITIALIZED
                  2000fe00    00000004     rtsv7M4_T_le_v4SPD16_eabi.lib : boot_cortex_m.c.obj (.stack)
                  2000fe04    000001fc     --HOLE--

MODULE SUMMARY

       Module                        code   ro data   rw data
       ------                        ----   -------   -------
    ./
       peripherals.obj               1020   0         0      
       tubes.obj                     1016   0         0      
       system_msp432p401r.obj        872    0         8      
       main.obj                      748    0         26     
       circbuf.obj                   494    0         0      
       rtc.obj                       332    0         0      
       startup_msp432p401r_ccs.obj   18     228       0      
       timer.obj                     172    0         0      
    +--+-----------------------------+------+---------+---------+
       Total:                        4672   228       34     
                                                             
    /home/jack/ti/ccsv8/tools/compiler/ti-cgt-arm_18.1.2.LTS/lib/rtsv7M4_T_le_v4SPD16_eabi.lib
       memory.c.obj                  492    0         24     
       memcpy_t2.asm.obj             156    0         0      
       copy_decompress_lzss.c.obj    104    0         0      
       autoinit.c.obj                68     0         0      
       u_divt2.asm.obj               64     0         0      
       boot_cortex_m.c.obj           56     0         0      
       _lock.c.obj                   2      0         16     
       copy_zero_init.c.obj          18     0         0      
       copy_decompress_none.c.obj    14     0         0      
       exit.c.obj                    4      0         0      
       pre_init.c.obj                4      0         0      
       div0.asm.obj                  2      0         0      
    +--+-----------------------------+------+---------+---------+
       Total:                        984    0         40     
                                                             
       Heap:                         0      0         2048   
       Stack:                        0      0         1024   
       Linker Generated:             0      60        0      
    +--+-----------------------------+------+---------+---------+
       Grand Total:                  5656   288       3146   


LINKER GENERATED COPY TABLES

__TI_cinit_table @ 00001738 records: 2, size/record: 8, table size: 16
	.data: load addr=00001708, load size=00000018 bytes, run addr=20000400, run size=00000020 bytes, compression=lzss
	.bss: load addr=00001730, load size=00000008 bytes, run addr=20000420, run size=00000008 bytes, compression=zero_init


LINKER GENERATED HANDLER TABLE

__TI_handler_table @ 00001720 records: 3, size/record: 4, table size: 12
	index: 0, handler: __TI_decompress_lzss
	index: 1, handler: __TI_decompress_none
	index: 2, handler: __TI_zero_init


GLOBAL SYMBOLS: SORTED ALPHABETICALLY BY Name 

address   name                          
-------   ----                          
000016f9  ADC14_IRQHandler              
000016f9  AES256_IRQHandler             
000016f9  BusFault_Handler              
00000f35  C$$EXIT                       
000016f9  COMP_E0_IRQHandler            
000016f9  COMP_E1_IRQHandler            
000016f9  CS_IRQHandler                 
000016f9  DMA_ERR_IRQHandler            
000016f9  DMA_INT0_IRQHandler           
000016f9  DMA_INT1_IRQHandler           
000016f9  DMA_INT2_IRQHandler           
000016f9  DMA_INT3_IRQHandler           
000016f9  DebugMon_Handler              
000016f9  Default_Handler               
000003e1  EUSCIA0_IRQHandler            
000003e1  EUSCIA0_IRQHandler            
000016f9  EUSCIA1_IRQHandler            
000016f9  EUSCIA2_IRQHandler            
000016f9  EUSCIA3_IRQHandler            
000016f9  EUSCIB0_IRQHandler            
000016f9  EUSCIB1_IRQHandler            
000016f9  EUSCIB2_IRQHandler            
000016f9  EUSCIB3_IRQHandler            
000016f9  FLCTL_IRQHandler              
000016f9  FPU_IRQHandler                
000016f9  HardFault_Handler             
000016f9  MemManage_Handler             
000016f9  NMI_Handler                   
000016f9  PCM_IRQHandler                
000016f9  PORT1_IRQHandler              
000016f9  PORT2_IRQHandler              
000016f9  PORT3_IRQHandler              
000016f9  PORT4_IRQHandler              
00000311  PORT5_IRQHandler              
00000311  PORT5_IRQHandler              
000016f9  PORT6_IRQHandler              
000016f9  PSS_IRQHandler                
000016f9  PendSV_Handler                
000011a1  RTC_C_IRQHandler              
000011a1  RTC_C_IRQHandler              
20000420  RXBuf                         
000016e9  Reset_Handler                 
000016f9  SVC_Handler                   
00001381  SysTick_Handler               
00001381  SysTick_Handler               
2000041c  SystemCoreClock               
000008e1  SystemCoreClockUpdate         
00000b91  SystemInit                    
000016f9  T32_INT1_IRQHandler           
000016f9  T32_INT2_IRQHandler           
000016f9  T32_INTC_IRQHandler           
000016f9  TA0_0_IRQHandler              
000016f9  TA0_N_IRQHandler              
000016f9  TA1_0_IRQHandler              
000016f9  TA1_N_IRQHandler              
000016f9  TA2_0_IRQHandler              
000016f9  TA2_N_IRQHandler              
000016f9  TA3_0_IRQHandler              
000016f9  TA3_N_IRQHandler              
20000424  TXBuf                         
000016f9  UsageFault_Handler            
4000480c  WDTCTL_SYM                    
000016f9  WDT_A_IRQHandler              
20010000  __STACK_END                   
00000200  __STACK_SIZE                  
00000400  __SYSMEM_SIZE                 
00001738  __TI_CINIT_Base               
00001748  __TI_CINIT_Limit              
00001720  __TI_Handler_Table_Base       
0000172c  __TI_Handler_Table_Limit      
00001579  __TI_auto_init_nobinit_nopinit
00001511  __TI_decompress_lzss          
000016fb  __TI_decompress_none          
ffffffff  __TI_pprof_out_hndl           
ffffffff  __TI_prof_data_size           
ffffffff  __TI_prof_data_start          
00000000  __TI_static_base__            
000016d1  __TI_zero_init_nomemset       
0000134d  __aeabi_idiv0                 
0000134d  __aeabi_ldiv0                 
000013fd  __aeabi_memcpy                
000013fd  __aeabi_memcpy4               
000013fd  __aeabi_memcpy8               
000015bd  __aeabi_uidiv                 
000015bd  __aeabi_uidivmod              
ffffffff  __binit__                     
ffffffff  __c_args__                    
UNDEFED   __mpu_init                    
2000fe00  __stack                       
00001639  _c_int00_noargs               
2000040c  _lock                         
00001127  _nop                          
20000000  _sys_memory                   
UNDEFED   _system_post_cinit            
000004e5  _system_pre_init              
20000410  _unlock                       
00000f35  abort                         
00001011  addItemCircBuf                
00000641  assignPin                     
ffffffff  binit                         
20000418  buttonCount                   
00000119  configure_SystemClock         
00000241  configure_all_pins            
000001a1  configure_buttons             
000001e9  configure_leds                
00001159  configure_rtc                 
00000571  configure_shift_pins          
00000141  configure_uart                
00000f39  createCircBuf                 
000005c9  decToSevSeg                   
00000f81  deleteCircBuf                 
000004e9  disableOutput                 
00001371  disableSystick                
20000417  doButtons                     
00000521  enableOutput                  
00001351  enableSystick                 
00001275  free                          
20000414  hours                         
00000000  interruptVectors              
00001059  isEmpty                       
00000fe9  isFullCircBuf                 
00001079  loadToBuf                     
00000cb1  main                          
00001499  malloc                        
000013fd  memcpy                        
00001671  minit                         
20000415  minutes                       
00000559  pulseClock                    
000010d1  removeItem                    
00000f99  resetCircBuf                  
20000416  seconds                       
00000879  shiftOut                      
000006e1  updateMinutes                 
00000681  updateSeconds                 
00000781  updateTime                    


GLOBAL SYMBOLS: SORTED BY Symbol Address 

address   name                          
-------   ----                          
00000000  __TI_static_base__            
00000000  interruptVectors              
00000119  configure_SystemClock         
00000141  configure_uart                
000001a1  configure_buttons             
000001e9  configure_leds                
00000200  __STACK_SIZE                  
00000241  configure_all_pins            
00000311  PORT5_IRQHandler              
00000311  PORT5_IRQHandler              
000003e1  EUSCIA0_IRQHandler            
000003e1  EUSCIA0_IRQHandler            
00000400  __SYSMEM_SIZE                 
000004e5  _system_pre_init              
000004e9  disableOutput                 
00000521  enableOutput                  
00000559  pulseClock                    
00000571  configure_shift_pins          
000005c9  decToSevSeg                   
00000641  assignPin                     
00000681  updateSeconds                 
000006e1  updateMinutes                 
00000781  updateTime                    
00000879  shiftOut                      
000008e1  SystemCoreClockUpdate         
00000b91  SystemInit                    
00000cb1  main                          
00000f35  C$$EXIT                       
00000f35  abort                         
00000f39  createCircBuf                 
00000f81  deleteCircBuf                 
00000f99  resetCircBuf                  
00000fe9  isFullCircBuf                 
00001011  addItemCircBuf                
00001059  isEmpty                       
00001079  loadToBuf                     
000010d1  removeItem                    
00001127  _nop                          
00001159  configure_rtc                 
000011a1  RTC_C_IRQHandler              
000011a1  RTC_C_IRQHandler              
00001275  free                          
0000134d  __aeabi_idiv0                 
0000134d  __aeabi_ldiv0                 
00001351  enableSystick                 
00001371  disableSystick                
00001381  SysTick_Handler               
00001381  SysTick_Handler               
000013fd  __aeabi_memcpy                
000013fd  __aeabi_memcpy4               
000013fd  __aeabi_memcpy8               
000013fd  memcpy                        
00001499  malloc                        
00001511  __TI_decompress_lzss          
00001579  __TI_auto_init_nobinit_nopinit
000015bd  __aeabi_uidiv                 
000015bd  __aeabi_uidivmod              
00001639  _c_int00_noargs               
00001671  minit                         
000016d1  __TI_zero_init_nomemset       
000016e9  Reset_Handler                 
000016f9  ADC14_IRQHandler              
000016f9  AES256_IRQHandler             
000016f9  BusFault_Handler              
000016f9  COMP_E0_IRQHandler            
000016f9  COMP_E1_IRQHandler            
000016f9  CS_IRQHandler                 
000016f9  DMA_ERR_IRQHandler            
000016f9  DMA_INT0_IRQHandler           
000016f9  DMA_INT1_IRQHandler           
000016f9  DMA_INT2_IRQHandler           
000016f9  DMA_INT3_IRQHandler           
000016f9  DebugMon_Handler              
000016f9  Default_Handler               
000016f9  EUSCIA1_IRQHandler            
000016f9  EUSCIA2_IRQHandler            
000016f9  EUSCIA3_IRQHandler            
000016f9  EUSCIB0_IRQHandler            
000016f9  EUSCIB1_IRQHandler            
000016f9  EUSCIB2_IRQHandler            
000016f9  EUSCIB3_IRQHandler            
000016f9  FLCTL_IRQHandler              
000016f9  FPU_IRQHandler                
000016f9  HardFault_Handler             
000016f9  MemManage_Handler             
000016f9  NMI_Handler                   
000016f9  PCM_IRQHandler                
000016f9  PORT1_IRQHandler              
000016f9  PORT2_IRQHandler              
000016f9  PORT3_IRQHandler              
000016f9  PORT4_IRQHandler              
000016f9  PORT6_IRQHandler              
000016f9  PSS_IRQHandler                
000016f9  PendSV_Handler                
000016f9  SVC_Handler                   
000016f9  T32_INT1_IRQHandler           
000016f9  T32_INT2_IRQHandler           
000016f9  T32_INTC_IRQHandler           
000016f9  TA0_0_IRQHandler              
000016f9  TA0_N_IRQHandler              
000016f9  TA1_0_IRQHandler              
000016f9  TA1_N_IRQHandler              
000016f9  TA2_0_IRQHandler              
000016f9  TA2_N_IRQHandler              
000016f9  TA3_0_IRQHandler              
000016f9  TA3_N_IRQHandler              
000016f9  UsageFault_Handler            
000016f9  WDT_A_IRQHandler              
000016fb  __TI_decompress_none          
00001720  __TI_Handler_Table_Base       
0000172c  __TI_Handler_Table_Limit      
00001738  __TI_CINIT_Base               
00001748  __TI_CINIT_Limit              
20000000  _sys_memory                   
2000040c  _lock                         
20000410  _unlock                       
20000414  hours                         
20000415  minutes                       
20000416  seconds                       
20000417  doButtons                     
20000418  buttonCount                   
2000041c  SystemCoreClock               
20000420  RXBuf                         
20000424  TXBuf                         
2000fe00  __stack                       
20010000  __STACK_END                   
4000480c  WDTCTL_SYM                    
ffffffff  __TI_pprof_out_hndl           
ffffffff  __TI_prof_data_size           
ffffffff  __TI_prof_data_start          
ffffffff  __binit__                     
ffffffff  __c_args__                    
ffffffff  binit                         
UNDEFED   __mpu_init                    
UNDEFED   _system_post_cinit            

[135 symbols]
