******************************************************************************
                  TI ARM Linker Unix v18.1.2                   
******************************************************************************
>> Linked Sun Jan 27 14:54:17 2019

OUTPUT FILE NAME:   <VFD-Clock.out>
ENTRY POINT SYMBOL: "_c_int00_noargs"  address: 00000fb9


MEMORY CONFIGURATION

         name            origin    length      used     unused   attr    fill
----------------------  --------  ---------  --------  --------  ----  --------
  MAIN                  00000000   00040000  000010ca  0003ef36  R  X
  INFO                  00200000   00004000  00000000  00004000  R  X
  SRAM_CODE             01000000   00010000  00000628  0000f9d8  RW X
  SRAM_DATA             20000000   00010000  00000628  0000f9d8  RW  


SEGMENT ALLOCATION MAP

run origin  load origin   length   init length attrs members
----------  ----------- ---------- ----------- ----- -------
00000000    00000000    000010d0   000010d0    r-x
  00000000    00000000    000000e4   000000e4    r-- .intvecs
  000000e4    000000e4    00000fa6   00000fa6    r-x .text
  00001090    00001090    00000040   00000040    r-- .cinit
20000000    20000000    00000428   00000000    rw-
  20000000    20000000    00000400   00000000    rw- .sysmem
  20000400    20000400    00000020   00000000    rw- .data
  20000420    20000420    00000008   00000000    rw- .bss
2000fe00    2000fe00    00000200   00000000    rw-
  2000fe00    2000fe00    00000200   00000000    rw- .stack


SECTION ALLOCATION MAP

 output                                  attributes/
section   page    origin      length       input sections
--------  ----  ----------  ----------   ----------------
.intvecs   0    00000000    000000e4     
                  00000000    000000e4     startup_msp432p401r_ccs.obj (.intvecs:retain)

.text      0    000000e4    00000fa6     
                  000000e4    000002bc     peripherals.obj (.text)
                  000003a0    0000027c     tubes.obj (.text)
                  0000061c    00000244     main.obj (.text)
                  00000860    00000214     system_msp432p401r.obj (.text)
                  00000a74    00000114     circbuf.obj (.text)
                  00000b88    000000d8     rtsv7M4_T_le_v4SPD16_eabi.lib : memory.c.obj (.text:free)
                  00000c60    000000ac     rtc.obj (.text)
                  00000d0c    0000009c     rtsv7M4_T_le_v4SPD16_eabi.lib : memcpy_t2.asm.obj (.text)
                  00000da8    00000078                                   : memory.c.obj (.text:malloc)
                  00000e20    00000070     timer.obj (.text)
                  00000e90    00000068     rtsv7M4_T_le_v4SPD16_eabi.lib : copy_decompress_lzss.c.obj (.text:decompress:lzss:__TI_decompress_lzss)
                  00000ef8    00000044                                   : autoinit.c.obj (.text:__TI_auto_init_nobinit_nopinit:__TI_auto_init_nobinit_nopinit)
                  00000f3c    00000040                                   : u_divt2.asm.obj (.text)
                  00000f7c    0000003c                                   : memory.c.obj (.text:minsert)
                  00000fb8    00000038                                   : boot_cortex_m.c.obj (.text:_c_int00_noargs:_c_int00_noargs)
                  00000ff0    00000038                                   : memory.c.obj (.text:minit)
                  00001028    00000028                                   : memory.c.obj (.text:mremove)
                  00001050    00000012                                   : copy_zero_init.c.obj (.text:decompress:ZI:__TI_zero_init_nomemset:__TI_zero_init_nomemset)
                  00001062    0000000e                                   : copy_decompress_none.c.obj (.text:decompress:none:__TI_decompress_none)
                  00001070    0000000e     startup_msp432p401r_ccs.obj (.text)
                  0000107e    00000004     rtsv7M4_T_le_v4SPD16_eabi.lib : pre_init.c.obj (.text:_system_pre_init)
                  00001082    00000004                                   : exit.c.obj (.text:abort:abort)
                  00001086    00000002                                   : _lock.c.obj (.text:_nop)
                  00001088    00000002                                   : div0.asm.obj (.text)

.cinit     0    00001090    00000040     
                  00001090    00000018     (.cinit..data.load) [load image, compression = lzss]
                  000010a8    0000000c     (__TI_handler_table)
                  000010b4    00000004     --HOLE-- [fill = 0]
                  000010b8    00000008     (.cinit..bss.load) [load image, compression = zero_init]
                  000010c0    00000010     (__TI_cinit_table)

.init_array 
*          0    00000000    00000000     UNINITIALIZED

.binit     0    00000000    00000000     

.sysmem    0    20000000    00000400     UNINITIALIZED
                  20000000    00000008     rtsv7M4_T_le_v4SPD16_eabi.lib : memory.c.obj (.sysmem)
                  20000008    000003f8     --HOLE--

.data      0    20000400    00000020     UNINITIALIZED
                  20000400    0000000c     rtsv7M4_T_le_v4SPD16_eabi.lib : memory.c.obj (.data:$O1$$)
                  2000040c    00000008                                   : _lock.c.obj (.data:$O1$$)
                  20000414    00000005     main.obj (.data)
                  20000419    00000003     --HOLE--
                  2000041c    00000004     system_msp432p401r.obj (.data)

.bss       0    20000420    00000008     UNINITIALIZED
                  20000420    00000004     (.common:RXBuf)
                  20000424    00000004     (.common:TXBuf)

.stack     0    2000fe00    00000200     UNINITIALIZED
                  2000fe00    00000004     rtsv7M4_T_le_v4SPD16_eabi.lib : boot_cortex_m.c.obj (.stack)
                  2000fe04    000001fc     --HOLE--

MODULE SUMMARY

       Module                        code   ro data   rw data
       ------                        ----   -------   -------
    ./
       peripherals.obj               700    0         0      
       tubes.obj                     636    0         0      
       main.obj                      580    0         26     
       system_msp432p401r.obj        532    0         8      
       circbuf.obj                   276    0         0      
       startup_msp432p401r_ccs.obj   14     228       0      
       rtc.obj                       172    0         0      
       timer.obj                     112    0         0      
    +--+-----------------------------+------+---------+---------+
       Total:                        3022   228       34     
                                                             
    /home/jack/ti/ccsv8/tools/compiler/ti-cgt-arm_18.1.2.LTS/lib/rtsv7M4_T_le_v4SPD16_eabi.lib
       memory.c.obj                  492    0         24     
       memcpy_t2.asm.obj             156    0         0      
       copy_decompress_lzss.c.obj    104    0         0      
       autoinit.c.obj                68     0         0      
       u_divt2.asm.obj               64     0         0      
       boot_cortex_m.c.obj           56     0         0      
       _lock.c.obj                   2      0         16     
       copy_zero_init.c.obj          18     0         0      
       copy_decompress_none.c.obj    14     0         0      
       exit.c.obj                    4      0         0      
       pre_init.c.obj                4      0         0      
       div0.asm.obj                  2      0         0      
    +--+-----------------------------+------+---------+---------+
       Total:                        984    0         40     
                                                             
       Heap:                         0      0         2048   
       Stack:                        0      0         1024   
       Linker Generated:             0      60        0      
    +--+-----------------------------+------+---------+---------+
       Grand Total:                  4006   288       3146   


LINKER GENERATED COPY TABLES

__TI_cinit_table @ 000010c0 records: 2, size/record: 8, table size: 16
	.data: load addr=00001090, load size=00000018 bytes, run addr=20000400, run size=00000020 bytes, compression=lzss
	.bss: load addr=000010b8, load size=00000008 bytes, run addr=20000420, run size=00000008 bytes, compression=zero_init


LINKER GENERATED HANDLER TABLE

__TI_handler_table @ 000010a8 records: 3, size/record: 4, table size: 12
	index: 0, handler: __TI_decompress_lzss
	index: 1, handler: __TI_decompress_none
	index: 2, handler: __TI_zero_init


GLOBAL SYMBOLS: SORTED ALPHABETICALLY BY Name 

address   name                          
-------   ----                          
0000107d  ADC14_IRQHandler              
0000107d  AES256_IRQHandler             
0000107d  BusFault_Handler              
00001083  C$$EXIT                       
0000107d  COMP_E0_IRQHandler            
0000107d  COMP_E1_IRQHandler            
0000107d  CS_IRQHandler                 
0000107d  DMA_ERR_IRQHandler            
0000107d  DMA_INT0_IRQHandler           
0000107d  DMA_INT1_IRQHandler           
0000107d  DMA_INT2_IRQHandler           
0000107d  DMA_INT3_IRQHandler           
0000107d  DebugMon_Handler              
0000107d  Default_Handler               
00000335  EUSCIA0_IRQHandler            
00000335  EUSCIA0_IRQHandler            
0000107d  EUSCIA1_IRQHandler            
0000107d  EUSCIA2_IRQHandler            
0000107d  EUSCIA3_IRQHandler            
0000107d  EUSCIB0_IRQHandler            
0000107d  EUSCIB1_IRQHandler            
0000107d  EUSCIB2_IRQHandler            
0000107d  EUSCIB3_IRQHandler            
0000107d  FLCTL_IRQHandler              
0000107d  FPU_IRQHandler                
0000107d  HardFault_Handler             
0000107d  MemManage_Handler             
0000107d  NMI_Handler                   
0000107d  PCM_IRQHandler                
0000107d  PORT1_IRQHandler              
0000107d  PORT2_IRQHandler              
0000107d  PORT3_IRQHandler              
0000107d  PORT4_IRQHandler              
00000283  PORT5_IRQHandler              
00000283  PORT5_IRQHandler              
0000107d  PORT6_IRQHandler              
0000107d  PSS_IRQHandler                
0000107d  PendSV_Handler                
00000c9f  RTC_C_IRQHandler              
00000c9f  RTC_C_IRQHandler              
20000420  RXBuf                         
00001071  Reset_Handler                 
0000107d  SVC_Handler                   
00000e3b  SysTick_Handler               
00000e3b  SysTick_Handler               
2000041c  SystemCoreClock               
000008b5  SystemCoreClockUpdate         
00000861  SystemInit                    
0000107d  T32_INT1_IRQHandler           
0000107d  T32_INT2_IRQHandler           
0000107d  T32_INTC_IRQHandler           
0000107d  TA0_0_IRQHandler              
0000107d  TA0_N_IRQHandler              
0000107d  TA1_0_IRQHandler              
0000107d  TA1_N_IRQHandler              
0000107d  TA2_0_IRQHandler              
0000107d  TA2_N_IRQHandler              
0000107d  TA3_0_IRQHandler              
0000107d  TA3_N_IRQHandler              
20000424  TXBuf                         
0000107d  UsageFault_Handler            
4000480c  WDTCTL_SYM                    
0000107d  WDT_A_IRQHandler              
20010000  __STACK_END                   
00000200  __STACK_SIZE                  
00000400  __SYSMEM_SIZE                 
000010c0  __TI_CINIT_Base               
000010d0  __TI_CINIT_Limit              
000010a8  __TI_Handler_Table_Base       
000010b4  __TI_Handler_Table_Limit      
00000ef9  __TI_auto_init_nobinit_nopinit
00000e91  __TI_decompress_lzss          
00001063  __TI_decompress_none          
ffffffff  __TI_pprof_out_hndl           
ffffffff  __TI_prof_data_size           
ffffffff  __TI_prof_data_start          
00000000  __TI_static_base__            
00001051  __TI_zero_init_nomemset       
00001089  __aeabi_idiv0                 
00001089  __aeabi_ldiv0                 
00000d0d  __aeabi_memcpy                
00000d0d  __aeabi_memcpy4               
00000d0d  __aeabi_memcpy8               
00000f3d  __aeabi_uidiv                 
00000f3d  __aeabi_uidivmod              
ffffffff  __binit__                     
ffffffff  __c_args__                    
UNDEFED   __mpu_init                    
2000fe00  __stack                       
00000fb9  _c_int00_noargs               
2000040c  _lock                         
00001087  _nop                          
20000000  _sys_memory                   
UNDEFED   _system_post_cinit            
0000107f  _system_pre_init              
20000410  _unlock                       
00001083  abort                         
00000ad3  addItemCircBuf                
000003dd  assignPin                     
ffffffff  binit                         
20000418  buttonCount                   
00000267  configure_SystemClock         
000001c7  configure_all_pins            
00000185  configure_buttons             
0000013d  configure_leds                
00000c61  configure_rtc                 
000005d1  configure_shift_pins          
000000e5  configure_uart                
00000b5f  createCircBuf                 
000003a1  decToSevSeg                   
00000b4b  deleteCircBuf                 
000005b1  disableOutput                 
00000e2f  disableSystick                
20000417  doButtons                     
00000591  enableOutput                  
00000e21  enableSystick                 
00000b89  free                          
20000414  hours                         
00000000  interruptVectors              
00000b3d  isEmpty                       
00000ac1  isFullCircBuf                 
00000aff  loadToBuf                     
0000061d  main                          
00000da9  malloc                        
00000d0d  memcpy                        
00000ff1  minit                         
20000415  minutes                       
00000401  pulseClock                    
00000a95  removeItem                    
00000a75  resetCircBuf                  
20000416  seconds                       
00000419  shiftOut                      
00000525  updateMinutes                 
000004e1  updateSeconds                 
0000043f  updateTime                    


GLOBAL SYMBOLS: SORTED BY Symbol Address 

address   name                          
-------   ----                          
00000000  __TI_static_base__            
00000000  interruptVectors              
000000e5  configure_uart                
0000013d  configure_leds                
00000185  configure_buttons             
000001c7  configure_all_pins            
00000200  __STACK_SIZE                  
00000267  configure_SystemClock         
00000283  PORT5_IRQHandler              
00000283  PORT5_IRQHandler              
00000335  EUSCIA0_IRQHandler            
00000335  EUSCIA0_IRQHandler            
000003a1  decToSevSeg                   
000003dd  assignPin                     
00000400  __SYSMEM_SIZE                 
00000401  pulseClock                    
00000419  shiftOut                      
0000043f  updateTime                    
000004e1  updateSeconds                 
00000525  updateMinutes                 
00000591  enableOutput                  
000005b1  disableOutput                 
000005d1  configure_shift_pins          
0000061d  main                          
00000861  SystemInit                    
000008b5  SystemCoreClockUpdate         
00000a75  resetCircBuf                  
00000a95  removeItem                    
00000ac1  isFullCircBuf                 
00000ad3  addItemCircBuf                
00000aff  loadToBuf                     
00000b3d  isEmpty                       
00000b4b  deleteCircBuf                 
00000b5f  createCircBuf                 
00000b89  free                          
00000c61  configure_rtc                 
00000c9f  RTC_C_IRQHandler              
00000c9f  RTC_C_IRQHandler              
00000d0d  __aeabi_memcpy                
00000d0d  __aeabi_memcpy4               
00000d0d  __aeabi_memcpy8               
00000d0d  memcpy                        
00000da9  malloc                        
00000e21  enableSystick                 
00000e2f  disableSystick                
00000e3b  SysTick_Handler               
00000e3b  SysTick_Handler               
00000e91  __TI_decompress_lzss          
00000ef9  __TI_auto_init_nobinit_nopinit
00000f3d  __aeabi_uidiv                 
00000f3d  __aeabi_uidivmod              
00000fb9  _c_int00_noargs               
00000ff1  minit                         
00001051  __TI_zero_init_nomemset       
00001063  __TI_decompress_none          
00001071  Reset_Handler                 
0000107d  ADC14_IRQHandler              
0000107d  AES256_IRQHandler             
0000107d  BusFault_Handler              
0000107d  COMP_E0_IRQHandler            
0000107d  COMP_E1_IRQHandler            
0000107d  CS_IRQHandler                 
0000107d  DMA_ERR_IRQHandler            
0000107d  DMA_INT0_IRQHandler           
0000107d  DMA_INT1_IRQHandler           
0000107d  DMA_INT2_IRQHandler           
0000107d  DMA_INT3_IRQHandler           
0000107d  DebugMon_Handler              
0000107d  Default_Handler               
0000107d  EUSCIA1_IRQHandler            
0000107d  EUSCIA2_IRQHandler            
0000107d  EUSCIA3_IRQHandler            
0000107d  EUSCIB0_IRQHandler            
0000107d  EUSCIB1_IRQHandler            
0000107d  EUSCIB2_IRQHandler            
0000107d  EUSCIB3_IRQHandler            
0000107d  FLCTL_IRQHandler              
0000107d  FPU_IRQHandler                
0000107d  HardFault_Handler             
0000107d  MemManage_Handler             
0000107d  NMI_Handler                   
0000107d  PCM_IRQHandler                
0000107d  PORT1_IRQHandler              
0000107d  PORT2_IRQHandler              
0000107d  PORT3_IRQHandler              
0000107d  PORT4_IRQHandler              
0000107d  PORT6_IRQHandler              
0000107d  PSS_IRQHandler                
0000107d  PendSV_Handler                
0000107d  SVC_Handler                   
0000107d  T32_INT1_IRQHandler           
0000107d  T32_INT2_IRQHandler           
0000107d  T32_INTC_IRQHandler           
0000107d  TA0_0_IRQHandler              
0000107d  TA0_N_IRQHandler              
0000107d  TA1_0_IRQHandler              
0000107d  TA1_N_IRQHandler              
0000107d  TA2_0_IRQHandler              
0000107d  TA2_N_IRQHandler              
0000107d  TA3_0_IRQHandler              
0000107d  TA3_N_IRQHandler              
0000107d  UsageFault_Handler            
0000107d  WDT_A_IRQHandler              
0000107f  _system_pre_init              
00001083  C$$EXIT                       
00001083  abort                         
00001087  _nop                          
00001089  __aeabi_idiv0                 
00001089  __aeabi_ldiv0                 
000010a8  __TI_Handler_Table_Base       
000010b4  __TI_Handler_Table_Limit      
000010c0  __TI_CINIT_Base               
000010d0  __TI_CINIT_Limit              
20000000  _sys_memory                   
2000040c  _lock                         
20000410  _unlock                       
20000414  hours                         
20000415  minutes                       
20000416  seconds                       
20000417  doButtons                     
20000418  buttonCount                   
2000041c  SystemCoreClock               
20000420  RXBuf                         
20000424  TXBuf                         
2000fe00  __stack                       
20010000  __STACK_END                   
4000480c  WDTCTL_SYM                    
ffffffff  __TI_pprof_out_hndl           
ffffffff  __TI_prof_data_size           
ffffffff  __TI_prof_data_start          
ffffffff  __binit__                     
ffffffff  __c_args__                    
ffffffff  binit                         
UNDEFED   __mpu_init                    
UNDEFED   _system_post_cinit            

[135 symbols]
