******************************************************************************
                  TI ARM Linker Unix v18.1.2                   
******************************************************************************
>> Linked Sun Jan 27 14:54:19 2019

OUTPUT FILE NAME:   <VFD-Clock.out>
ENTRY POINT SYMBOL: "_c_int00_noargs"  address: 00000f6d


MEMORY CONFIGURATION

         name            origin    length      used     unused   attr    fill
----------------------  --------  ---------  --------  --------  ----  --------
  MAIN                  00000000   00040000  0000107e  0003ef82  R  X
  INFO                  00200000   00004000  00000000  00004000  R  X
  SRAM_CODE             01000000   00010000  00000628  0000f9d8  RW X
  SRAM_DATA             20000000   00010000  00000628  0000f9d8  RW  


SEGMENT ALLOCATION MAP

run origin  load origin   length   init length attrs members
----------  ----------- ---------- ----------- ----- -------
00000000    00000000    00001080   00001080    r-x
  00000000    00000000    000000e4   000000e4    r-- .intvecs
  000000e4    000000e4    00000f5a   00000f5a    r-x .text
  00001040    00001040    00000040   00000040    r-- .cinit
20000000    20000000    00000428   00000000    rw-
  20000000    20000000    00000400   00000000    rw- .sysmem
  20000400    20000400    00000020   00000000    rw- .data
  20000420    20000420    00000008   00000000    rw- .bss
2000fe00    2000fe00    00000200   00000000    rw-
  2000fe00    2000fe00    00000200   00000000    rw- .stack


SECTION ALLOCATION MAP

 output                                  attributes/
section   page    origin      length       input sections
--------  ----  ----------  ----------   ----------------
.intvecs   0    00000000    000000e4     
                  00000000    000000e4     startup_msp432p401r_ccs.obj (.intvecs:retain)

.text      0    000000e4    00000f5a     
                  000000e4    000002c0     peripherals.obj (.text)
                  000003a4    00000264     tubes.obj (.text)
                  00000608    00000254     main.obj (.text)
                  0000085c    000001e0     system_msp432p401r.obj (.text)
                  00000a3c    00000114     circbuf.obj (.text)
                  00000b50    000000d8     rtsv7M4_T_le_v4SPD16_eabi.lib : memory.c.obj (.text:free)
                  00000c28    000000a4     rtc.obj (.text)
                  00000ccc    0000009c     rtsv7M4_T_le_v4SPD16_eabi.lib : memcpy_t2.asm.obj (.text)
                  00000d68    00000078                                   : memory.c.obj (.text:malloc)
                  00000de0    00000068                                   : copy_decompress_lzss.c.obj (.text:decompress:lzss:__TI_decompress_lzss)
                  00000e48    00000064     timer.obj (.text)
                  00000eac    00000044     rtsv7M4_T_le_v4SPD16_eabi.lib : autoinit.c.obj (.text:__TI_auto_init_nobinit_nopinit:__TI_auto_init_nobinit_nopinit)
                  00000ef0    00000040                                   : u_divt2.asm.obj (.text)
                  00000f30    0000003c                                   : memory.c.obj (.text:minsert)
                  00000f6c    00000038                                   : boot_cortex_m.c.obj (.text:_c_int00_noargs:_c_int00_noargs)
                  00000fa4    00000038                                   : memory.c.obj (.text:minit)
                  00000fdc    00000028                                   : memory.c.obj (.text:mremove)
                  00001004    00000012                                   : copy_zero_init.c.obj (.text:decompress:ZI:__TI_zero_init_nomemset:__TI_zero_init_nomemset)
                  00001016    0000000e                                   : copy_decompress_none.c.obj (.text:decompress:none:__TI_decompress_none)
                  00001024    0000000e     startup_msp432p401r_ccs.obj (.text)
                  00001032    00000004     rtsv7M4_T_le_v4SPD16_eabi.lib : pre_init.c.obj (.text:_system_pre_init)
                  00001036    00000004                                   : exit.c.obj (.text:abort:abort)
                  0000103a    00000002                                   : _lock.c.obj (.text:_nop)
                  0000103c    00000002                                   : div0.asm.obj (.text)

.cinit     0    00001040    00000040     
                  00001040    00000018     (.cinit..data.load) [load image, compression = lzss]
                  00001058    0000000c     (__TI_handler_table)
                  00001064    00000004     --HOLE-- [fill = 0]
                  00001068    00000008     (.cinit..bss.load) [load image, compression = zero_init]
                  00001070    00000010     (__TI_cinit_table)

.init_array 
*          0    00000000    00000000     UNINITIALIZED

.binit     0    00000000    00000000     

.sysmem    0    20000000    00000400     UNINITIALIZED
                  20000000    00000008     rtsv7M4_T_le_v4SPD16_eabi.lib : memory.c.obj (.sysmem)
                  20000008    000003f8     --HOLE--

.data      0    20000400    00000020     UNINITIALIZED
                  20000400    0000000c     rtsv7M4_T_le_v4SPD16_eabi.lib : memory.c.obj (.data:$O1$$)
                  2000040c    00000008                                   : _lock.c.obj (.data:$O1$$)
                  20000414    00000005     main.obj (.data)
                  20000419    00000003     --HOLE--
                  2000041c    00000004     system_msp432p401r.obj (.data)

.bss       0    20000420    00000008     UNINITIALIZED
                  20000420    00000004     (.common:RXBuf)
                  20000424    00000004     (.common:TXBuf)

.stack     0    2000fe00    00000200     UNINITIALIZED
                  2000fe00    00000004     rtsv7M4_T_le_v4SPD16_eabi.lib : boot_cortex_m.c.obj (.stack)
                  2000fe04    000001fc     --HOLE--

MODULE SUMMARY

       Module                        code   ro data   rw data
       ------                        ----   -------   -------
    ./
       peripherals.obj               704    0         0      
       main.obj                      596    0         26     
       tubes.obj                     612    0         0      
       system_msp432p401r.obj        480    0         8      
       circbuf.obj                   276    0         0      
       startup_msp432p401r_ccs.obj   14     228       0      
       rtc.obj                       164    0         0      
       timer.obj                     100    0         0      
    +--+-----------------------------+------+---------+---------+
       Total:                        2946   228       34     
                                                             
    /home/jack/ti/ccsv8/tools/compiler/ti-cgt-arm_18.1.2.LTS/lib/rtsv7M4_T_le_v4SPD16_eabi.lib
       memory.c.obj                  492    0         24     
       memcpy_t2.asm.obj             156    0         0      
       copy_decompress_lzss.c.obj    104    0         0      
       autoinit.c.obj                68     0         0      
       u_divt2.asm.obj               64     0         0      
       boot_cortex_m.c.obj           56     0         0      
       _lock.c.obj                   2      0         16     
       copy_zero_init.c.obj          18     0         0      
       copy_decompress_none.c.obj    14     0         0      
       exit.c.obj                    4      0         0      
       pre_init.c.obj                4      0         0      
       div0.asm.obj                  2      0         0      
    +--+-----------------------------+------+---------+---------+
       Total:                        984    0         40     
                                                             
       Heap:                         0      0         2048   
       Stack:                        0      0         1024   
       Linker Generated:             0      60        0      
    +--+-----------------------------+------+---------+---------+
       Grand Total:                  3930   288       3146   


LINKER GENERATED COPY TABLES

__TI_cinit_table @ 00001070 records: 2, size/record: 8, table size: 16
	.data: load addr=00001040, load size=00000018 bytes, run addr=20000400, run size=00000020 bytes, compression=lzss
	.bss: load addr=00001068, load size=00000008 bytes, run addr=20000420, run size=00000008 bytes, compression=zero_init


LINKER GENERATED HANDLER TABLE

__TI_handler_table @ 00001058 records: 3, size/record: 4, table size: 12
	index: 0, handler: __TI_decompress_lzss
	index: 1, handler: __TI_decompress_none
	index: 2, handler: __TI_zero_init


GLOBAL SYMBOLS: SORTED ALPHABETICALLY BY Name 

address   name                          
-------   ----                          
00001031  ADC14_IRQHandler              
00001031  AES256_IRQHandler             
00001031  BusFault_Handler              
00001037  C$$EXIT                       
00001031  COMP_E0_IRQHandler            
00001031  COMP_E1_IRQHandler            
00001031  CS_IRQHandler                 
00001031  DMA_ERR_IRQHandler            
00001031  DMA_INT0_IRQHandler           
00001031  DMA_INT1_IRQHandler           
00001031  DMA_INT2_IRQHandler           
00001031  DMA_INT3_IRQHandler           
00001031  DebugMon_Handler              
00001031  Default_Handler               
00000337  EUSCIA0_IRQHandler            
00000337  EUSCIA0_IRQHandler            
00001031  EUSCIA1_IRQHandler            
00001031  EUSCIA2_IRQHandler            
00001031  EUSCIA3_IRQHandler            
00001031  EUSCIB0_IRQHandler            
00001031  EUSCIB1_IRQHandler            
00001031  EUSCIB2_IRQHandler            
00001031  EUSCIB3_IRQHandler            
00001031  FLCTL_IRQHandler              
00001031  FPU_IRQHandler                
00001031  HardFault_Handler             
00001031  MemManage_Handler             
00001031  NMI_Handler                   
00001031  PCM_IRQHandler                
00001031  PORT1_IRQHandler              
00001031  PORT2_IRQHandler              
00001031  PORT3_IRQHandler              
00001031  PORT4_IRQHandler              
00000275  PORT5_IRQHandler              
00000275  PORT5_IRQHandler              
00001031  PORT6_IRQHandler              
00001031  PSS_IRQHandler                
00001031  PendSV_Handler                
00000c67  RTC_C_IRQHandler              
00000c67  RTC_C_IRQHandler              
20000420  RXBuf                         
00001025  Reset_Handler                 
00001031  SVC_Handler                   
00000e63  SysTick_Handler               
00000e63  SysTick_Handler               
2000041c  SystemCoreClock               
000008b1  SystemCoreClockUpdate         
0000085d  SystemInit                    
00001031  T32_INT1_IRQHandler           
00001031  T32_INT2_IRQHandler           
00001031  T32_INTC_IRQHandler           
00001031  TA0_0_IRQHandler              
00001031  TA0_N_IRQHandler              
00001031  TA1_0_IRQHandler              
00001031  TA1_N_IRQHandler              
00001031  TA2_0_IRQHandler              
00001031  TA2_N_IRQHandler              
00001031  TA3_0_IRQHandler              
00001031  TA3_N_IRQHandler              
20000424  TXBuf                         
00001031  UsageFault_Handler            
4000480c  WDTCTL_SYM                    
00001031  WDT_A_IRQHandler              
20010000  __STACK_END                   
00000200  __STACK_SIZE                  
00000400  __SYSMEM_SIZE                 
00001070  __TI_CINIT_Base               
00001080  __TI_CINIT_Limit              
00001058  __TI_Handler_Table_Base       
00001064  __TI_Handler_Table_Limit      
00000ead  __TI_auto_init_nobinit_nopinit
00000de1  __TI_decompress_lzss          
00001017  __TI_decompress_none          
ffffffff  __TI_pprof_out_hndl           
ffffffff  __TI_prof_data_size           
ffffffff  __TI_prof_data_start          
00000000  __TI_static_base__            
00001005  __TI_zero_init_nomemset       
0000103d  __aeabi_idiv0                 
0000103d  __aeabi_ldiv0                 
00000ccd  __aeabi_memcpy                
00000ccd  __aeabi_memcpy4               
00000ccd  __aeabi_memcpy8               
00000ef1  __aeabi_uidiv                 
00000ef1  __aeabi_uidivmod              
ffffffff  __binit__                     
ffffffff  __c_args__                    
UNDEFED   __mpu_init                    
2000fe00  __stack                       
00000f6d  _c_int00_noargs               
2000040c  _lock                         
0000103b  _nop                          
20000000  _sys_memory                   
UNDEFED   _system_post_cinit            
00001033  _system_pre_init              
20000410  _unlock                       
00001037  abort                         
00000a9b  addItemCircBuf                
000003e1  assignPin                     
ffffffff  binit                         
20000418  buttonCount                   
00000259  configure_SystemClock         
000001bb  configure_all_pins            
0000017d  configure_buttons             
00000139  configure_leds                
00000c29  configure_rtc                 
000005cb  configure_shift_pins          
000000e5  configure_uart                
00000b27  createCircBuf                 
000003a5  decToSevSeg                   
00000b13  deleteCircBuf                 
000005ad  disableOutput                 
00000e57  disableSystick                
20000417  doButtons                     
0000058b  enableOutput                  
00000e49  enableSystick                 
00000b51  free                          
20000414  hours                         
00000000  interruptVectors              
00000b05  isEmpty                       
00000a89  isFullCircBuf                 
00000ac7  loadToBuf                     
00000609  main                          
00000d69  malloc                        
00000ccd  memcpy                        
00000fa5  minit                         
20000415  minutes                       
0000040b  pulseClock                    
00000a5d  removeItem                    
00000a3d  resetCircBuf                  
20000416  seconds                       
0000041f  shiftOut                      
00000521  updateMinutes                 
000004e1  updateSeconds                 
00000443  updateTime                    


GLOBAL SYMBOLS: SORTED BY Symbol Address 

address   name                          
-------   ----                          
00000000  __TI_static_base__            
00000000  interruptVectors              
000000e5  configure_uart                
00000139  configure_leds                
0000017d  configure_buttons             
000001bb  configure_all_pins            
00000200  __STACK_SIZE                  
00000259  configure_SystemClock         
00000275  PORT5_IRQHandler              
00000275  PORT5_IRQHandler              
00000337  EUSCIA0_IRQHandler            
00000337  EUSCIA0_IRQHandler            
000003a5  decToSevSeg                   
000003e1  assignPin                     
00000400  __SYSMEM_SIZE                 
0000040b  pulseClock                    
0000041f  shiftOut                      
00000443  updateTime                    
000004e1  updateSeconds                 
00000521  updateMinutes                 
0000058b  enableOutput                  
000005ad  disableOutput                 
000005cb  configure_shift_pins          
00000609  main                          
0000085d  SystemInit                    
000008b1  SystemCoreClockUpdate         
00000a3d  resetCircBuf                  
00000a5d  removeItem                    
00000a89  isFullCircBuf                 
00000a9b  addItemCircBuf                
00000ac7  loadToBuf                     
00000b05  isEmpty                       
00000b13  deleteCircBuf                 
00000b27  createCircBuf                 
00000b51  free                          
00000c29  configure_rtc                 
00000c67  RTC_C_IRQHandler              
00000c67  RTC_C_IRQHandler              
00000ccd  __aeabi_memcpy                
00000ccd  __aeabi_memcpy4               
00000ccd  __aeabi_memcpy8               
00000ccd  memcpy                        
00000d69  malloc                        
00000de1  __TI_decompress_lzss          
00000e49  enableSystick                 
00000e57  disableSystick                
00000e63  SysTick_Handler               
00000e63  SysTick_Handler               
00000ead  __TI_auto_init_nobinit_nopinit
00000ef1  __aeabi_uidiv                 
00000ef1  __aeabi_uidivmod              
00000f6d  _c_int00_noargs               
00000fa5  minit                         
00001005  __TI_zero_init_nomemset       
00001017  __TI_decompress_none          
00001025  Reset_Handler                 
00001031  ADC14_IRQHandler              
00001031  AES256_IRQHandler             
00001031  BusFault_Handler              
00001031  COMP_E0_IRQHandler            
00001031  COMP_E1_IRQHandler            
00001031  CS_IRQHandler                 
00001031  DMA_ERR_IRQHandler            
00001031  DMA_INT0_IRQHandler           
00001031  DMA_INT1_IRQHandler           
00001031  DMA_INT2_IRQHandler           
00001031  DMA_INT3_IRQHandler           
00001031  DebugMon_Handler              
00001031  Default_Handler               
00001031  EUSCIA1_IRQHandler            
00001031  EUSCIA2_IRQHandler            
00001031  EUSCIA3_IRQHandler            
00001031  EUSCIB0_IRQHandler            
00001031  EUSCIB1_IRQHandler            
00001031  EUSCIB2_IRQHandler            
00001031  EUSCIB3_IRQHandler            
00001031  FLCTL_IRQHandler              
00001031  FPU_IRQHandler                
00001031  HardFault_Handler             
00001031  MemManage_Handler             
00001031  NMI_Handler                   
00001031  PCM_IRQHandler                
00001031  PORT1_IRQHandler              
00001031  PORT2_IRQHandler              
00001031  PORT3_IRQHandler              
00001031  PORT4_IRQHandler              
00001031  PORT6_IRQHandler              
00001031  PSS_IRQHandler                
00001031  PendSV_Handler                
00001031  SVC_Handler                   
00001031  T32_INT1_IRQHandler           
00001031  T32_INT2_IRQHandler           
00001031  T32_INTC_IRQHandler           
00001031  TA0_0_IRQHandler              
00001031  TA0_N_IRQHandler              
00001031  TA1_0_IRQHandler              
00001031  TA1_N_IRQHandler              
00001031  TA2_0_IRQHandler              
00001031  TA2_N_IRQHandler              
00001031  TA3_0_IRQHandler              
00001031  TA3_N_IRQHandler              
00001031  UsageFault_Handler            
00001031  WDT_A_IRQHandler              
00001033  _system_pre_init              
00001037  C$$EXIT                       
00001037  abort                         
0000103b  _nop                          
0000103d  __aeabi_idiv0                 
0000103d  __aeabi_ldiv0                 
00001058  __TI_Handler_Table_Base       
00001064  __TI_Handler_Table_Limit      
00001070  __TI_CINIT_Base               
00001080  __TI_CINIT_Limit              
20000000  _sys_memory                   
2000040c  _lock                         
20000410  _unlock                       
20000414  hours                         
20000415  minutes                       
20000416  seconds                       
20000417  doButtons                     
20000418  buttonCount                   
2000041c  SystemCoreClock               
20000420  RXBuf                         
20000424  TXBuf                         
2000fe00  __stack                       
20010000  __STACK_END                   
4000480c  WDTCTL_SYM                    
ffffffff  __TI_pprof_out_hndl           
ffffffff  __TI_prof_data_size           
ffffffff  __TI_prof_data_start          
ffffffff  __binit__                     
ffffffff  __c_args__                    
ffffffff  binit                         
UNDEFED   __mpu_init                    
UNDEFED   _system_post_cinit            

[135 symbols]
