******************************************************************************
                  TI ARM Linker Unix v18.1.2                   
******************************************************************************
>> Linked Sun Jan 27 14:49:01 2019

OUTPUT FILE NAME:   <VFD-Clock.out>
ENTRY POINT SYMBOL: "_c_int00_noargs"  address: 00001a7d


MEMORY CONFIGURATION

         name            origin    length      used     unused   attr    fill
----------------------  --------  ---------  --------  --------  ----  --------
  MAIN                  00000000   00040000  00001b84  0003e47c  R  X
  INFO                  00200000   00004000  00000000  00004000  R  X
  SRAM_CODE             01000000   00010000  00000628  0000f9d8  RW X
  SRAM_DATA             20000000   00010000  00000628  0000f9d8  RW  


SEGMENT ALLOCATION MAP

run origin  load origin   length   init length attrs members
----------  ----------- ---------- ----------- ----- -------
00000000    00000000    00001b88   00001b88    r-x
  00000000    00000000    000000e4   000000e4    r-- .intvecs
  000000e8    000000e8    00001a60   00001a60    r-x .text
  00001b48    00001b48    00000040   00000040    r-- .cinit
20000000    20000000    00000428   00000000    rw-
  20000000    20000000    00000400   00000000    rw- .sysmem
  20000400    20000400    00000020   00000000    rw- .data
  20000420    20000420    00000008   00000000    rw- .bss
2000fe00    2000fe00    00000200   00000000    rw-
  2000fe00    2000fe00    00000200   00000000    rw- .stack


SECTION ALLOCATION MAP

 output                                  attributes/
section   page    origin      length       input sections
--------  ----  ----------  ----------   ----------------
.intvecs   0    00000000    000000e4     
                  00000000    000000e4     startup_msp432p401r_ccs.obj (.intvecs:retain)

.text      0    000000e8    00001a60     
                  000000e8    00000512     peripherals.obj (.text)
                  000005fa    00000004     rtsv7M4_T_le_v4SPD16_eabi.lib : pre_init.c.obj (.text:_system_pre_init)
                  000005fe    00000002                                   : _lock.c.obj (.text:_nop)
                  00000600    00000480     system_msp432p401r.obj (.text)
                  00000a80    0000047a     tubes.obj (.text)
                  00000efa    00000004     rtsv7M4_T_le_v4SPD16_eabi.lib : exit.c.obj (.text:abort:abort)
                  00000efe    00000002                                   : div0.asm.obj (.text)
                  00000f00    000003c6     main.obj (.text)
                  000012c6    00000002     --HOLE-- [fill = 0]
                  000012c8    00000220     circbuf.obj (.text)
                  000014e8    000001a4     rtc.obj (.text)
                  0000168c    000000d8     rtsv7M4_T_le_v4SPD16_eabi.lib : memory.c.obj (.text:free)
                  00001764    00000004     --HOLE-- [fill = 0]
                  00001768    000000d6     timer.obj (.text)
                  0000183e    0000009c     rtsv7M4_T_le_v4SPD16_eabi.lib : memcpy_t2.asm.obj (.text)
                  000018da    00000002     --HOLE-- [fill = 0]
                  000018dc    00000078                                   : memory.c.obj (.text:malloc)
                  00001954    00000068                                   : copy_decompress_lzss.c.obj (.text:decompress:lzss:__TI_decompress_lzss)
                  000019bc    00000044                                   : autoinit.c.obj (.text:__TI_auto_init_nobinit_nopinit:__TI_auto_init_nobinit_nopinit)
                  00001a00    00000040                                   : u_divt2.asm.obj (.text)
                  00001a40    0000003c                                   : memory.c.obj (.text:minsert)
                  00001a7c    00000038                                   : boot_cortex_m.c.obj (.text:_c_int00_noargs:_c_int00_noargs)
                  00001ab4    00000038                                   : memory.c.obj (.text:minit)
                  00001aec    00000028                                   : memory.c.obj (.text:mremove)
                  00001b14    00000012                                   : copy_zero_init.c.obj (.text:decompress:ZI:__TI_zero_init_nomemset:__TI_zero_init_nomemset)
                  00001b26    00000002     --HOLE-- [fill = 0]
                  00001b28    00000012     startup_msp432p401r_ccs.obj (.text)
                  00001b3a    0000000e     rtsv7M4_T_le_v4SPD16_eabi.lib : copy_decompress_none.c.obj (.text:decompress:none:__TI_decompress_none)

.cinit     0    00001b48    00000040     
                  00001b48    00000018     (.cinit..data.load) [load image, compression = lzss]
                  00001b60    0000000c     (__TI_handler_table)
                  00001b6c    00000004     --HOLE-- [fill = 0]
                  00001b70    00000008     (.cinit..bss.load) [load image, compression = zero_init]
                  00001b78    00000010     (__TI_cinit_table)

.init_array 
*          0    00000000    00000000     UNINITIALIZED

.binit     0    00000000    00000000     

.sysmem    0    20000000    00000400     UNINITIALIZED
                  20000000    00000008     rtsv7M4_T_le_v4SPD16_eabi.lib : memory.c.obj (.sysmem)
                  20000008    000003f8     --HOLE--

.data      0    20000400    00000020     UNINITIALIZED
                  20000400    0000000c     rtsv7M4_T_le_v4SPD16_eabi.lib : memory.c.obj (.data:$O1$$)
                  2000040c    00000008                                   : _lock.c.obj (.data:$O1$$)
                  20000414    00000005     main.obj (.data)
                  20000419    00000003     --HOLE--
                  2000041c    00000004     system_msp432p401r.obj (.data)

.bss       0    20000420    00000008     UNINITIALIZED
                  20000420    00000004     (.common:RXBuf)
                  20000424    00000004     (.common:TXBuf)

.stack     0    2000fe00    00000200     UNINITIALIZED
                  2000fe00    00000004     rtsv7M4_T_le_v4SPD16_eabi.lib : boot_cortex_m.c.obj (.stack)
                  2000fe04    000001fc     --HOLE--

MODULE SUMMARY

       Module                        code   ro data   rw data
       ------                        ----   -------   -------
    ./
       peripherals.obj               1298   0         0      
       system_msp432p401r.obj        1152   0         8      
       tubes.obj                     1146   0         0      
       main.obj                      966    0         26     
       circbuf.obj                   544    0         0      
       rtc.obj                       420    0         0      
       startup_msp432p401r_ccs.obj   18     228       0      
       timer.obj                     214    0         0      
    +--+-----------------------------+------+---------+---------+
       Total:                        5758   228       34     
                                                             
    /home/jack/ti/ccsv8/tools/compiler/ti-cgt-arm_18.1.2.LTS/lib/rtsv7M4_T_le_v4SPD16_eabi.lib
       memory.c.obj                  492    0         24     
       memcpy_t2.asm.obj             156    0         0      
       copy_decompress_lzss.c.obj    104    0         0      
       autoinit.c.obj                68     0         0      
       u_divt2.asm.obj               64     0         0      
       boot_cortex_m.c.obj           56     0         0      
       _lock.c.obj                   2      0         16     
       copy_zero_init.c.obj          18     0         0      
       copy_decompress_none.c.obj    14     0         0      
       exit.c.obj                    4      0         0      
       pre_init.c.obj                4      0         0      
       div0.asm.obj                  2      0         0      
    +--+-----------------------------+------+---------+---------+
       Total:                        984    0         40     
                                                             
       Heap:                         0      0         2048   
       Stack:                        0      0         1024   
       Linker Generated:             0      60        0      
    +--+-----------------------------+------+---------+---------+
       Grand Total:                  6742   288       3146   


LINKER GENERATED COPY TABLES

__TI_cinit_table @ 00001b78 records: 2, size/record: 8, table size: 16
	.data: load addr=00001b48, load size=00000018 bytes, run addr=20000400, run size=00000020 bytes, compression=lzss
	.bss: load addr=00001b70, load size=00000008 bytes, run addr=20000420, run size=00000008 bytes, compression=zero_init


LINKER GENERATED HANDLER TABLE

__TI_handler_table @ 00001b60 records: 3, size/record: 4, table size: 12
	index: 0, handler: __TI_decompress_lzss
	index: 1, handler: __TI_decompress_none
	index: 2, handler: __TI_zero_init


GLOBAL SYMBOLS: SORTED ALPHABETICALLY BY Name 

address   name                          
-------   ----                          
00001b39  ADC14_IRQHandler              
00001b39  AES256_IRQHandler             
00001b39  BusFault_Handler              
00000efb  C$$EXIT                       
00001b39  COMP_E0_IRQHandler            
00001b39  COMP_E1_IRQHandler            
00001b39  CS_IRQHandler                 
00001b39  DMA_ERR_IRQHandler            
00001b39  DMA_INT0_IRQHandler           
00001b39  DMA_INT1_IRQHandler           
00001b39  DMA_INT2_IRQHandler           
00001b39  DMA_INT3_IRQHandler           
00001b39  DebugMon_Handler              
00001b39  Default_Handler               
00000581  EUSCIA0_IRQHandler            
00000581  EUSCIA0_IRQHandler            
00001b39  EUSCIA1_IRQHandler            
00001b39  EUSCIA2_IRQHandler            
00001b39  EUSCIA3_IRQHandler            
00001b39  EUSCIB0_IRQHandler            
00001b39  EUSCIB1_IRQHandler            
00001b39  EUSCIB2_IRQHandler            
00001b39  EUSCIB3_IRQHandler            
00001b39  FLCTL_IRQHandler              
00001b39  FPU_IRQHandler                
00001b39  HardFault_Handler             
00001b39  MemManage_Handler             
00001b39  NMI_Handler                   
00001b39  PCM_IRQHandler                
00001b39  PORT1_IRQHandler              
00001b39  PORT2_IRQHandler              
00001b39  PORT3_IRQHandler              
00001b39  PORT4_IRQHandler              
00000441  PORT5_IRQHandler              
00000441  PORT5_IRQHandler              
00001b39  PORT6_IRQHandler              
00001b39  PSS_IRQHandler                
00001b39  PendSV_Handler                
00001599  RTC_C_IRQHandler              
00001599  RTC_C_IRQHandler              
20000420  RXBuf                         
00001b29  Reset_Handler                 
00001b39  SVC_Handler                   
000017b1  SysTick_Handler               
000017b1  SysTick_Handler               
2000041c  SystemCoreClock               
00000601  SystemCoreClockUpdate         
000009e1  SystemInit                    
00001b39  T32_INT1_IRQHandler           
00001b39  T32_INT2_IRQHandler           
00001b39  T32_INTC_IRQHandler           
00001b39  TA0_0_IRQHandler              
00001b39  TA0_N_IRQHandler              
00001b39  TA1_0_IRQHandler              
00001b39  TA1_N_IRQHandler              
00001b39  TA2_0_IRQHandler              
00001b39  TA2_N_IRQHandler              
00001b39  TA3_0_IRQHandler              
00001b39  TA3_N_IRQHandler              
20000424  TXBuf                         
00001b39  UsageFault_Handler            
4000480c  WDTCTL_SYM                    
00001b39  WDT_A_IRQHandler              
20010000  __STACK_END                   
00000200  __STACK_SIZE                  
00000400  __SYSMEM_SIZE                 
00001b78  __TI_CINIT_Base               
00001b88  __TI_CINIT_Limit              
00001b60  __TI_Handler_Table_Base       
00001b6c  __TI_Handler_Table_Limit      
000019bd  __TI_auto_init_nobinit_nopinit
00001955  __TI_decompress_lzss          
00001b3b  __TI_decompress_none          
ffffffff  __TI_pprof_out_hndl           
ffffffff  __TI_prof_data_size           
ffffffff  __TI_prof_data_start          
00000000  __TI_static_base__            
00001b15  __TI_zero_init_nomemset       
00000eff  __aeabi_idiv0                 
00000eff  __aeabi_ldiv0                 
0000183f  __aeabi_memcpy                
0000183f  __aeabi_memcpy4               
0000183f  __aeabi_memcpy8               
00001a01  __aeabi_uidiv                 
00001a01  __aeabi_uidivmod              
ffffffff  __binit__                     
ffffffff  __c_args__                    
UNDEFED   __mpu_init                    
2000fe00  __stack                       
00001a7d  _c_int00_noargs               
2000040c  _lock                         
000005ff  _nop                          
20000000  _sys_memory                   
UNDEFED   _system_post_cinit            
000005fb  _system_pre_init              
20000410  _unlock                       
00000efb  abort                         
000013b1  addItemCircBuf                
00000c39  assignPin                     
ffffffff  binit                         
20000418  buttonCount                   
00000121  configure_SystemClock         
000002f9  configure_all_pins            
00000201  configure_buttons             
00000271  configure_leds                
00001521  configure_rtc                 
00000b39  configure_shift_pins          
00000169  configure_uart                
000012c9  createCircBuf                 
00000bc1  decToSevSeg                   
00001319  deleteCircBuf                 
00000a81  disableOutput                 
00001799  disableSystick                
20000417  doButtons                     
00000ac9  enableOutput                  
00001769  enableSystick                 
0000168d  free                          
20000414  hours                         
00000000  interruptVectors              
00001401  isEmpty                       
00001389  isFullCircBuf                 
00001421  loadToBuf                     
00000f79  main                          
000018dd  malloc                        
0000183f  memcpy                        
00001ab5  minit                         
20000415  minutes                       
00000b11  pulseClock                    
00001491  removeItem                    
00001331  resetCircBuf                  
20000416  seconds                       
00000eb1  shiftOut                      
00000cf1  updateMinutes                 
00000c89  updateSeconds                 
00000da9  updateTime                    


GLOBAL SYMBOLS: SORTED BY Symbol Address 

address   name                          
-------   ----                          
00000000  __TI_static_base__            
00000000  interruptVectors              
00000121  configure_SystemClock         
00000169  configure_uart                
00000200  __STACK_SIZE                  
00000201  configure_buttons             
00000271  configure_leds                
000002f9  configure_all_pins            
00000400  __SYSMEM_SIZE                 
00000441  PORT5_IRQHandler              
00000441  PORT5_IRQHandler              
00000581  EUSCIA0_IRQHandler            
00000581  EUSCIA0_IRQHandler            
000005fb  _system_pre_init              
000005ff  _nop                          
00000601  SystemCoreClockUpdate         
000009e1  SystemInit                    
00000a81  disableOutput                 
00000ac9  enableOutput                  
00000b11  pulseClock                    
00000b39  configure_shift_pins          
00000bc1  decToSevSeg                   
00000c39  assignPin                     
00000c89  updateSeconds                 
00000cf1  updateMinutes                 
00000da9  updateTime                    
00000eb1  shiftOut                      
00000efb  C$$EXIT                       
00000efb  abort                         
00000eff  __aeabi_idiv0                 
00000eff  __aeabi_ldiv0                 
00000f79  main                          
000012c9  createCircBuf                 
00001319  deleteCircBuf                 
00001331  resetCircBuf                  
00001389  isFullCircBuf                 
000013b1  addItemCircBuf                
00001401  isEmpty                       
00001421  loadToBuf                     
00001491  removeItem                    
00001521  configure_rtc                 
00001599  RTC_C_IRQHandler              
00001599  RTC_C_IRQHandler              
0000168d  free                          
00001769  enableSystick                 
00001799  disableSystick                
000017b1  SysTick_Handler               
000017b1  SysTick_Handler               
0000183f  __aeabi_memcpy                
0000183f  __aeabi_memcpy4               
0000183f  __aeabi_memcpy8               
0000183f  memcpy                        
000018dd  malloc                        
00001955  __TI_decompress_lzss          
000019bd  __TI_auto_init_nobinit_nopinit
00001a01  __aeabi_uidiv                 
00001a01  __aeabi_uidivmod              
00001a7d  _c_int00_noargs               
00001ab5  minit                         
00001b15  __TI_zero_init_nomemset       
00001b29  Reset_Handler                 
00001b39  ADC14_IRQHandler              
00001b39  AES256_IRQHandler             
00001b39  BusFault_Handler              
00001b39  COMP_E0_IRQHandler            
00001b39  COMP_E1_IRQHandler            
00001b39  CS_IRQHandler                 
00001b39  DMA_ERR_IRQHandler            
00001b39  DMA_INT0_IRQHandler           
00001b39  DMA_INT1_IRQHandler           
00001b39  DMA_INT2_IRQHandler           
00001b39  DMA_INT3_IRQHandler           
00001b39  DebugMon_Handler              
00001b39  Default_Handler               
00001b39  EUSCIA1_IRQHandler            
00001b39  EUSCIA2_IRQHandler            
00001b39  EUSCIA3_IRQHandler            
00001b39  EUSCIB0_IRQHandler            
00001b39  EUSCIB1_IRQHandler            
00001b39  EUSCIB2_IRQHandler            
00001b39  EUSCIB3_IRQHandler            
00001b39  FLCTL_IRQHandler              
00001b39  FPU_IRQHandler                
00001b39  HardFault_Handler             
00001b39  MemManage_Handler             
00001b39  NMI_Handler                   
00001b39  PCM_IRQHandler                
00001b39  PORT1_IRQHandler              
00001b39  PORT2_IRQHandler              
00001b39  PORT3_IRQHandler              
00001b39  PORT4_IRQHandler              
00001b39  PORT6_IRQHandler              
00001b39  PSS_IRQHandler                
00001b39  PendSV_Handler                
00001b39  SVC_Handler                   
00001b39  T32_INT1_IRQHandler           
00001b39  T32_INT2_IRQHandler           
00001b39  T32_INTC_IRQHandler           
00001b39  TA0_0_IRQHandler              
00001b39  TA0_N_IRQHandler              
00001b39  TA1_0_IRQHandler              
00001b39  TA1_N_IRQHandler              
00001b39  TA2_0_IRQHandler              
00001b39  TA2_N_IRQHandler              
00001b39  TA3_0_IRQHandler              
00001b39  TA3_N_IRQHandler              
00001b39  UsageFault_Handler            
00001b39  WDT_A_IRQHandler              
00001b3b  __TI_decompress_none          
00001b60  __TI_Handler_Table_Base       
00001b6c  __TI_Handler_Table_Limit      
00001b78  __TI_CINIT_Base               
00001b88  __TI_CINIT_Limit              
20000000  _sys_memory                   
2000040c  _lock                         
20000410  _unlock                       
20000414  hours                         
20000415  minutes                       
20000416  seconds                       
20000417  doButtons                     
20000418  buttonCount                   
2000041c  SystemCoreClock               
20000420  RXBuf                         
20000424  TXBuf                         
2000fe00  __stack                       
20010000  __STACK_END                   
4000480c  WDTCTL_SYM                    
ffffffff  __TI_pprof_out_hndl           
ffffffff  __TI_prof_data_size           
ffffffff  __TI_prof_data_start          
ffffffff  __binit__                     
ffffffff  __c_args__                    
ffffffff  binit                         
UNDEFED   __mpu_init                    
UNDEFED   _system_post_cinit            

[135 symbols]
